I/com.ganyo.pushtest(23128): register response: {"dataClient":null,"type":"device","uuid":"40fdcc21-434b-3354-ac1a-998b9685dba0","deviceModel":"SAMSUNG-SGH-I337","devicePlatform":"android","hello.notifier.id":"APA91bFxgTLXLtVVvcJfe32GWqHvy9SWT-0Rh8D40Xkb6CnsPH6AOpctbPQJEv7va5onEflv_sUcKQ7MZDKcE3DFwbp764Cc8JC_u6tt0VcDzTRAkgfVZ822LLD9KnSLIk-Nv8v9sOikdglgctMY18UAxd7giJjEuw","modified":1381954810668,"google.notifier.id":"APA91bFxgTLXLtVVvcJfe32GWqHvy9SWT-0Rh8D40Xkb6CnsPH6AOpctbPQJEv7va5onEflv_sUcKQ7MZDKcE3DFwbp764Cc8JC_u6tt0VcDzTRAkgfVZ822LLD9KnSLIk-Nv8v9sOikdglgctMY18UAxd7giJjEuw","notify.notifier.id":"APA91bFxgTLXLtVVvcJfe32GWqHvy9SWT-0Rh8D40Xkb6CnsPH6AOpctbPQJEv7va5onEflv_sUcKQ7MZDKcE3DFwbp764Cc8JC_u6tt0VcDzTRAkgfVZ822LLD9KnSLIk-Nv8v9sOikdglgctMY18UAxd7giJjEuw","created":1381785578562,"deviceOSVersion":"4.2.2","metadata":{"path":"/devices/40fdcc21-434b-3354-ac1a-998b9685dba0","collections":{"receipts":"/devices/40fdcc21-434b-3354-ac1a-998b9685dba0/receipts","users":"/devices/40fdcc21-434b-3354-ac1a-998b9685dba0/users"}},"refreshed":1381954808845}
I/com.ganyo.pushtest(23128): Device registered as: APA91bFxgTLXLtVVvcJfe32GWqHvy9SWT-0Rh8D40Xkb6CnsPH6AOpctbPQJEv7va5onEflv_sUcKQ7MZDKcE3DFwbp764Cc8JC_u6tt0VcDzTRAkgfVZ822LLD9KnSLIk-Nv8v9sOikdglgctMY18UAxd7giJjEuw
D/PowerManagerService(  739): [api] acquire WakeLock flags=0x30000006 tag=WakeLock uid=10190 pid=23128
D/dalvikvm(23128): GC_CONCURRENT freed 4184K, 22% free 20348K/25768K, paused 4ms+7ms, total 41ms
D/dalvikvm(23128): WAIT_FOR_CONCURRENT_GC blocked 32ms
D/PointerIcon(  739): setHoveringSpenIconStyle1 pointerType: 10001iconType:1 flag:0
D/PointerIcon(  739): setHoveringSpenCustomIcon IconType is same.1
V/WindowManager(  739): Window{42bcb700 u0 Keyguard}mOrientationRequetedFromKeyguard=false
D/PowerManagerService(  739): [api] release WakeLock flags=0x30000006 tag=WakeLock uid=10190 pid=23128 (0x0)
D/qdmemalloc(  212): ion: Mapped buffer base:0x46ac3000 size:8355840 fd:77
D/qdmemalloc(  212): ion: Mapped buffer base:0x40363000 size:4096 fd:81
I/SurfaceFlinger(  212): id=445(2) createSurf 0x4073fa4c (1x1),1 flag=4, Nessage
V/WindowManager(  739): Window{42bcb700 u0 Keyguard}mOrientationRequetedFromKeyguard=false
V/WindowManager(  739): Window{42bcb700 u0 Keyguard}mOrientationRequetedFromKeyguard=false
D/qdmemalloc(  212): ion: Mapped buffer base:0x475e9000 size:4595712 fd:64
D/qdmemalloc(  212): ion: Mapped buffer base:0x40018000 size:4096 fd:85
I/SurfaceFlinger(  212): id=446(3) createSurf 0x4074f224 (1x1),1 flag=4, Uoast
V/WindowManager(  739): Window{42bcb700 u0 Keyguard}mOrientationRequetedFromKeyguard=false
D/PowerManagerService(  739): [api] acquire WakeLock flags=0x2000000a tag=WindowManager uid=1000 pid=739
D/qdmemalloc(  212): ion: Mapped buffer base:0x47a4b000 size:1474560 fd:74
D/qdmemalloc(  212): ion: Mapped buffer base:0x4006e000 size:4096 fd:89
D/qdoverlay(  212): Unset pipe=VG0 dpy=0; Unset pipe=RGB1 dpy=0; 
D/qdmemalloc(  212): ion: Mapped buffer base:0x48648000 size:8355840 fd:34
D/qdmemalloc(  212): ion: Mapped buffer base:0x404ae000 size:4096 fd:67
E/MP-Decision( 1780): num online cores: 2 reqd : 1 available : 4 rq_depth:1.200000 hotplug_avg_load_dw: 14
E/MP-Decision( 1780): DOWN cpu:1 core_idx:1 Ns:1.100000 Ts:190 total_time_down:0.000000
D/STATUSBAR-NetworkController( 1021): onReceive() - RSSI_CHANGED_ACTION, WIFI_STATE, NETWORK_STATE
D/STATUSBAR-NetworkController( 1021): refreshSignalCluster: data=0 bt=false
I/wpa_supplicant( 1856): Scan requested (ret=0) - scan timeout 30 seconds
I/Monitor (  739): SIOP:: Current AP = 330, CP = 0
I/AmoledAdjustTimer(  739): prevTemp = 250, currTemp = 256, prevStep = 4, currStep = 4
D/Monitor (  739): SIOPLevel:: Name = Level0, ArmFreq = -1(-1), ArmCoreNum = -1, ChargeCurrent = -1, LCDBrightness = -1, Flash = false, ACL = false, Temp = -1, recordingStop = false
D/ExtSolo (23128): Wait for Button with id: com.ganyo.pushtest.R.id.sendButton
D/STATUSBAR-NetworkController( 1021): refreshSignalCluster: data=0 bt=false
D/qdmemalloc(  212): ion: Mapped buffer base:0x4a0ab000 size:4595712 fd:72
D/qdmemalloc(  212): ion: Mapped buffer base:0x4007c000 size:4096 fd:46
D/qdmemalloc(  212): ion: Mapped buffer base:0x4aa42000 size:4595712 fd:73
D/qdmemalloc(  212): ion: Mapped buffer base:0x40068000 size:4096 fd:90
E/QcrilMsgTunnelSocket(21185): IOExceptionjava.io.IOException: No such file or directoryReason: No such file or directory
D/BatteryService(  739): update start
D/STATUSBAR-NetworkController( 1021): refreshSignalCluster: data=0 bt=false
D/BatteryService(  739): level:88, scale:100, status:2, health:2, present:true, voltage: 4187, temperature: 256, technology: Li-ion, AC powered:false, USB powered:true, Wireless powered:false, icon:17303318, invalid charger:0, online:4, charge type:1, current avg:460
D/BatteryService(  739): Sending ACTION_BATTERY_CHANGED.
D/HeadsetStateMachine( 1499): Disconnected process message: 10
D/STATUSBAR-BatteryController( 1021): onReceive() - ACTION_BATTERY_CHANGED
D/STATUSBAR-BatteryController( 1021): onReceive() - BATTERY_STATUS_CHARGING:
D/STATUSBAR-PhoneStatusBar( 1021): NORMAL_BATTERY
D/STATUSBAR-NetworkController( 1021): refreshSignalCluster: data=0 bt=false
I/LSS-II: (  739): proc in:com.android.keychain,adj=15LRU num=86,i=42
I/LSS-II: (  739): proc in:com.sec.android.widgetapp.dualclockdigital,adj=15LRU num=86,i=39
I/LSS-II: (  739): proc in:com.sec.android.widgetapp.easyfavoritescontactswidget,adj=15LRU num=86,i=38
I/LSS-II: (  739): proc in:com.sec.android.app.tmserver,adj=15LRU num=86,i=30
D/STATUSBAR-NetworkController( 1021): onReceive() - RSSI_CHANGED_ACTION, WIFI_STATE, NETWORK_STATE
D/STATUSBAR-NetworkController( 1021): refreshSignalCluster: data=0 bt=false
I/SurfaceFlinger(  212): id=446 Removed Uoast (7/7)
I/SurfaceFlinger(  212): id=446 Removed Uoast (-2/7)
D/qdmemalloc(  212): ion: unmap_buffer base:0x0 size:1474560 offset:0 fd:74
D/qdmemalloc(  212): ion: unmap_buffer base:0x0 size:4096 offset:0 fd:89
D/PowerManagerService(  739): [api] [s] userActivity : event: 0 flags: 0 (uid: 1000 pid: 739)
D/PowerManagerService(  739): [api] release WakeLock flags=0x2000000a tag=WindowManager uid=1000 pid=739 (0x0)
I/wpa_supplicant( 1856): nl80211: Received scan results (36 BSSes)
I/wpa_supplicant( 1856): Autoscan values: base = 8 , limit = 128, interval = 128
D/Tethering(  739): interfaceLinkStateChanged wlan0, true
D/Tethering(  739): interfaceStatusChanged wlan0, true
I/WifiStateMachine(  739): There are no configured NW[0] in scanResults
I/WifiStateMachine(  739): There are no configured NW[2] in scanResults
I/WifiStateMachine(  739): There are no configured NW[3] in scanResults
I/LSS-II: (  739): proc in:com.google.android.gms,adj=15LRU num=86,i=42
E/QcrilMsgTunnelSocket(21185): IOExceptionjava.io.IOException: No such file or directoryReason: No such file or directory
V/AlarmManager(  739): waitForAlarm result :1
I/LSS-II: (  739): proc in:com.sec.android.widgetapp.ap.hero.accuweather,adj=9LRU num=86,i=33
I/LSS-II: (  739): proc in:com.google.android.youtube,adj=10LRU num=86,i=29
V/AlarmManager(  739): trigger ELAPSED_REALTIME_WAKEUP or RTC_WAKEUP
I/dalvikvm(22970): Total arena pages for JIT: 11
I/dalvikvm(22970): Total arena pages for JIT: 12
E/MP-Decision( 1780): num online cores: 1 reqd : 2 available : 4 rq_depth:1.500000 hotplug_avg_load_dw: 65
E/MP-Decision( 1780): UP cpu:1 core_idx:1 Nw:1.900000 Tw:140 total_time_up:0.000000
D/Finsky  (22970): [1] 5.onFinished: Installation state replication succeeded.
E/MP-Decision( 1780): num online cores: 2 reqd : 1 available : 4 rq_depth:0.300000 hotplug_avg_load_dw: 22
E/MP-Decision( 1780): DOWN cpu:1 core_idx:1 Ns:1.100000 Ts:190 total_time_down:194.000000
E/QcrilMsgTunnelSocket(21185): IOExceptionjava.io.IOException: No such file or directoryReason: No such file or directory
I/Monitor (  739): SIOP:: Current AP = 330, CP = 0
D/dalvikvm(23128): GC_CONCURRENT freed 870K, 21% free 20577K/25768K, paused 9ms+6ms, total 69ms
D/BatteryService(  739): update start
D/BatteryService(  739): level:88, scale:100, status:2, health:2, present:true, voltage: 4203, temperature: 256, technology: Li-ion, AC powered:false, USB powered:true, Wireless powered:false, icon:17303318, invalid charger:0, online:4, charge type:1, current avg:460
D/BatteryService(  739): Sending ACTION_BATTERY_CHANGED.
D/STATUSBAR-BatteryController( 1021): onReceive() - ACTION_BATTERY_CHANGED
D/STATUSBAR-BatteryController( 1021): onReceive() - BATTERY_STATUS_CHARGING:
D/STATUSBAR-PhoneStatusBar( 1021): NORMAL_BATTERY
D/HeadsetStateMachine( 1499): Disconnected process message: 10
D/STATUSBAR-NetworkController( 1021): onReceive() - RSSI_CHANGED_ACTION, WIFI_STATE, NETWORK_STATE
D/STATUSBAR-NetworkController( 1021): refreshSignalCluster: data=0 bt=false
E/QcrilMsgTunnelSocket(21185): IOExceptionjava.io.IOException: No such file or directoryReason: No such file or directory
D/STATUSBAR-NetworkController( 1021): onReceive() - RSSI_CHANGED_ACTION, WIFI_STATE, NETWORK_STATE
D/STATUSBAR-NetworkController( 1021): refreshSignalCluster: data=0 bt=false
E/Watchdog(  739): !@Sync 1269
E/QcrilMsgTunnelSocket(21185): IOExceptionjava.io.IOException: No such file or directoryReason: No such file or directory
D/STATUSBAR-NetworkController( 1021): onReceive() - RSSI_CHANGED_ACTION, WIFI_STATE, NETWORK_STATE
D/STATUSBAR-NetworkController( 1021): refreshSignalCluster: data=0 bt=false
I/Monitor (  739): SIOP:: Current AP = 330, CP = 0
D/ExtSolo (23128): Change activity to: MainActivity
E/QcrilMsgTunnelSocket(21185): IOExceptionjava.io.IOException: No such file or directoryReason: No such file or directory
D/ExtSolo (23128): Click on Button with text: OK
D/BatteryService(  739): update start
I/InputDispatcher(  739): Delivering touch to current input target: action: 0x0
I/InputDispatcher(  739): Delivering touch to current input target: action: 0x0
I/InputDispatcher(  739): Delivering touch to current input target: action: 0x0
I/InputDispatcher(  739): Delivering touch to current input target: action: 0x0
D/lights  (  739): button : 1 +
D/lights  (  739): button : 1 -
I/InputDispatcher(  739): Delivering touch to current input target: action: 0x1
I/InputDispatcher(  739): Delivering touch to current input target: action: 0x1
I/InputDispatcher(  739): Delivering touch to current input target: action: 0x1
I/InputDispatcher(  739): Delivering touch to current input target: action: 0x1
D/GestureDetector(23128): [Surface Touch Event] mSweepDown False, mLRSDCnt : -1 mTouchCnt : 2 mFalseSizeCnt:0
I/AudioPolicyManagerBase(  218): getSituationVolume: isBTConnected:0 isHeadConnected:0
V/AudioPolicyManagerBase(  218): getParamFromPolicy  deviceInt = 0, situationInt = 1, situationVolume = 0.800000
V/AudioPolicyManagerBase(  218): getOutput() stream 1, samplingRate 0, format 0, channelMask 3, flags 0
V/AudioPolicyManagerBase(  218): getOutputsForDevice device 0002 -> 0002
V/AudioPolicyManagerBase(  218): getOutput() returns output 2
V/AudioPolicyManagerBase(  218): getOutput() stream 1, samplingRate 0, format 0, channelMask 3, flags 0
V/AudioPolicyManagerBase(  218): getOutputsForDevice device 0002 -> 0002
V/AudioPolicyManagerBase(  218): getOutput() returns output 2
V/AudioPolicyManagerBase(  218): getOutput() stream 1, samplingRate 48000, format 1, channelMask 1, flags 4
V/AudioPolicyManagerBase(  218): getOutputsForDevice device 0002 -> 0002
V/AudioPolicyManagerBase(  218): getOutput() returns output 2
V/AudioPolicyManagerBase(  218): startOutput() output 2, stream 1, session 490
V/AudioPolicyManagerBase(  218): changeRefCount() stream 1, count 1
V/AudioPolicyManagerBase(  218): getNewDevice() selected device 2
V/AudioPolicyManagerBase(  218): setOutputDevice() output 2 device 0002 force 0 delayMs 0 
V/AudioPolicyManagerBase(  218): setOutputDevice() prevDevice 0002
V/AudioPolicyManagerBase(  218): setOutputDevice() setting same device 0002 or null device for output 2
D/ALSADevice(  218): route: devices 0x2 in mode 0
V/ALSADevice(  218): switchDevice: device 0x2 mode:0
V/ALSADevice(  218): getUCMDevice for output device: devices:2 is input device:0
V/ALSADevice(  218): getUCMDevice for input device: devices:0 is input device:1
D/ALSADevice(  218): No valid input device: 0
V/ALSADevice(  218): switchDevice,rxDev:Speaker, txDev:(null), curRxDev:Speaker, curTxDev:VR Main Mic
D/alsa_ucm(  218): snd_use_case_set(): uc_mgr 0x43904fe8 identifier _enadev value Speaker
D/ALSADevice(  218): switchDevice: mCurTxUCMDevivce VR Main Mic mCurRxDevDevice Speaker inCallDevSwitch = 0
V/ALSADevice(  218): switchDevice Done
D/alsa_ucm(  218): snd_use_case_set(): uc_mgr 0x43904fe8 identifier _verb value HiFi
D/alsa_ucm(  218): Set mixer controls for Speaker enable 1
D/alsa_ucm(  218): acdb_id 15 cap 1 enable 1
D/ACDB-LOADER(  218): ACDB -> send_audio_cal, acdb_id = 15, path =  0
D/ACDB-LOADER(  218): ACDB -> send_adm_topology
D/ACDB-LOADER(  218): ACDB -> ACDB_CMD_GET_AUDPROC_COMMON_TOPOLOGY_ID
D/ACDB-LOADER(  218): ACDB -> send_audtable
D/ACDB-LOADER(  218): ACDB -> ACDB_CMD_GET_AUDPROC_COMMON_TABLE
D/ACDB-LOADER(  218): ACDB -> AUDIO_SET_AUDPROC_CAL
D/ACDB-LOADER(  218): ACDB -> send_audvoltable
D/ACDB-LOADER(  218): ACDB -> ACDB_CMD_GET_AUDPROC_GAIN_DEP_VOLTBL_STEP_COPP
E/ACDB-LOADER(  218): Error: ACDB AudProc vol returned = -8
D/ACDB-LOADER(  218): ACDB -> AUDIO_SET_AUDPROC_VOL_CAL
D/ACDB-LOADER(  218): ACDB -> send_afe_cal
D/ACDB-LOADER(  218): ACDB -> ACDB_CMD_GET_AFE_COMMON_TABLE
D/ACDB-LOADER(  218): ACDB -> AUDIO_SET_AFE_CAL
D/alsa_ucm(  218): Setting mixer control: SLIM_0_RX Channels, value: Two
D/alsa_ucm(  218): Setting mixer control: RX5 MIX1 INP1, value: RX1
V/AudioPolicyManagerBase(  218): releaseOutput() 2
D/alsa_ucm(  218): Setting mixer control: RX5 MIX1 INP2, value: RX2
D/alsa_ucm(  218): Setting mixer control: RX6 DSM MUX, value: DSM_INV
D/alsa_ucm(  218): Setting multi value: LINEOUT2 Volume
D/alsa_ucm(  218): Setting multi value: LINEOUT4 Volume
D/alsa_ucm(  218): Setting multi value: RX5 Digital Volume
D/alsa_ucm(  218): Set mixer controls for HiFi enable 1
D/alsa_ucm(  218): Setting mixer control: SLIMBUS_0_RX Audio Mixer MultiMedia1, value: 1
D/ALSADevice(  218): close: handle 0x43a8cd40 h 0x0
D/ALSADevice(  218): open: handle 0x43a8cd40, format 0x2
V/ALSADevice(  218): Music case
D/ALSADevice(  218): Device value returned is hw:0,0
V/ALSADevice(  218): flags 0, devName hw:0,0
D/qdmemalloc(  212): ion: unmap_buffer base:0x0 size:4595712 offset:0 fd:72
D/qdmemalloc(  212): ion: unmap_buffer base:0x0 size:4096 offset:0 fd:46
D/qdmemalloc(  212): ion: unmap_buffer base:0x0 size:4595712 offset:0 fd:73
V/ALSADevice(  218): pcm_open returned fd 44
D/ALSADevice(  218): handle->format: 0x2
D/ALSADevice(  218): setHardwareParams: reqBuffSize 2048 channels 2 sampleRate 48000
D/qdmemalloc(  212): ion: unmap_buffer base:0x0 size:4096 offset:0 fd:90
D/ALSADevice(  218): setHardwareParams: buffer_size 16384, period_size 2048, period_cnt 8
D/qdmemalloc(  212): ion: Mapped buffer base:0x4a0ab000 size:4595712 fd:42
D/qdmemalloc(  212): ion: Mapped buffer base:0x4001c000 size:4096 fd:46
D/qdmemalloc(  212): ion: unmap_buffer base:0x0 size:4595712 offset:0 fd:64
D/qdmemalloc(  212): ion: unmap_buffer base:0x0 size:4096 offset:0 fd:85
D/ExtSolo (23128): Wait for Button with id: com.ganyo.pushtest.R.id.sendButton
D/PointerIcon(  739): setHoveringSpenIconStyle1 pointerType: 10001iconType:1 flag:0
D/PointerIcon(  739): setHoveringSpenCustomIcon IconType is same.1
E/ViewRootImpl(23128): sendUserActionEvent() mView == null
W/InputMethodManagerService(  739): Window already focused, ignoring focus gain of: com.android.internal.view.IInputMethodClient$Stub$Proxy@449c3e50 attribute=android.view.inputmethod.EditorInfo@449aac28, token = android.os.BinderProxy@44d99b70
E/SpannableStringBuilder(23128): SPAN_EXCLUSIVE_EXCLUSIVE spans cannot have a zero length
E/SpannableStringBuilder(23128): SPAN_EXCLUSIVE_EXCLUSIVE spans cannot have a zero length
V/AudioPolicyManagerBase(  218): stopOutput() output 2, stream 1, session 490
V/AudioPolicyManagerBase(  218): changeRefCount() stream 1, count 0
V/AudioPolicyManagerBase(  218): getNewDevice() selected device 0
V/AudioPolicyManagerBase(  218): setOutputDevice() output 2 device 0000 force 0 delayMs 192 
V/AudioPolicyManagerBase(  218): setOutputDevice() prevDevice 0002
V/AudioPolicyManagerBase(  218): setOutputDevice() setting same device 0000 or null device for output 2
E/MP-Decision( 1780): num online cores: 1 reqd : 2 available : 4 rq_depth:2.000000 hotplug_avg_load_dw: 47
E/MP-Decision( 1780): UP cpu:1 core_idx:1 Nw:1.900000 Tw:140 total_time_up:145.000000
D/qdoverlay(  212): Set pipe=RGB1 dpy=0; Set pipe=VG0 dpy=0; 
I/SurfaceFlinger(  212): id=445 Removed Nessage (3/6)
I/SurfaceFlinger(  212): id=445 Removed Nessage (-2/6)
D/qdmemalloc(  212): ion: unmap_buffer base:0x0 size:4595712 offset:0 fd:42
D/qdmemalloc(  212): ion: unmap_buffer base:0x0 size:4096 offset:0 fd:46
E/MP-Decision( 1780): num online cores: 2 reqd : 1 available : 4 rq_depth:0.000000 hotplug_avg_load_dw: 21
E/MP-Decision( 1780): DOWN cpu:1 core_idx:1 Ns:1.100000 Ts:190 total_time_down:238.000000
D/ExtSolo (23128): Log info in LogCat, tag: "automation debug", msg: "Found Send button and MainActivity"
I/automation debug(23128): Found Send button and MainActivity
D/qdoverlay(  212): Unset pipe=VG0 dpy=0; Unset pipe=RGB1 dpy=0; 
E/QcrilMsgTunnelSocket(21185): IOExceptionjava.io.IOException: No such file or directoryReason: No such file or directory
D/ALSADevice(  218): standby: handle 0x43a8cd40 h 0x0
V/ALSADevice(  218): standby handle h 0x43b751a8
D/alsa_ucm(  218): snd_use_case_set(): uc_mgr 0x43904fe8 identifier _verb value Inactive
D/alsa_ucm(  218): Set mixer controls for HiFi enable 0
D/alsa_ucm(  218): Setting mixer control: SLIMBUS_0_RX Audio Mixer MultiMedia1, value: 0
V/ALSADevice(  218): Number of modifiers 0
V/ALSADevice(  218): usecase_type is 0
D/alsa_ucm(  218): snd_use_case_set(): uc_mgr 0x43904fe8 identifier _disdev value VR Main Mic
D/alsa_ucm(  218): disdev: device VR Main Mic not enabled, no need to disable
D/alsa_ucm(  218): snd_use_case_set(): uc_mgr 0x43904fe8 identifier _disdev value Speaker
D/alsa_ucm(  218): Set mixer controls for Speaker enable 0
D/alsa_ucm(  218): Setting mixer control: RX5 MIX1 INP1, value: ZERO
D/alsa_ucm(  218): Setting mixer control: RX5 MIX1 INP2, value: ZERO
D/alsa_ucm(  218): Setting mixer control: LINEOUT2 Volume, value: 0
D/alsa_ucm(  218): Setting mixer control: LINEOUT4 Volume, value: 0
D/alsa_ucm(  218): Setting mixer control: RX5 Digital Volume, value: 0
D/dalvikvm(23128): GC_CONCURRENT freed 1221K, 21% free 20529K/25768K, paused 15ms+8ms, total 69ms
D/lights  (  739): button : 0 +
D/lights  (  739): button : 0 -
E/QcrilMsgTunnelSocket(21185): IOExceptionjava.io.IOException: No such file or directoryReason: No such file or directory
I/Monitor (  739): SIOP:: Current AP = 310, CP = 0
D/Monitor (  739): SIOPLevel:: Name = Level0, ArmFreq = -1(-1), ArmCoreNum = -1, ChargeCurrent = -1, LCDBrightness = -1, Flash = false, ACL = false, Temp = -1, recordingStop = false
I/AmoledAdjustTimer(  739): prevTemp = 256, currTemp = 256, prevStep = 4, currStep = 4
D/STATUSBAR-NetworkController( 1021): onReceive() - RSSI_CHANGED_ACTION, WIFI_STATE, NETWORK_STATE
D/STATUSBAR-NetworkController( 1021): refreshSignalCluster: data=0 bt=false
D/qdoverlay(  212): Set pipe=RGB1 dpy=0; Set pipe=VG0 dpy=0; 
D/BatteryService(  739): update start
D/BatteryService(  739): level:88, scale:100, status:2, health:2, present:true, voltage: 4202, temperature: 257, technology: Li-ion, AC powered:false, USB powered:true, Wireless powered:false, icon:17303318, invalid charger:0, online:4, charge type:1, current avg:460
D/BatteryService(  739): Sending ACTION_BATTERY_CHANGED.
D/HeadsetStateMachine( 1499): Disconnected process message: 10
D/STATUSBAR-BatteryController( 1021): onReceive() - ACTION_BATTERY_CHANGED
D/STATUSBAR-BatteryController( 1021): onReceive() - BATTERY_STATUS_CHARGING:
D/STATUSBAR-PhoneStatusBar( 1021): NORMAL_BATTERY
D/qdoverlay(  212): Unset pipe=VG0 dpy=0; Unset pipe=RGB1 dpy=0; 
E/QcrilMsgTunnelSocket(21185): IOExceptionjava.io.IOException: No such file or directoryReason: No such file or directory
E/kickstart( 1096): Total bytes received so far: 48
E/kickstart( 1096): EVENT: RECEIVED <-- SAHARA_HELLO
E/kickstart( 1096): EVENT: SENDING --> SAHARA_HELLO_RESPONSE
E/kickstart( 1096): EVENT: sahara_mode                         = 2
E/kickstart( 1096): EVENT: m_comm->sahara_hello_packet_rx.mode = 2
E/kickstart( 1096): EVENT: helloRx.mode                        = 2
E/kickstart( 1096): Total bytes received so far: 64
E/kickstart( 1096): EVENT: RECEIVED <-- SAHARA_MEMORY_DEBUG
E/kickstart( 1096): Total bytes received so far: 116
E/kickstart( 1096): EVENT: 0x46980000, len=000C0000, "m9kefs2", ""
E/kickstart( 1096): EVENT: STATE <-- SAHARA_WAIT_MEMORY_REGION
E/kickstart( 1096): EVENT: Saving "/dev/block/platform/msm_sdcc.1/by-name/m9kefs2"
E/kickstart( 1096): Total bytes received so far: 786548
E/kickstart( 1096): EVENT: Received: 786432 bytes
E/kickstart( 1096): EVENT: Writing to disk
E/kickstart( 1096): EVENT: Successfully wrote to disk
E/kickstart( 1096): Received file "m9kefs2"
E/kickstart( 1096): Sync finish Received file "m9kefs2"
E/kickstart( 1096): 786432 bytes transferred in 0.130s (5.78 MBps)
E/kickstart( 1096): EVENT: num_debug_entries not >=0
E/kickstart( 1096): Successfully downloaded files from target 
E/kickstart( 1096): EVENT: SENDING --> SAHARA_RESET
E/kickstart( 1096): Total bytes received so far: 786556
E/kickstart( 1096): EVENT: RECEIVED <-- SAHARA_RESET_RESP
E/kickstart( 1096): Sahara protocol completed
E/kickstart( 1096): EVENT: STATE <-- SAHARA_WAIT_HELLO
D/STATUSBAR-NetworkController( 1021): onReceive() - RSSI_CHANGED_ACTION, WIFI_STATE, NETWORK_STATE
D/STATUSBAR-NetworkController( 1021): refreshSignalCluster: data=0 bt=false
D/qdoverlay(  212): Set pipe=RGB1 dpy=0; Set pipe=VG0 dpy=0; 
E/QcrilMsgTunnelSocket(21185): IOExceptionjava.io.IOException: No such file or directoryReason: No such file or directory
D/qdoverlay(  212): Unset pipe=VG0 dpy=0; Unset pipe=RGB1 dpy=0; 
I/Monitor (  739): SIOP:: Current AP = 310, CP = 0
E/QcrilMsgTunnelSocket(21185): IOExceptionjava.io.IOException: No such file or directoryReason: No such file or directory
D/BatteryService(  739): update start
D/BatteryService(  739): level:88, scale:100, status:2, health:2, present:true, voltage: 4206, temperature: 257, technology: Li-ion, AC powered:false, USB powered:true, Wireless powered:false, icon:17303318, invalid charger:0, online:4, charge type:1, current avg:460
D/BatteryService(  739): Sending ACTION_BATTERY_CHANGED.
D/STATUSBAR-BatteryController( 1021): onReceive() - ACTION_BATTERY_CHANGED
D/STATUSBAR-BatteryController( 1021): onReceive() - BATTERY_STATUS_CHARGING:
D/STATUSBAR-PhoneStatusBar( 1021): NORMAL_BATTERY
D/HeadsetStateMachine( 1499): Disconnected process message: 10
I/TemperatureHumiditySensor(  739): Accuracy has been changed to 3
E/QcrilMsgTunnelSocket(21185): IOExceptionjava.io.IOException: No such file or directoryReason: No such file or directory
E/Watchdog(  739): !@Sync 1270
D/dalvikvm(23128): GC_CONCURRENT freed 1635K, 23% free 20084K/25768K, paused 17ms+2ms, total 53ms
D/STATUSBAR-NetworkController( 1021): onReceive() - RSSI_CHANGED_ACTION, WIFI_STATE, NETWORK_STATE
D/STATUSBAR-NetworkController( 1021): refreshSignalCluster: data=0 bt=false
D/qdoverlay(  212): Set pipe=RGB1 dpy=0; Set pipe=VG0 dpy=0; 
V/AlarmManager(  739): waitForAlarm result :8
V/AlarmManager(  739): ClockReceiver onReceive() ACTION_TIME_TICK
E/QcrilMsgTunnelSocket(21185): IOExceptionjava.io.IOException: No such file or directoryReason: No such file or directory
I/Monitor (  739): SIOP:: Current AP = 310, CP = 0
D/qdoverlay(  212): Unset pipe=VG0 dpy=0; Unset pipe=RGB1 dpy=0; 
V/AlarmManager(  739): waitForAlarm result :8
W/ThrottleService(  739): unable to find stats for iface rmnet0
E/QcrilMsgTunnelSocket(21185): IOExceptionjava.io.IOException: No such file or directoryReason: No such file or directory
V/AlarmManager(  739): waitForAlarm result :4
V/AlarmManager(  739): trigger ELAPSED_REALTIME_WAKEUP or RTC_WAKEUP
D/BatteryService(  739): update start
D/BatteryService(  739): level:88, scale:100, status:2, health:2, present:true, voltage: 4212, temperature: 257, technology: Li-ion, AC powered:false, USB powered:true, Wireless powered:false, icon:17303318, invalid charger:0, online:4, charge type:1, current avg:460
D/BatteryService(  739): Sending ACTION_BATTERY_CHANGED.
D/LightsService(  739): [SvcLED] SvcLEDReceiver
E/SensorManager(  739): thread start
D/SensorService(  739): info.rates.add, set DEFAULT_EVENTS_PERIOD
E/LightSensor(  739): Light old sensor_state 0, new sensor_state : 128 en : 1
D/SensorService(  739): SensorDevice::activating sensor handle=6 ns=200000000 
I/SensorService(  739): info.selectDelay() ns=200000000  
D/HeadsetStateMachine( 1499): Disconnected process message: 10
D/SensorService(  739): SensorDevice::setDelay, Return(true 1, false 0) =  1
D/SensorManager(  739): registerListener :: handle = 6  name= CM3323 RGB Sensor delay= 200000  
D/STATUSBAR-BatteryController( 1021): onReceive() - ACTION_BATTERY_CHANGED
D/STATUSBAR-BatteryController( 1021): onReceive() - BATTERY_STATUS_CHARGING:
D/STATUSBAR-PhoneStatusBar( 1021): NORMAL_BATTERY
W/ContextImpl(  739): Calling a method in the system process without a qualified user: android.app.ContextImpl.sendBroadcast:1323 com.android.server.am.ActivityManagerService.cleanUpApplicationRecordLocked:12344 com.android.server.am.ActivityManagerService.handleAppDiedLocked:3566 com.android.server.am.ActivityManagerService.appDiedLocked:3670 com.android.server.am.ActivityManagerService$AppDeathRecipient.binderDied:981 
D/SensorManager(  739): unregisterListener::  
E/LightSensor(  739): Light old sensor_state 128, new sensor_state : 0 en : 0
D/SensorService(  739): SensorDevice::activating sensor handle=6 ns=200000000 
D/LightsService(  739): [SvcLED] onSensorChanged::light value = 635
I/LightsService(  739): fileWriteInt : /sys/class/sec/led/led_lowpower  value : 0
D/lights  (  739): led_pattern : 0 +
D/lights  (  739): led_pattern : 0 -
D/LightsService(  739): [SvcLED] setSvcLedLightLocked : mSvcLedState : 0x0  priority : 6  mSvcLedMode : 0
E/QcrilMsgTunnelSocket(21185): IOExceptionjava.io.IOException: No such file or directoryReason: No such file or directory
D/STATUSBAR-NetworkController( 1021): refreshSignalCluster: data=0 bt=false
D/qdoverlay(  212): Set pipe=RGB1 dpy=0; Set pipe=VG0 dpy=0; 
D/STATUSBAR-NetworkController( 1021): refreshSignalCluster: data=0 bt=false
I/Monitor (  739): SIOP:: Current AP = 310, CP = 0
D/SELinux (23193): selinux_knoxprecontexthook:  Calling  selinux_knoxprecontexthook for uid: 10108 isSystemServer: 0 seinfo: untrusted pkgname com.vlingo.midas
W/ContextImpl(  739): Calling a method in the system process without a qualified user: android.app.ContextImpl.sendBroadcast:1323 com.android.server.am.ActivityManagerService.cleanUpApplicationRecordLocked:12344 com.android.server.am.ActivityManagerService.handleAppDiedLocked:3566 com.android.server.am.ActivityManagerService.appDiedLocked:3670 com.android.server.am.ActivityManagerService$AppDeathRecipient.binderDied:981 
W/ContextImpl(  739): Calling a method in the system process without a qualified user: android.app.ContextImpl.sendBroadcast:1323 com.android.server.am.ActivityManagerService.cleanUpApplicationRecordLocked:12344 com.android.server.am.ActivityManagerService.handleAppDiedLocked:3566 com.android.server.am.ActivityManagerService.appDiedLocked:3670 com.android.server.am.ActivityManagerService$AppDeathRecipient.binderDied:981 
I/LSS-II: (  739): proc in:com.sec.android.SimpleWidget,adj=15LRU num=84,i=41
W/ContextImpl(  739): Calling a method in the system process without a qualified user: android.app.ContextImpl.sendBroadcast:1323 com.android.server.am.ActivityManagerService.cleanUpApplicationRecordLocked:12344 com.android.server.am.ActivityManagerService.handleAppDiedLocked:3566 com.android.server.am.ActivityManagerService.appDiedLocked:3670 com.android.server.am.ActivityManagerService$AppDeathRecipient.binderDied:981 
W/ContextImpl(  739): Calling a method in the system process without a qualified user: android.app.ContextImpl.sendBroadcast:1323 com.android.server.am.ActivityManagerService.cleanUpApplicationRecordLocked:12344 com.android.server.am.ActivityManagerService.handleAppDiedLocked:3566 com.android.server.am.ActivityManagerService.appDiedLocked:3670 com.android.server.am.ActivityManagerService$AppDeathRecipient.binderDied:981 
E/MP-Decision( 1780): num online cores: 1 reqd : 2 available : 4 rq_depth:33.500000 hotplug_avg_load_dw: 42
E/MP-Decision( 1780): UP cpu:1 core_idx:1 Nw:1.900000 Tw:140 total_time_up:146.000000
W/ContextImpl(  739): Calling a method in the system process without a qualified user: android.app.ContextImpl.sendBroadcast:1323 com.android.server.am.ActivityManagerService.cleanUpApplicationRecordLocked:12344 com.android.server.am.ActivityManagerService.handleAppDiedLocked:3566 com.android.server.am.ActivityManagerService.appDiedLocked:3670 com.android.server.am.ActivityManagerService$AppDeathRecipient.binderDied:981 
E/MP-Decision( 1780): num online cores: 2 reqd : 3 available : 4 rq_depth:11.700000 hotplug_avg_load_dw: 102
E/MP-Decision( 1780): UP cpu:1 core_idx:1 Nw:1.900000 Tw:140 total_time_up:0.000000
E/MP-Decision( 1780): UP cpu:2 core_idx:2 Nw:2.700000 Tw:90 total_time_up:145.000000
W/ContextImpl(  739): Calling a method in the system process without a qualified user: android.app.ContextImpl.sendBroadcast:1323 com.android.server.am.ActivityManagerService.cleanUpApplicationRecordLocked:12344 com.android.server.am.ActivityManagerService.handleAppDiedLocked:3566 com.android.server.am.ActivityManagerService.appDiedLocked:3670 com.android.server.am.ActivityManagerService$AppDeathRecipient.binderDied:981 
I/VlingoApplication(23193): VlingoApplication appVersion ='11.0.0.1.20087'
E/MP-Decision( 1780): num online cores: 3 reqd : 2 available : 4 rq_depth:0.400000 hotplug_avg_load_dw: 52
E/MP-Decision( 1780): DOWN cpu:2 core_idx:2 Ns:2.100000 Ts:240 total_time_down:243.000000
E/MP-Decision( 1780): num online cores: 2 reqd : 1 available : 4 rq_depth:0.000000 hotplug_avg_load_dw: 4
E/MP-Decision( 1780): DOWN cpu:1 core_idx:1 Ns:1.100000 Ts:190 total_time_down:242.000000
D/dalvikvm(23128): GC_CONCURRENT freed 992K, 23% free 20084K/25768K, paused 10ms+2ms, total 56ms
E/QcrilMsgTunnelSocket(21185): IOExceptionjava.io.IOException: No such file or directoryReason: No such file or directory
V/GCMBroadcastReceiver(23128): onReceive: com.google.android.c2dm.intent.RECEIVE
V/GCMBroadcastReceiver(23128): GCM IntentService class: com.ganyo.pushtest.GCMIntentService
V/GCMBaseIntentService(23128): Acquiring wakelock
V/GCMBaseIntentService(23128): Intent service name: GCMIntentService-1045881103212-1
I/GCMBaseIntentService(23128): Received message: I just sent another notification
I/com.ganyo.pushtest(23128): I just sent another notification
D/PowerManagerService(  739): [api] acquire WakeLock flags=0x30000006 tag=WakeLock uid=10190 pid=23128
E/MP-Decision( 1780): num online cores: 1 reqd : 2 available : 4 rq_depth:5.100000 hotplug_avg_load_dw: 26
E/MP-Decision( 1780): UP cpu:1 core_idx:1 Nw:1.900000 Tw:140 total_time_up:141.000000
D/ContexualWidgetMonitor(  739): action =com.android.server.NotificationManagerService.NotificationArrived
D/ContexualWidgetMonitor(  739): pkg =null
W/ContextImpl(  739): Calling a method in the system process without a qualified user: android.app.ContextImpl.sendBroadcast:1337 com.android.server.StatusBarManagerService.sendNotification:179 com.android.server.StatusBarManagerService.updateNotification:796 com.android.server.NotificationManagerService.enqueueNotificationInternal:1285 com.android.server.NotificationManagerService.enqueueNotificationWithTag:1145 
D/STATUSBAR-StatusBarManagerService(  739): sendNotification(2) - 0
D/STATUSBAR-NotificationService(  739): enqueN playAsync Type=5
D/WindowOrientationListener(  739): enable register mbSContext: true
D/SContextService(  739): .registerCallback, used =1
D/SContextService(  739): 	.registerCallback : 3, client=android.view.WindowOrientationListener$SContextListenerImpl@42791588
D/SContextManager(  739):   .registerListener : service=Auto Rotation
V/WindowOrientationListener(  739): mSContextAutoRotationListener.getProposedRotation, mbResultFaceDectection: false
V/WindowOrientationListener(  739): mSContextAutoRotationListener.getProposedRotation, Rotation: -1
D/SensorManager(  739): get_motion_sensor
D/SensorManager(  739): JNI - get_motion_sensor
D/SensorService(  739): MotionSensor::activate (ident=0x7176aed8, enabled=1)
D/MotionEngine(  739): [MotionEngine]->Build Binary Type(user):0
D/MotionEngine(  739): [@@@ Motion Engine @@@] InitializeMotionManager ALLLLLLLLLLLLLLLLLLLLLLLLL
D/SensorManager(  739): registerListener :: handle = 1601008243  name= Motion Sensor delay= 0  
D/SensorManager(  739): control_motion_sensor
D/Sensors (  739): controlMotionSensor : Command = 4
D/SensorService(  739): info.rates.add, set DEFAULT_EVENTS_PERIOD
E/Sensors (  739): Acc old sensor_state 0, new sensor_state : 1 en : 1
D/SensorService(  739): SensorDevice::activating sensor handle=0 ns=200000000 
I/SensorService(  739): info.selectDelay() ns=20000000  
D/PointerIcon(  739): setHoveringSpenIconStyle1 pointerType: 10001iconType:1 flag:0
D/PointerIcon(  739): setHoveringSpenCustomIcon IconType is same.1
D/SensorService(  739): SensorDevice::setDelay, Return(true 1, false 0) =  1
D/SensorService(  739): SensorService :: controlMotionSensor = 4
D/SensorManager(  739): JNI - control_motion_sensor
D/SensorManager(  739): control_motion_sensor
D/Sensors (  739): controlMotionSensor : Command = 6
D/SensorService(  739): info.rates.add, set DEFAULT_EVENTS_PERIOD
E/Sensors (  739): Gyro old sensor_state 1, new sensor_state : 3 en : 1
D/SensorService(  739): SensorDevice::activating sensor handle=3 ns=200000000 
I/SensorService(  739): info.selectDelay() ns=20000000  
V/MediaPlayer-JNI( 1021): native_setup
V/MediaPlayer( 1021): constructor
D/MotionRecognitionService(  739):   .registerCallback : 1, motion_sensors=3, client= 
D/MotionRecognitionService(  739):   .checkSettingEngineEnabled : true
D/MotionRecognitionService(  739):   .initializeMotionEngine
V/MotionRecognitionService(  739):   .updateOrientation : rotation = -1
V/WindowManager(  739): Window{42bcb700 u0 Keyguard}mOrientationRequetedFromKeyguard=false
D/SensorService(  739): SensorDevice::setDelay, Return(true 1, false 0) =  1
D/SensorService(  739): SensorService :: controlMotionSensor = 6
D/SensorManager(  739): JNI - control_motion_sensor
V/MotionRecognitionManager(  739):   .registerListenerEvent : success. listener count = 0->1, motion_events=1,  
V/GCMBaseIntentService(23128): Releasing wakelock
V/MediaPlayer( 1021): setListener
V/MediaPlayer-JNI( 1021): setAudioStreamType: 5
V/MediaPlayer( 1021): MediaPlayer::setAudioStreamType
I/MediaPlayer( 1021): it is a Ringtone type is : 2
D/RingtoneManager( 1021): getActualDefaultRingtoneUri  type    :2
D/RingtoneManager( 1021): checkDefaultRingtoneProperUri : InternalMediaAudio uriString not null    type:2
I/STATUSBAR-NotificationService(  739): Reg. OverTurn
D/STATUSBAR-NotificationService(  739): Noti Alert - doVibrate true convertStoV=false
E/MP-Decision( 1780): num online cores: 2 reqd : 3 available : 4 rq_depth:4.700000 hotplug_avg_load_dw: 101
E/MP-Decision( 1780): UP cpu:1 core_idx:1 Nw:1.900000 Tw:140 total_time_up:0.000000
E/MP-Decision( 1780): UP cpu:2 core_idx:2 Nw:2.700000 Tw:90 total_time_up:96.000000
D/ProgressBar( 1021): setProgressDrawable mProgressDrawable = null, d = android.graphics.drawable.LayerDrawable@435ac7d0needUpdate = false
D/ProgressBar( 1021): setProgressDrawable drawableHeight = 18
D/ProgressBar( 1021): setProgress = 0
D/ProgressBar( 1021): setProgress = 0, fromUser = false
D/ProgressBar( 1021): mProgress = 0mIndeterminate = false, mMin = 0, mMax = 100
D/PowerManagerService(  739): [api] release WakeLock flags=0x30000006 tag=WakeLock uid=10190 pid=23128 (0x0)
I/MediaPlayer( 1021): It is a Not a DRM RingTone: return NULL
I/MediaPlayer( 1021): path is null
D/RingtoneManager(  739): getActualDefaultRingtoneUri  type    :2
D/RingtoneManager(  739): checkDefaultRingtoneProperUri : InternalMediaAudio uriString not null    type:2
V/MediaPlayer-JNI( 1021): setDataSourceFD: fd 87
V/MediaPlayer( 1021): setDataSource(87, 0, 576460752303423487)
V/MediaPlayerService(  218): Client(216) constructor
V/MediaPlayerService(  218): Create new client(216) from pid 1021, uid 10156, 
V/MediaPlayerService(  218): setDataSource fd=44, offset=0, length=576460752303423487
V/MediaPlayerService(  218): st_dev  = 45840
V/MediaPlayerService(  218): st_mode = 33188
V/MediaPlayerService(  218): st_uid  = 0
V/MediaPlayerService(  218): st_gid  = 0
V/MediaPlayerService(  218): st_size = 35106
V/MediaPlayerService(  218): calculated length = 35106
V/MediaPlayerService(  218): player type = 3
V/AwesomePlayer(  218): setDefault
V/AwesomePlayer(  218): constructor
V/AwesomePlayer(  218): setDefault
V/AwesomePlayer(  218): reset_l()
V/AwesomePlayer(  218): reset_l() while (mFlags & PREPARING) condition check
V/AwesomePlayer(  218): cancelPlayerEvents (keepNotifications=0)
V/AwesomePlayer(  218): mAudioTrackVector clear
V/AwesomePlayer(  218): reset_l() mAudioPlayer successfully deleted
V/AwesomePlayer(  218): mSecMediaClock clear
V/StagefrightPlayer(  218): StagefrightPlayer
V/AwesomePlayer(  218): setListener
V/StagefrightPlayer(  218): initCheck
V/AwesomePlayer(  218): AwesomePlayer running on behalf of uid 10156
V/AudioSink(  218): AudioOutput(491)
V/AwesomePlayer(  218): setAudioSink
V/StagefrightPlayer(  218): setDataSource(44, 0, 35106)
V/AwesomePlayer(  218): setDataSource (51, 0, 35106)
V/AwesomePlayer(  218): reset_l()
V/AwesomePlayer(  218): reset_l() while (mFlags & PREPARING) condition check
V/AwesomePlayer(  218): cancelPlayerEvents (keepNotifications=0)
V/AwesomePlayer(  218): mAudioTrackVector clear
V/AwesomePlayer(  218): reset_l() mAudioPlayer successfully deleted
V/AwesomePlayer(  218): mSecMediaClock clear
V/MediaExtractor(  218): Autodetected media content as 'application/ogg' with confidence 0.20
V/AwesomePlayer(  218): track of type 'audio/vorbis' does not publish bitrate
V/AwesomePlayer(  218): mBitrate = -1 bits/sec
W/AwesomePlayer(  218): couldn't get userdata - Weather
W/AwesomePlayer(  218): couldn't get userdata - Authorization 
W/AwesomePlayer(  218): couldn't get userdata - SnapShot 
W/AwesomePlayer(  218): couldn't get userdata - SMRD
V/AwesomePlayer(  218): current audio track index (0) is added to vector
V/AwesomePlayer(  218): setDataSource_l: Audio(1), Video(0)
I/AwesomePlayer(  218): AwesomePlayer::setDataSource_l():: This is not a DRM content
V/MediaPlayerService(  218):  setDataSource
V/MediaPlayerService(  218): [216] setParameter(1604)
V/StagefrightPlayer(  218): setParameter(key=1604)
V/AwesomePlayer(  218): setParameter key (1604)
V/AwesomePlayer(  218): Current Contet PID : 1021
V/MediaPlayerService(  218): [216] getParameter(1700)
V/MediaPlayer-JNI( 1021): setLooping: 0
V/MediaPlayer( 1021): MediaPlayer::setLooping
V/MediaPlayerService(  218): [216] setLooping(0)
V/StagefrightPlayer(  218): setLooping
V/AwesomePlayer(  218): setLooping (0)
I/SurfaceFlinger(  212): id=447(4) createSurf 0x4073fa4c (1x1),1 flag=4, Nessage
V/MediaPlayer( 1021): setVideoSurfaceTexture
V/MediaPlayerService(  218): [216] setVideoSurfaceTexture(0x0)
V/MediaPlayer( 1021): prepare
V/MediaPlayerService(  218): [216] setAudioStreamType(5)
V/MediaPlayerService(  218): [216] prepareAsync
V/AwesomePlayer(  218): prepareAsync
V/AwesomePlayer(  218): onPrepareAsyncEvent
I/SecMediaClock(  218): SecMediaClock constructor
I/SecMediaClock(  218): reset
V/AwesomePlayer(  218): initAudioDecoder
D/AwesomePlayer(  218): Tunnel Mime Type: audio/vorbis, object alive = 0, mTunnelAliveAP = 0
V/AudioPolicyManagerBase(  218): getNewDevice() selected device 0
I/AudioPolicyManagerBase(  218): ### curdevice : 2
D/AwesomePlayer(  218): initAudioDecoder() curDev : 2, channelCount : 2
D/AwesomePlayer(  218): Normal Audio Playback
I/OMXCodec(  218): OMXCodec::Create mime (audio/vorbis), flags (0), matchComponentName ((null)), createEncoder (0)
I/OMXCodec(  218): Attempting to allocate OMX node 'OMX.google.vorbis.decoder'
I/OMXCodec(  218): Successfully allocated OMX node 'OMX.google.vorbis.decoder'
I/OMXCodec(  218): [OMX.google.vorbis.decoder] OMXCodec::start mState=1
I/OMXCodec(  218): [OMX.google.vorbis.decoder] allocating 4 buffers of size 8192 on input port
I/OMXCodec(  218): [OMX.google.vorbis.decoder] allocating 4 buffers of size 32768 on output port
I/OMXCodec(  218): [OMX.google.vorbis.decoder] Now Idle. Component sends idle done Event 
V/AwesomePlayer(  218): finishAsyncPrepare_l
V/AwesomePlayer(  218): notifyListner_l() msg (5-MEDIA_SET_VIDEO_SIZE), ext1 (0), ext2 (0)
V/MediaPlayerService(  218): [216] notify (0x43b751a8, 5, 0, 0)
V/AwesomePlayer(  218): notifyListner_l() msg (1-MEDIA_PREPARED), ext1 (0), ext2 (0)
V/MediaPlayerService(  218): [216] notify (0x43b751a8, 1, 0, 0)
V/MediaPlayer( 1021): message received msg=5, ext1=0, ext2=0
V/MediaPlayer( 1021): New video size 0 x 0
V/MediaPlayer( 1021): callback application
V/MediaPlayer( 1021): back from callback
V/MediaPlayer( 1021): message received msg=1, ext1=0, ext2=0
V/MediaPlayer( 1021): prepared
V/MediaPlayer( 1021): signal application thread
V/MediaPlayer( 1021): callback application
V/MediaPlayer( 1021): back from callback
V/MediaPlayer( 1021): prepare complete - status=0
I/AudioService(  739):  AudioFocus  requestAudioFocus() from 1021 focusChangeHint:3
V/MediaPlayer-JNI( 1021): start
V/MediaPlayer( 1021): start
V/MediaPlayerService(  218): [216] setLooping(0)
V/StagefrightPlayer(  218): setLooping
V/AwesomePlayer(  218): setLooping (0)
V/MediaPlayerService(  218): [216] setVolume(1.000000, 1.000000)
V/AudioSink(  218): setVolume(1.000000, 1.000000)
V/WindowManager(  739): Window{42bcb700 u0 Keyguard}mOrientationRequetedFromKeyguard=false
D/STATUSBAR-NetworkController( 1021): refreshSignalCluster: data=0 bt=false
V/MediaPlayerService(  218): [216] setAuxEffectSendLevel(0.000000)
V/AudioSink(  218): setAuxEffectSendLevel(0.000000)
V/MediaPlayerService(  218): [216] start
V/StagefrightPlayer(  218): setLooping
V/AwesomePlayer(  218): setLooping (0)
V/StagefrightPlayer(  218): start
V/AwesomePlayer(  218): play
V/AwesomePlayer(  218): AwesomePlayer::play_l():: This is not a DRM content
W/AwesomePlayer(  218): Trying to create tunnel player mIsTunnelAudio 0,                         LPAPlayer::objectsAlive 0,                         TunnelPlayer::mTunnelObjectsAlive = 0,                        (mAudioPlayer == NULL) 1
V/AudioPolicyManagerBase(  218): getNewDevice() selected device 0
I/AudioPolicyManagerBase(  218): ### curdevice : 2
D/AwesomePlayer(  218): curDev : 2 before make new LPAPlayer
D/AwesomePlayer(  218): channelCount : 2
V/AwesomePlayer(  218): AudioPlayer created, Non-LPA mode mime audio/vorbis duration 2033469
V/AwesomePlayer(  218): startAudioPlayer_l, sendErrorNotification (0)
I/OMXCodec(  218): [OMX.google.vorbis.decoder] 0onCmdComplete  mState =  7
I/OMXCodec(  218): [OMX.google.vorbis.decoder] PORT_DISABLED(1)
I/OMXCodec(  218): [OMX.google.vorbis.decoder] allocating 4 buffers of size 32768 on output port
I/AudioPlayer(  218):  Audioplayer kKeyAudioPCMFormat:1, 2, 0
I/AudioPlayer(  218):  Audioplayer1 (2, 1)
D/AudioSink(  218): bufferCount (4) is too small and increased to 12
V/AudioSink(  218): open(44100, 2, 0x0, 1, 12, 491)
V/AudioPolicyManagerBase(  218): getOutput() stream 5, samplingRate 0, format 0, channelMask 3, flags 0
V/AudioPolicyManagerBase(  218): getOutputsForDevice device 0002 -> 0002
V/AudioPolicyManagerBase(  218): getOutput() returns output 2
V/AudioPolicyManagerBase(  218): getOutput() stream 5, samplingRate 0, format 0, channelMask 3, flags 0
V/AudioPolicyManagerBase(  218): getOutputsForDevice device 0002 -> 0002
V/AudioPolicyManagerBase(  218): getOutput() returns output 2
V/AudioPolicyManagerBase(  218): getOutput() stream 5, samplingRate 44100, format 1, channelMask 3, flags 0
V/AudioPolicyManagerBase(  218): getOutputsForDevice device 0002 -> 0002
V/AudioPolicyManagerBase(  218): getOutput() returns output 2
V/AudioSink(  218): setVolume
V/AudioPolicyManagerBase(  218): getOutput() stream 5, samplingRate 0, format 0, channelMask 3, flags 0
V/AudioPolicyManagerBase(  218): getOutputsForDevice device 0002 -> 0002
V/AudioPolicyManagerBase(  218): getOutput() returns output 2
V/AudioSink(  218): start
V/AudioPolicyManagerBase(  218): startOutput() output 2, stream 5, session 491
V/AudioPolicyManagerBase(  218): changeRefCount() stream 5, count 1
V/AudioPolicyManagerBase(  218): getNewDevice() selected device 2
V/AudioPolicyManagerBase(  218): setOutputDevice() output 2 device 0002 force 0 delayMs 0 
V/AudioPolicyManagerBase(  218): setOutputDevice() prevDevice 0002
V/AudioPolicyManagerBase(  218): setOutputDevice() setting same device 0002 or null device for output 2
I/AudioPlayer(  218): fillBuffer() delay (10996910351) us > 100000 us, request_size (11288)
D/ALSADevice(  218): route: devices 0x2 in mode 0
V/ALSADevice(  218): switchDevice: device 0x2 mode:0
V/ALSADevice(  218): getUCMDevice for output device: devices:2 is input device:0
V/ALSADevice(  218): getUCMDevice for input device: devices:0 is input device:1
D/ALSADevice(  218): No valid input device: 0
V/ALSADevice(  218): switchDevice,rxDev:Speaker, txDev:(null), curRxDev:Speaker, curTxDev:VR Main Mic
D/alsa_ucm(  218): snd_use_case_set(): uc_mgr 0x43904fe8 identifier _enadev value Speaker
D/ALSADevice(  218): switchDevice: mCurTxUCMDevivce VR Main Mic mCurRxDevDevice Speaker inCallDevSwitch = 0
V/ALSADevice(  218): switchDevice Done
D/alsa_ucm(  218): snd_use_case_set(): uc_mgr 0x43904fe8 identifier _verb value HiFi
D/alsa_ucm(  218): Set mixer controls for Speaker enable 1
D/alsa_ucm(  218): acdb_id 15 cap 1 enable 1
D/ACDB-LOADER(  218): ACDB -> send_audio_cal, acdb_id = 15, path =  0
D/ACDB-LOADER(  218): ACDB -> send_adm_topology
V/AwesomePlayer(  218): addBatteryData
D/ACDB-LOADER(  218): ACDB -> ACDB_CMD_GET_AUDPROC_COMMON_TOPOLOGY_ID
D/ACDB-LOADER(  218): ACDB -> send_audtable
D/ACDB-LOADER(  218): ACDB -> ACDB_CMD_GET_AUDPROC_COMMON_TABLE
D/ACDB-LOADER(  218): ACDB -> AUDIO_SET_AUDPROC_CAL
D/ACDB-LOADER(  218): ACDB -> send_audvoltable
D/ACDB-LOADER(  218): ACDB -> ACDB_CMD_GET_AUDPROC_GAIN_DEP_VOLTBL_STEP_COPP
E/ACDB-LOADER(  218): Error: ACDB AudProc vol returned = -8
D/ACDB-LOADER(  218): ACDB -> AUDIO_SET_AUDPROC_VOL_CAL
D/ACDB-LOADER(  218): ACDB -> send_afe_cal
D/ACDB-LOADER(  218): ACDB -> ACDB_CMD_GET_AFE_COMMON_TABLE
D/ACDB-LOADER(  218): ACDB -> AUDIO_SET_AFE_CAL
I/MediaPlayer( 1021): Don't send intent. msg.arg1 = 0, msg.arg2 = 0
D/alsa_ucm(  218): Setting mixer control: SLIM_0_RX Channels, value: Two
D/alsa_ucm(  218): Setting mixer control: RX5 MIX1 INP1, value: RX1
V/WindowManager(  739): Window{42bcb700 u0 Keyguard}mOrientationRequetedFromKeyguard=false
E/MP-Decision( 1780): num online cores: 3 reqd : 4 available : 4 rq_depth:4.500000 hotplug_avg_load_dw: 168
E/MP-Decision( 1780): UP cpu:1 core_idx:1 Nw:1.900000 Tw:140 total_time_up:0.000000
E/MP-Decision( 1780): UP cpu:2 core_idx:2 Nw:2.700000 Tw:90 total_time_up:0.000000
E/MP-Decision( 1780): UP cpu:3 core_idx:3 Nw:3.500000 Tw:90 total_time_up:143.000000
D/alsa_ucm(  218): Setting mixer control: RX5 MIX1 INP2, value: RX2
D/alsa_ucm(  218): Setting mixer control: RX6 DSM MUX, value: DSM_INV
D/alsa_ucm(  218): Setting multi value: LINEOUT2 Volume
D/alsa_ucm(  218): Setting multi value: LINEOUT4 Volume
D/alsa_ucm(  218): Setting multi value: RX5 Digital Volume
D/alsa_ucm(  218): Set mixer controls for HiFi enable 1
D/alsa_ucm(  218): Setting mixer control: SLIMBUS_0_RX Audio Mixer MultiMedia1, value: 1
D/ALSADevice(  218): close: handle 0x43a8cd40 h 0x0
D/ALSADevice(  218): open: handle 0x43a8cd40, format 0x2
V/ALSADevice(  218): Music case
D/ALSADevice(  218): Device value returned is hw:0,0
V/ALSADevice(  218): flags 0, devName hw:0,0
V/ALSADevice(  218): pcm_open returned fd 56
D/ALSADevice(  218): handle->format: 0x2
D/ALSADevice(  218): setHardwareParams: reqBuffSize 2048 channels 2 sampleRate 48000
D/qdmemalloc(  212): ion: Mapped buffer base:0x475fc000 size:2297856 fd:86
D/ALSADevice(  218): setHardwareParams: buffer_size 16384, period_size 2048, period_cnt 8
D/qdmemalloc(  212): ion: Mapped buffer base:0x40087000 size:4096 fd:89
I/SurfaceFlinger(  212): id=448(5) createSurf 0x40044adc (1x1),1 flag=4, Uoast
V/WindowManager(  739): Window{42bcb700 u0 Keyguard}mOrientationRequetedFromKeyguard=false
D/PowerManagerService(  739): [api] acquire WakeLock flags=0x2000000a tag=WindowManager uid=1000 pid=739
D/MotionEngine(  739): [EXEC CAMERA] INIT.......... 
E/AudioResampler(  218): Unsupported sample format, 1 bits, 2 channels
I/AudioResampler(  218): new MM resampler(44100 -> 48000, 2)
D/qdmemalloc(  212): ion: Mapped buffer base:0x42415000 size:475136 fd:73
D/qdmemalloc(  212): ion: Mapped buffer base:0x404b1000 size:4096 fd:92
D/qdoverlay(  212): Unset pipe=VG0 dpy=0; Unset pipe=RGB1 dpy=0; 
D/ExtSolo (23128): Wait for Button with text: OK
E/MP-Decision( 1780): num online cores: 4 reqd : 3 available : 4 rq_depth:0.400000 hotplug_avg_load_dw: 68
E/MP-Decision( 1780): DOWN cpu:3 core_idx:3 Ns:3.100000 Ts:240 total_time_down:243.000000
E/MP-Decision( 1780): num online cores: 3 reqd : 2 available : 4 rq_depth:1.200000 hotplug_avg_load_dw: 29
E/MP-Decision( 1780): DOWN cpu:2 core_idx:2 Ns:2.100000 Ts:240 total_time_down:241.000000
D/MotionEngine(  739): [MotionEngine] -> PR_MOVE -> Move Recognition Lv(2)
D/MotionEngine(  739): [@@@ Motion Engine @@@] Event num	71	Occured
