D/PointerIcon(  739): setHoveringSpenIconStyle1 pointerType: 10001iconType:1 flag:0
D/PointerIcon(  739): setHoveringSpenCustomIcon IconType is same.1
D/accuweather( 1462): [Accuweather J]>>> WCD:376 [0:0]  onFirstUpdate :: fU = false
D/accuweather( 1462): [Accuweather J]>>> WCD:456 [0:0]  onResume : fU = false, cnt =1
D/accuweather( 1462): [Accuweather J]>>> WCD:1171 [0:0] AR_S_T : 0
D/accuweather( 1462): [Accuweather J]>>> WCD:1220 [0:0] sAS
D/accuweather( 1462): [Accuweather J]>>> WCD:1227 [0:0] sAS : scroll = 0, size = 1
D/accuweather( 1462): [Accuweather J]>>> SWW:283 [0:0] hideMsg : mResumeInstnceList[0] = 1
D/accuweather( 1462): [Accuweather J]>>> WR:632 [0:0] hideMsg : -1, isShow = false
D/accuweather( 1462): [Accuweather J]>>> WR:638 [0:0] hideMsg : 0
D/accuweather( 1462): [Accuweather J]>>> WCD:469 [0:0]  onResume :: mFAR = false, cC = false, isa = true
D/accuweather( 1462): [Accuweather J]>>> WCD:187 [0:0] updateCityList
W/ContextImpl(  739): Calling a method in the system process without a qualified user: android.app.ContextImpl.sendBroadcast:1323 com.android.server.InputMethodManagerService$5.run:2252 java.lang.Thread.run:856 <bottom of call stack> <bottom of call stack> 
D/accuweather( 1462): [Accuweather J]>>> DBH:1591 [0:0] gADWI : count = 1
D/accuweather( 1462): [Accuweather J]>>> WR:357 [0:0] =============== updateTime = 1
D/accuweather( 1462): [Accuweather J]>>> SWW:552 [0:0]  registerTTReceiver ! 
D/accuweather( 1462): [Accuweather J]>>> WR:395 [0:0] onResume : 1
D/comsamsunglog( 1462): [Accuweather J]>>> ==============================================================================================
D/comsamsunglog( 1462): [Accuweather J]>>> widgetappapheroaccuweather [Version : 013040301] [ 1 ] 
D/comsamsunglog( 1462): [Accuweather J]>>> Header set to : ===> "accuweather" <===
D/comsamsunglog( 1462): [Accuweather J]>>> ==============================================================================================
D/SurfaceWidget.Renderer( 1462): [123490] SurfaceWidgetRenderer waiting done: 1 (Thread[Thread-70,5,main])
D/accuweather( 1462): [Accuweather J]>>> SM:896 [0:0] updateCurrentCityTime : [1]0/1
D/accuweather( 1462): [Accuweather J]>>> SM:1620 [0:0] drw 1nd Tm dt = Wed, Oct 16
E/MP-Decision( 1780): num online cores: 1 reqd : 3 available : 4 rq_depth:4.000000 hotplug_avg_load_dw: 51
E/MP-Decision( 1780): UP cpu:1 core_idx:1 Nw:1.900000 Tw:140 total_time_up:144.000000
E/MP-Decision( 1780): UP cpu:2 core_idx:2 Nw:2.700000 Tw:90 total_time_up:98.000000
D/accuweather( 1462): [Accuweather J]>>> SM:1653 [0:0] makeTimeText[1] time :Wed, Oct 16 1:20 PM, new :Wed, Oct 16 1:21 PM
D/qdmemalloc(  212): ion: Mapped buffer base:0x47457000 size:8355840 fd:64
I/LSS-II: (  739): proc out:com.sec.android.widgetapp.dualclockdigital,adj=0,i=80
I/LSS-II: (  739): proc in:com.sec.android.gallery3d,adj=13LRU num=81,i=39
D/qdmemalloc(  212): ion: Mapped buffer base:0x4004a000 size:4096 fd:89
D/accuweather( 1462): [Accuweather J]>>> SM:2903 [0:0] onR : isAni = false
D/accuweather( 1462): [Accuweather J]>>> SWW:497 [0:0] =================== , resume :1
D/dalvikvm( 1462): GC_FOR_ALLOC freed 2094K, 19% free 25805K/31616K, paused 20ms, total 21ms
E/MP-Decision( 1780): num online cores: 3 reqd : 4 available : 4 rq_depth:5.000000 hotplug_avg_load_dw: 213
E/MP-Decision( 1780): UP cpu:1 core_idx:1 Nw:1.900000 Tw:140 total_time_up:0.000000
E/MP-Decision( 1780): UP cpu:2 core_idx:2 Nw:2.700000 Tw:90 total_time_up:0.000000
E/MP-Decision( 1780): UP cpu:3 core_idx:3 Nw:3.500000 Tw:90 total_time_up:142.000000
I/LSS-II: (  739): proc out:com.sec.android.widgetapp.easyfavoritescontactswidget,adj=0,i=78
I/LSS-II: (  739): proc wait in:com.osp.app.signin,adj=11LRU num=81,i=50
D/accuweather( 1462): [Accuweather J]>>> SM:926 [0:0] updateCityAniType : mCityList.size():1 mCityIndex : 0
V/WindowManager(  739): Window{42bcb700 u0 Keyguard}mOrientationRequetedFromKeyguard=false
D/qdmemalloc(  212): ion: unmap_buffer base:0x0 size:8355840 offset:0 fd:32
D/qdmemalloc(  212): ion: unmap_buffer base:0x0 size:4096 offset:0 fd:59
D/qdmemalloc(  212): ion: unmap_buffer base:0x0 size:8355840 offset:0 fd:34
D/qdmemalloc(  212): ion: unmap_buffer base:0x0 size:4096 offset:0 fd:67
D/qdoverlay(  212): Set pipe=VG1 dpy=0; 
V/TaskCloserActivity(22524): TaskCloserActivity onReceive() - com.sec.android.intent.action.HOME_RESUME
V/WindowManager(  739): Window{42bcb700 u0 Keyguard}mOrientationRequetedFromKeyguard=false
I/LSS-II: (  739): proc cancel wait in:com.sec.android.widgetapp.programmonitorwidget,adj=0LRU num=81,i=78
D/qdoverlay(  212): Unset pipe=VG0 dpy=0; Unset pipe=VG1 dpy=0; Unset pipe=RGB1 dpy=0; 
D/qdmemalloc(  212): ion: Mapped buffer base:0x47c4f000 size:8355840 fd:41
I/LSS-II: (  739): proc wait in:com.sec.android.app.controlpanel,adj=9LRU num=81,i=68
I/LSS-II: (  739): proc wait in:com.google.android.googlequicksearchbox,adj=11LRU num=81,i=50
D/qdmemalloc(  212): ion: Mapped buffer base:0x404ae000 size:4096 fd:34
D/Mms/UIEventReceiver( 1842): ui event
I/LSS-II: (  739): proc out:com.sec.android.SimpleWidget,adj=0,i=79
I/LSS-II: (  739): proc in:com.google.android.apps.maps:FriendService,adj=13LRU num=81,i=39
I/LSS-II: (  739): proc wait in:com.google.android.apps.maps:LocationFriendService,adj=11LRU num=81,i=49
D/qdoverlay(  212): Set pipe=RGB1 dpy=0; Set pipe=VG0 dpy=0; Set pipe=VG1 dpy=0; 
E/MP-Decision( 1780): num online cores: 4 reqd : 2 available : 4 rq_depth:0.000000 hotplug_avg_load_dw: 34
E/MP-Decision( 1780): DOWN cpu:3 core_idx:3 Ns:3.100000 Ts:240 total_time_down:245.000000
E/MP-Decision( 1780): DOWN cpu:2 core_idx:2 Ns:2.100000 Ts:240 total_time_down:245.000000
I/power   (  739): *** release_dvfs_lock : lockType : 1 
D/CustomFrequencyManagerService(  739): releaseDVFSLockLocked : Getting Lock type frm List : DVFS_MIN_LIMIT  frequency : 1350000  uid : 1000  pid : 739  tag : ACTIVITY_RESUME_BOOSTER@5
W/ActivityManager(  739): mDVFSHelper.release()
E/MP-Decision( 1780): num online cores: 2 reqd : 1 available : 4 rq_depth:0.000000 hotplug_avg_load_dw: 26
E/MP-Decision( 1780): DOWN cpu:1 core_idx:1 Ns:1.100000 Ts:190 total_time_down:289.000000
I/SurfaceFlinger(  212): id=444 Removed NainActivit (4/6)
I/SurfaceFlinger(  212): id=444 Removed NainActivit (-2/6)
D/qdmemalloc(  212): ion: unmap_buffer base:0x0 size:8355840 offset:0 fd:77
D/qdmemalloc(  212): ion: unmap_buffer base:0x0 size:4096 offset:0 fd:81
D/BatteryService(  739): update start
D/BatteryService(  739): level:88, scale:100, status:2, health:2, present:true, voltage: 4177, temperature: 258, technology: Li-ion, AC powered:false, USB powered:true, Wireless powered:false, icon:17303318, invalid charger:0, online:4, charge type:1, current avg:460
D/BatteryService(  739): Sending ACTION_BATTERY_CHANGED.
D/HeadsetStateMachine( 1499): Disconnected process message: 10
D/STATUSBAR-BatteryController( 1021): onReceive() - ACTION_BATTERY_CHANGED
D/STATUSBAR-BatteryController( 1021): onReceive() - BATTERY_STATUS_CHARGING:
D/STATUSBAR-PhoneStatusBar( 1021): NORMAL_BATTERY
W/InputDispatcher(  739): Permission denied: injecting event from pid 23128 uid 10190 to window Window{449601c0 u0 com.sec.android.app.launcher/com.android.launcher2.Launcher} owned by uid 10046
W/InputManager(  739): Input event injection from pid 23128 permission denied.
E/Watchdog(  739): !@Sync 1271
D/dalvikvm(23128): GC_EXPLICIT freed 588K, 23% free 20076K/25768K, paused 6ms+6ms, total 60ms
D/dalvikvm(23128): GC_EXPLICIT freed 10K, 23% free 20065K/25768K, paused 9ms+3ms, total 42ms
I/TestRunner(23128): finished: testPushNotification(com.ganyo.pushtest.test.MainActivityTest)
I/TestRunner(23128): passed: testPushNotification(com.ganyo.pushtest.test.MainActivityTest)
D/AndroidRuntime(23112): Shutting down VM
D/dalvikvm(23112): GC_CONCURRENT freed 97K, 14% free 637K/736K, paused 0ms+0ms, total 3ms
I/ActivityManager(  739): Killing proc 23128:com.ganyo.pushtest/u0a10190: force stop com.ganyo.pushtest
W/ContextImpl(  739): Calling a method in the system process without a qualified user: android.app.ContextImpl.sendBroadcast:1323 com.android.server.am.ActivityManagerService.cleanUpApplicationRecordLocked:12344 com.android.server.am.ActivityManagerService.handleAppDiedLocked:3566 com.android.server.am.ActivityManagerService.removeProcessLocked:4771 com.android.server.am.ActivityManagerService.killPackageProcessesLocked:4549 
D/STATUSBAR-NetworkController( 1021): refreshSignalCluster: data=0 bt=false
D/STATUSBAR-NetworkController( 1021): refreshSignalCluster: data=0 bt=false
E/QcrilMsgTunnelSocket(21185): IOExceptionjava.io.IOException: No such file or directoryReason: No such file or directory
D/qdoverlay(  212): Unset pipe=VG0 dpy=0; Unset pipe=VG1 dpy=0; Unset pipe=RGB1 dpy=0; 
I/Monitor (  739): SIOP:: Current AP = 330, CP = 0
D/lights  (  739): button : 0 +
D/lights  (  739): button : 0 -
E/QcrilMsgTunnelSocket(21185): IOExceptionjava.io.IOException: No such file or directoryReason: No such file or directory
D/BatteryService(  739): update start
D/BatteryService(  739): level:88, scale:100, status:2, health:2, present:true, voltage: 4197, temperature: 258, technology: Li-ion, AC powered:false, USB powered:true, Wireless powered:false, icon:17303318, invalid charger:0, online:4, charge type:1, current avg:460
D/BatteryService(  739): Sending ACTION_BATTERY_CHANGED.
D/HeadsetStateMachine( 1499): Disconnected process message: 10
D/STATUSBAR-BatteryController( 1021): onReceive() - ACTION_BATTERY_CHANGED
D/STATUSBAR-BatteryController( 1021): onReceive() - BATTERY_STATUS_CHARGING:
D/STATUSBAR-PhoneStatusBar( 1021): NORMAL_BATTERY
E/QcrilMsgTunnelSocket(21185): IOExceptionjava.io.IOException: No such file or directoryReason: No such file or directory
D/STATUSBAR-NetworkController( 1021): onReceive() - RSSI_CHANGED_ACTION, WIFI_STATE, NETWORK_STATE
D/STATUSBAR-NetworkController( 1021): refreshSignalCluster: data=0 bt=false
D/qdoverlay(  212): Set pipe=RGB1 dpy=0; Set pipe=VG0 dpy=0; Set pipe=VG1 dpy=0; 
E/QcrilMsgTunnelSocket(21185): IOExceptionjava.io.IOException: No such file or directoryReason: No such file or directory
D/qdoverlay(  212): Unset pipe=VG0 dpy=0; Unset pipe=VG1 dpy=0; Unset pipe=RGB1 dpy=0; 
I/Monitor (  739): SIOP:: Current AP = 330, CP = 0
D/STATUSBAR-NetworkController( 1021): onReceive() - RSSI_CHANGED_ACTION, WIFI_STATE, NETWORK_STATE
D/STATUSBAR-NetworkController( 1021): refreshSignalCluster: data=0 bt=false
D/qdoverlay(  212): Set pipe=RGB1 dpy=0; Set pipe=VG0 dpy=0; Set pipe=VG1 dpy=0; 
D/qdoverlay(  212): Unset pipe=VG0 dpy=0; Unset pipe=VG1 dpy=0; Unset pipe=RGB1 dpy=0; 
E/QcrilMsgTunnelSocket(21185): IOExceptionjava.io.IOException: No such file or directoryReason: No such file or directory
D/STATUSBAR-NetworkController( 1021): onReceive() - RSSI_CHANGED_ACTION, WIFI_STATE, NETWORK_STATE
D/STATUSBAR-NetworkController( 1021): refreshSignalCluster: data=0 bt=false
D/qdoverlay(  212): Set pipe=RGB1 dpy=0; Set pipe=VG0 dpy=0; Set pipe=VG1 dpy=0; 
D/BatteryService(  739): update start
D/BatteryService(  739): level:88, scale:100, status:2, health:2, present:true, voltage: 4191, temperature: 259, technology: Li-ion, AC powered:false, USB powered:true, Wireless powered:false, icon:17303318, invalid charger:0, online:4, charge type:1, current avg:460
D/BatteryService(  739): Sending ACTION_BATTERY_CHANGED.
D/STATUSBAR-BatteryController( 1021): onReceive() - ACTION_BATTERY_CHANGED
D/STATUSBAR-BatteryController( 1021): onReceive() - BATTERY_STATUS_CHARGING:
D/STATUSBAR-PhoneStatusBar( 1021): NORMAL_BATTERY
D/HeadsetStateMachine( 1499): Disconnected process message: 10
D/qdoverlay(  212): Unset pipe=VG0 dpy=0; Unset pipe=VG1 dpy=0; Unset pipe=RGB1 dpy=0; 
E/QcrilMsgTunnelSocket(21185): IOExceptionjava.io.IOException: No such file or directoryReason: No such file or directory
I/Monitor (  739): SIOP:: Current AP = 330, CP = 0
E/QcrilMsgTunnelSocket(21185): IOExceptionjava.io.IOException: No such file or directoryReason: No such file or directory
D/STATUSBAR-NetworkController( 1021): onReceive() - RSSI_CHANGED_ACTION, WIFI_STATE, NETWORK_STATE
D/STATUSBAR-NetworkController( 1021): refreshSignalCluster: data=0 bt=false
D/qdoverlay(  212): Set pipe=RGB1 dpy=0; Set pipe=VG0 dpy=0; Set pipe=VG1 dpy=0; 
D/qdoverlay(  212): Unset pipe=VG0 dpy=0; Unset pipe=VG1 dpy=0; Unset pipe=RGB1 dpy=0; 
D/BatteryService(  739): update start
E/Watchdog(  739): !@Sync 1272
D/BatteryService(  739): level:88, scale:100, status:2, health:2, present:true, voltage: 4197, temperature: 259, technology: Li-ion, AC powered:false, USB powered:true, Wireless powered:false, icon:17303318, invalid charger:0, online:4, charge type:1, current avg:460
D/BatteryService(  739): Sending ACTION_BATTERY_CHANGED.
D/STATUSBAR-BatteryController( 1021): onReceive() - ACTION_BATTERY_CHANGED
D/STATUSBAR-BatteryController( 1021): onReceive() - BATTERY_STATUS_CHARGING:
D/STATUSBAR-PhoneStatusBar( 1021): NORMAL_BATTERY
D/HeadsetStateMachine( 1499): Disconnected process message: 10
E/QcrilMsgTunnelSocket(21185): IOExceptionjava.io.IOException: No such file or directoryReason: No such file or directory
D/STATUSBAR-NetworkController( 1021): onReceive() - RSSI_CHANGED_ACTION, WIFI_STATE, NETWORK_STATE
D/STATUSBAR-NetworkController( 1021): refreshSignalCluster: data=0 bt=false
D/qdoverlay(  212): Set pipe=RGB1 dpy=0; Set pipe=VG0 dpy=0; Set pipe=VG1 dpy=0; 
D/qdoverlay(  212): Unset pipe=VG0 dpy=0; Unset pipe=VG1 dpy=0; Unset pipe=RGB1 dpy=0; 
V/AlarmManager(  739): waitForAlarm result :8
V/AlarmManager(  739): ClockReceiver onReceive() ACTION_TIME_TICK
D/qdoverlay(  212): Set pipe=RGB1 dpy=0; Set pipe=VG0 dpy=0; Set pipe=VG1 dpy=0; 
D/accuweather( 1462): [Accuweather J]>>> SWW:566 [0:0] =============== BR act = androidintentactionTIME_TICK
D/accuweather( 1462): [Accuweather J]>>> SWW:603 [0:0] renderUpdateTime : [0] = 1
D/accuweather( 1462): [Accuweather J]>>> WR:357 [0:0] =============== updateTime = 1
D/accuweather( 1462): [Accuweather J]>>> SM:896 [0:0] updateCurrentCityTime : [1]0/1
D/accuweather( 1462): [Accuweather J]>>> SM:1620 [0:0] drw 1nd Tm dt = Wed, Oct 16
D/accuweather( 1462): [Accuweather J]>>> SM:1653 [0:0] makeTimeText[1] time :Wed, Oct 16 1:21 PM, new :Wed, Oct 16 1:22 PM
D/dalvikvm( 1462): GC_FOR_ALLOC freed 1902K, 19% free 25717K/31616K, paused 28ms, total 28ms
D/accuweather( 1462): [Accuweather J]>>> SM:926 [0:0] updateCityAniType : mCityList.size():1 mCityIndex : 0
D/qdmemalloc(  212): ion: Mapped buffer base:0x48447000 size:8355840 fd:85
D/qdmemalloc(  212): ion: Mapped buffer base:0x40363000 size:4096 fd:86
D/STATUSBAR-NetworkController( 1021): onReceive() - RSSI_CHANGED_ACTION, WIFI_STATE, NETWORK_STATE
D/STATUSBAR-NetworkController( 1021): refreshSignalCluster: data=0 bt=false
E/QcrilMsgTunnelSocket(21185): IOExceptionjava.io.IOException: No such file or directoryReason: No such file or directory
I/Monitor (  739): SIOP:: Current AP = 330, CP = 0
D/qdoverlay(  212): Unset pipe=VG0 dpy=0; Unset pipe=VG1 dpy=0; Unset pipe=RGB1 dpy=0; 
D/STATUSBAR-NetworkController( 1021): refreshSignalCluster: data=0 bt=false
D/qdoverlay(  212): Set pipe=RGB1 dpy=0; Set pipe=VG0 dpy=0; Set pipe=VG1 dpy=0; 
E/QcrilMsgTunnelSocket(21185): IOExceptionjava.io.IOException: No such file or directoryReason: No such file or directory
D/STATUSBAR-NetworkController( 1021): refreshSignalCluster: data=0 bt=false
D/qdoverlay(  212): Unset pipe=VG0 dpy=0; Unset pipe=VG1 dpy=0; Unset pipe=RGB1 dpy=0; 
D/BatteryService(  739): update start
D/BatteryService(  739): level:88, scale:100, status:2, health:2, present:true, voltage: 4198, temperature: 260, technology: Li-ion, AC powered:false, USB powered:true, Wireless powered:false, icon:17303318, invalid charger:0, online:4, charge type:1, current avg:460
D/BatteryService(  739): Sending ACTION_BATTERY_CHANGED.
D/STATUSBAR-BatteryController( 1021): onReceive() - ACTION_BATTERY_CHANGED
D/STATUSBAR-BatteryController( 1021): onReceive() - BATTERY_STATUS_CHARGING:
D/HeadsetStateMachine( 1499): Disconnected process message: 10
D/STATUSBAR-PhoneStatusBar( 1021): NORMAL_BATTERY
E/QcrilMsgTunnelSocket(21185): IOExceptionjava.io.IOException: No such file or directoryReason: No such file or directory
D/STATUSBAR-NetworkController( 1021): onReceive() - RSSI_CHANGED_ACTION, WIFI_STATE, NETWORK_STATE
D/STATUSBAR-NetworkController( 1021): refreshSignalCluster: data=0 bt=false
D/qdoverlay(  212): Set pipe=RGB1 dpy=0; Set pipe=VG0 dpy=0; Set pipe=VG1 dpy=0; 
I/Monitor (  739): SIOP:: Current AP = 330, CP = 0
D/qdoverlay(  212): Unset pipe=VG0 dpy=0; Unset pipe=VG1 dpy=0; Unset pipe=RGB1 dpy=0; 
D/STATUSBAR-NetworkController( 1021): onReceive() - RSSI_CHANGED_ACTION, WIFI_STATE, NETWORK_STATE
D/STATUSBAR-NetworkController( 1021): refreshSignalCluster: data=0 bt=false
D/qdoverlay(  212): Set pipe=RGB1 dpy=0; Set pipe=VG0 dpy=0; Set pipe=VG1 dpy=0; 
E/QcrilMsgTunnelSocket(21185): IOExceptionjava.io.IOException: No such file or directoryReason: No such file or directory
D/STATUSBAR-NetworkController( 1021): refreshSignalCluster: data=0 bt=false
D/STATUSBAR-NetworkController( 1021): refreshSignalCluster: data=0 bt=false
D/STATUSBAR-NetworkController( 1021): refreshSignalCluster: data=0 bt=false
D/BatteryService(  739): update start
E/QcrilMsgTunnelSocket(21185): IOExceptionjava.io.IOException: No such file or directoryReason: No such file or directory
D/BatteryService(  739): level:88, scale:100, status:2, health:2, present:true, voltage: 4197, temperature: 260, technology: Li-ion, AC powered:false, USB powered:true, Wireless powered:false, icon:17303318, invalid charger:0, online:4, charge type:1, current avg:460
D/BatteryService(  739): Sending ACTION_BATTERY_CHANGED.
D/HeadsetStateMachine( 1499): Disconnected process message: 10
D/STATUSBAR-BatteryController( 1021): onReceive() - ACTION_BATTERY_CHANGED
D/STATUSBAR-BatteryController( 1021): onReceive() - BATTERY_STATUS_CHARGING:
D/STATUSBAR-PhoneStatusBar( 1021): NORMAL_BATTERY
D/STATUSBAR-NetworkController( 1021): refreshSignalCluster: data=0 bt=false
D/STATUSBAR-NetworkController( 1021): onReceive() - RSSI_CHANGED_ACTION, WIFI_STATE, NETWORK_STATE
D/STATUSBAR-NetworkController( 1021): refreshSignalCluster: data=0 bt=false
D/qdoverlay(  212): Unset pipe=VG0 dpy=0; Unset pipe=VG1 dpy=0; Unset pipe=RGB1 dpy=0; 
D/STATUSBAR-NetworkController( 1021): refreshSignalCluster: data=0 bt=false
D/qdoverlay(  212): Set pipe=RGB1 dpy=0; Set pipe=VG0 dpy=0; Set pipe=VG1 dpy=0; 
D/STATUSBAR-NetworkController( 1021): refreshSignalCluster: data=0 bt=false
E/QcrilMsgTunnelSocket(21185): IOExceptionjava.io.IOException: No such file or directoryReason: No such file or directory
I/Monitor (  739): SIOP:: Current AP = 330, CP = 0
D/qdoverlay(  212): Unset pipe=VG0 dpy=0; Unset pipe=VG1 dpy=0; Unset pipe=RGB1 dpy=0; 
D/STATUSBAR-NetworkController( 1021): onReceive() - RSSI_CHANGED_ACTION, WIFI_STATE, NETWORK_STATE
D/STATUSBAR-NetworkController( 1021): refreshSignalCluster: data=0 bt=false
D/qdoverlay(  212): Set pipe=RGB1 dpy=0; Set pipe=VG0 dpy=0; Set pipe=VG1 dpy=0; 
D/qdoverlay(  212): Unset pipe=VG0 dpy=0; Unset pipe=VG1 dpy=0; Unset pipe=RGB1 dpy=0; 
I/wpa_supplicant( 1856): Scan requested (ret=0) - scan timeout 30 seconds
E/QcrilMsgTunnelSocket(21185): IOExceptionjava.io.IOException: No such file or directoryReason: No such file or directory
D/STATUSBAR-NetworkController( 1021): refreshSignalCluster: data=0 bt=false
D/qdoverlay(  212): Set pipe=RGB1 dpy=0; Set pipe=VG0 dpy=0; Set pipe=VG1 dpy=0; 
E/Watchdog(  739): !@Sync 1273
D/BatteryService(  739): update start
D/BatteryService(  739): level:88, scale:100, status:2, health:2, present:true, voltage: 4187, temperature: 260, technology: Li-ion, AC powered:false, USB powered:true, Wireless powered:false, icon:17303318, invalid charger:0, online:4, charge type:1, current avg:460
D/BatteryService(  739): Sending ACTION_BATTERY_CHANGED.
D/HeadsetStateMachine( 1499): Disconnected process message: 10
D/STATUSBAR-BatteryController( 1021): onReceive() - ACTION_BATTERY_CHANGED
D/STATUSBAR-BatteryController( 1021): onReceive() - BATTERY_STATUS_CHARGING:
D/STATUSBAR-PhoneStatusBar( 1021): NORMAL_BATTERY
D/STATUSBAR-NetworkController( 1021): refreshSignalCluster: data=0 bt=false
D/STATUSBAR-NetworkController( 1021): onReceive() - RSSI_CHANGED_ACTION, WIFI_STATE, NETWORK_STATE
D/STATUSBAR-NetworkController( 1021): refreshSignalCluster: data=0 bt=false
I/wpa_supplicant( 1856): nl80211: Received scan results (37 BSSes)
D/Tethering(  739): interfaceLinkStateChanged wlan0, true
D/Tethering(  739): interfaceStatusChanged wlan0, true
I/WifiStateMachine(  739): There are no configured NW[0] in scanResults
I/WifiStateMachine(  739): There are no configured NW[2] in scanResults
I/WifiStateMachine(  739): There are no configured NW[3] in scanResults
D/dalvikvm( 1280): GC_CONCURRENT freed 342K, 13% free 17484K/19920K, paused 3ms+2ms, total 43ms
E/QcrilMsgTunnelSocket(21185): IOExceptionjava.io.IOException: No such file or directoryReason: No such file or directory
D/qdoverlay(  212): Unset pipe=VG0 dpy=0; Unset pipe=VG1 dpy=0; Unset pipe=RGB1 dpy=0; 
D/STATUSBAR-NetworkController( 1021): onReceive() - RSSI_CHANGED_ACTION, WIFI_STATE, NETWORK_STATE
D/STATUSBAR-NetworkController( 1021): refreshSignalCluster: data=0 bt=false
D/qdoverlay(  212): Set pipe=RGB1 dpy=0; Set pipe=VG0 dpy=0; Set pipe=VG1 dpy=0; 
I/Monitor (  739): SIOP:: Current AP = 330, CP = 0
E/MP-Decision( 1780): num online cores: 1 reqd : 2 available : 4 rq_depth:2.100000 hotplug_avg_load_dw: 65
E/MP-Decision( 1780): UP cpu:1 core_idx:1 Nw:1.900000 Tw:140 total_time_up:49.000000
