--------- beginning of /dev/log/system
D/STATUSBAR-NetworkController( 1021): onReceive() - RSSI_CHANGED_ACTION, WIFI_STATE, NETWORK_STATE
D/STATUSBAR-NetworkController( 1021): refreshSignalCluster: data=0 bt=false
--------- beginning of /dev/log/main
D/qdoverlay(  212): Set pipe=RGB1 dpy=0; Set pipe=VG0 dpy=0; Set pipe=VG1 dpy=0; 
E/QcrilMsgTunnelSocket(21185): IOExceptionjava.io.IOException: No such file or directoryReason: No such file or directory
E/Watchdog(  739): !@Sync 1268
D/qdoverlay(  212): Unset pipe=VG0 dpy=0; Unset pipe=VG1 dpy=0; Unset pipe=RGB1 dpy=0; 
D/STATUSBAR-NetworkController( 1021): onReceive() - RSSI_CHANGED_ACTION, WIFI_STATE, NETWORK_STATE
D/STATUSBAR-NetworkController( 1021): refreshSignalCluster: data=0 bt=false
D/qdoverlay(  212): Set pipe=RGB1 dpy=0; Set pipe=VG0 dpy=0; Set pipe=VG1 dpy=0; 
V/AlarmManager(  739): waitForAlarm result :8
V/AlarmManager(  739): ClockReceiver onReceive() ACTION_TIME_TICK
D/accuweather( 1462): [Accuweather J]>>> SWW:566 [0:0] =============== BR act = androidintentactionTIME_TICK
D/accuweather( 1462): [Accuweather J]>>> SWW:603 [0:0] renderUpdateTime : [0] = 1
D/accuweather( 1462): [Accuweather J]>>> WR:357 [0:0] =============== updateTime = 1
D/accuweather( 1462): [Accuweather J]>>> SM:896 [0:0] updateCurrentCityTime : [1]0/1
D/accuweather( 1462): [Accuweather J]>>> SM:1620 [0:0] drw 1nd Tm dt = Wed, Oct 16
D/accuweather( 1462): [Accuweather J]>>> SM:1653 [0:0] makeTimeText[1] time :Wed, Oct 16 1:19 PM, new :Wed, Oct 16 1:20 PM
D/dalvikvm( 1462): GC_FOR_ALLOC freed 2221K, 19% free 25805K/31616K, paused 29ms, total 29ms
D/accuweather( 1462): [Accuweather J]>>> SM:926 [0:0] updateCityAniType : mCityList.size():1 mCityIndex : 0
E/QcrilMsgTunnelSocket(21185): IOExceptionjava.io.IOException: No such file or directoryReason: No such file or directory
D/AndroidRuntime(22846): 
D/AndroidRuntime(22846): >>>>>> AndroidRuntime START com.android.internal.os.RuntimeInit <<<<<<
D/AndroidRuntime(22846): CheckJNI is OFF
D/AndroidRuntime(22846): setted country_code = USA
D/AndroidRuntime(22846): setted countryiso_code = US
D/AndroidRuntime(22846): setted sales_code = ATT
D/AndroidRuntime(22846): pLocation:automatic, pLang: , pRegn: 
D/AndroidRuntime(22846): pLocation(NoSIM):english_us, pLang: en, pRegn: US
D/AndroidRuntime(22846): readGMSProperty: start
D/AndroidRuntime(22846): readGMSProperty: already setted!!
D/AndroidRuntime(22846): readGMSProperty: end
D/AndroidRuntime(22846): addProductProperty: start
D/dalvikvm(22846): Trying to load lib libjavacore.so 0x0
D/dalvikvm(22846): Added shared lib libjavacore.so 0x0
D/dalvikvm(22846): Trying to load lib libnativehelper.so 0x0
D/dalvikvm(22846): Added shared lib libnativehelper.so 0x0
E/MP-Decision( 1780): num online cores: 1 reqd : 2 available : 4 rq_depth:1.100000 hotplug_avg_load_dw: 64
E/MP-Decision( 1780): UP cpu:1 core_idx:1 Nw:1.900000 Tw:140 total_time_up:0.000000
D/dalvikvm(22846): Note: class Landroid/app/ActivityManagerNative; has 169 unimplemented (abstract) methods
D/AndroidRuntime(22846): Calling main entry com.android.commands.pm.Pm
W/LicenseLogService(  739): log() is called by non admin
D/SELinux (22860): selinux_knoxprecontexthook:  Calling  selinux_knoxprecontexthook for uid: 10034 isSystemServer: 0 seinfo: platform pkgname com.android.defcontainer
I/LSS-II: (  739): proc in:com.google.android.partnersetup,adj=13LRU num=74,i=36
I/HarmonyEASService(  739): Updating for all 1
I/PackageManager(  739): Copying native libraries to /data/app-lib/vmdl-1891620900
I/Monitor (  739): SIOP:: Current AP = 310, CP = 0
W/LicenseLogService(  739): log() is called by non admin
I/PackageManager(  739): Removing non-system package:com.ganyo.pushtest.test
W/PackageManager(  739): verifying app can be installed or not
E/installd(  220): ECS_ECS: * do_linklib  pkg [com.ganyo.pushtest.test]
E/installd(  220): ECS_ECS: do_linklib Normal package
E/installd(  220): ECS_ECS: Restting the data Path to -data-  ret [0]
E/installd(  220): ECS_ECS: * do_dexopt  pkg [/data/app/com.ganyo.pushtest.test-1.apk]
E/installd(  220): ECS_ECS: do_dexopt Normal package
W/PackageManager(  739): SELinuxMMAC.assignSeinfoValue
I/PackageManager(  739): Package com.ganyo.pushtest.test codePath changed from /data/app/com.ganyo.pushtest.test-2.apk to /data/app/com.ganyo.pushtest.test-1.apk; Retaining data and using new
I/HarmonyEASService(  739): Updating for all 1
D/dalvikvm(22874): DexOpt: load 21ms, verify+opt 88ms, 674356 bytes
E/installd(  220): ECS_ECS: Restting the data Path to -data-  ret [0]
W/PackageManager(  739): Code path for pkg : com.ganyo.pushtest.test changing from /data/app/com.ganyo.pushtest.test-2.apk to /data/app/com.ganyo.pushtest.test-1.apk
W/PackageManager(  739): Resource path for pkg : com.ganyo.pushtest.test changing from /data/app/com.ganyo.pushtest.test-2.apk to /data/app/com.ganyo.pushtest.test-1.apk
E/installd(  220): ECS_ECS: * do_move_dex  pkg [/data/app/com.ganyo.pushtest.test-1.apk]
E/installd(  220): ECS_ECS: do_move_dex Normal package
E/installd(  220): ECS_ECS: Restting the data Path to -data-  ret [0]
E/MP-Decision( 1780): num online cores: 2 reqd : 3 available : 4 rq_depth:6.500000 hotplug_avg_load_dw: 83
E/MP-Decision( 1780): UP cpu:1 core_idx:1 Nw:1.900000 Tw:140 total_time_up:0.000000
E/MP-Decision( 1780): UP cpu:2 core_idx:2 Nw:2.700000 Tw:90 total_time_up:98.000000
D/ContainerEventsRelayManager( 1161): <<< Intent action is >>> : android.intent.action.PACKAGE_REMOVED
D/ContainerEventsRelayManager( 1161): <<< Intent data is   >>> : package:com.ganyo.pushtest.test
I/InputReader(  739): Reconfiguring input devices.  changes=0x00000010
I/LSS-II: (  739): proc out:com.sec.esdk.elm,adj=0,i=73
I/LSS-II: (  739): proc in:com.google.android.googlequicksearchbox,adj=13LRU num=74,i=36
I/elm     ( 4683): MainReceiver.onReceive() : android.intent.action.PACKAGE_REMOVED
D/elm     ( 4683): MainReceiver.listeningToPackageRemoved()
D/elm     ( 4683): MainReceiver.listeningToPackageRemoved(). PACKAGE getAction:android.intent.action.PACKAGE_REMOVED, getData:package:com.ganyo.pushtest.test, getSchemeSpecificPart:com.ganyo.pushtest.test
D/elm     ( 4683): MDMBridge.getInstance()
D/elm     ( 4683): MDMBridge.getAllLicenseInfoFromSDK()
I/elm     ( 4683): MainReceiver.onReceive() END - - - - - : android.intent.action.PACKAGE_REMOVED
D/elm     ( 4683): ElmAgentService : onStartCommand()
D/elm     ( 4683): ElmAgentService : onStartCommand() : intent is not null
E/MP-Decision( 1780): num online cores: 3 reqd : 4 available : 4 rq_depth:4.100000 hotplug_avg_load_dw: 149
E/MP-Decision( 1780): UP cpu:1 core_idx:1 Nw:1.900000 Tw:140 total_time_up:0.000000
E/MP-Decision( 1780): UP cpu:2 core_idx:2 Nw:2.700000 Tw:90 total_time_up:0.000000
E/MP-Decision( 1780): UP cpu:3 core_idx:3 Nw:3.500000 Tw:90 total_time_up:144.000000
D/ContainerEventsRelayManager( 1161): <<< Intent action is >>> : android.intent.action.PACKAGE_ADDED
D/ContainerEventsRelayManager( 1161): <<< Intent data is   >>> : package:com.ganyo.pushtest.test
I/InputReader(  739): Reconfiguring input devices.  changes=0x00000010
I/HarmonyEASService(  739): onReceive : android.intent.action.PACKAGE_REMOVED for 0
D/dalvikvm( 2221): GC_CONCURRENT freed 323K, 15% free 17009K/19880K, paused 1ms+2ms, total 20ms
D/qdoverlay(  212): Unset pipe=VG0 dpy=0; Unset pipe=VG1 dpy=0; Unset pipe=RGB1 dpy=0; 
D/SELinux (22883): selinux_knoxprecontexthook:  Calling  selinux_knoxprecontexthook for uid: 10023 isSystemServer: 0 seinfo: samsung pkgname com.sec.android.service.cm
D/dalvikvm( 1548): GC_CONCURRENT freed 435K, 12% free 17324K/19644K, paused 4ms+2ms, total 19ms
I/LSS-II: (  739): proc wait in:com.sec.android.app.tmserver,adj=11LRU num=74,i=44
I/LSS-II: (  739): proc in:com.android.chrome,adj=13LRU num=74,i=36
D/ContainerEventsRelayManager( 1161): <<< Intent action is >>> : android.intent.action.PACKAGE_REPLACED
D/ContainerEventsRelayManager( 1161): <<< Intent data is   >>> : package:com.ganyo.pushtest.test
D/STATUSBAR-NetworkController( 1021): onReceive() - RSSI_CHANGED_ACTION, WIFI_STATE, NETWORK_STATE
D/STATUSBAR-NetworkController( 1021): refreshSignalCluster: data=0 bt=false
W/InputMethodManagerService(  739): Found no subtypes in a system IME: com.sec.android.inputmethod
D/qdoverlay(  212): Set pipe=RGB1 dpy=0; Set pipe=VG0 dpy=0; Set pipe=VG1 dpy=0; 
D/CapabilityManagerService(22883): Receiver Broadcast:android.intent.action.PACKAGE_REMOVED
D/CapabilityManagerService(22883): The package(com.ganyo.pushtest.test) updated
I/LSS-II: (  739): proc out:com.sec.chaton,adj=0,i=74
I/LSS-II: (  739): proc wait in:com.sec.android.widgetapp.easyfavoritescontactswidget,adj=11LRU num=75,i=52
D/dalvikvm( 1548): GC_CONCURRENT freed 397K, 12% free 17322K/19644K, paused 2ms+1ms, total 21ms
D/SELinux (22897): selinux_knoxprecontexthook:  Calling  selinux_knoxprecontexthook for uid: 1000 isSystemServer: 0 seinfo: platform pkgname com.samsung.android.app.filterinstaller
I/LSS-II: (  739): proc wait in:com.sec.android.widgetapp.programmonitorwidget,adj=11LRU num=75,i=53
I/LSS-II: (  739): proc in:com.google.android.apps.uploader,adj=13LRU num=76,i=37
W/ContextImpl(22897): Calling a method in the system process without a qualified user: android.app.ContextImpl.startService:1643 android.content.ContextWrapper.startService:457 android.content.ContextWrapper.startService:457 com.samsung.android.app.filterinstaller.PackageIntentReceiver.onReceive:41 android.app.ActivityThread.handleReceiver:2442 
D/ECS_EnterpriseContainerService(  739): <<< Intent action is >>> : android.intent.action.PACKAGE_ADDED
D/ECS_EnterpriseContainerService(  739): <<< Intent data is   >>> : package:com.ganyo.pushtest.test
I/ECS_EnterpriseContainerService(  739): Inside package added listener
D/ECS_EnterpriseContainerService(  739): <<< Intent action is >>> : android.intent.action.PACKAGE_REPLACED
D/ECS_EnterpriseContainerService(  739): <<< Intent data is   >>> : package:com.ganyo.pushtest.test
I/ECS_EnterpriseContainerService(  739): Inside package added listener
I/LSS-II: (  739): proc in:com.google.android.apps.plus,adj=13LRU num=76,i=37
D/SELinux (22910): selinux_knoxprecontexthook:  Calling  selinux_knoxprecontexthook for uid: 10060 isSystemServer: 0 seinfo: untrusted pkgname com.google.android.gms
D/dalvikvm(  213): GC_EXPLICIT freed 42K, 8% free 16738K/18016K, paused 3ms+3ms, total 30ms
D/dalvikvm( 1518): GC_EXPLICIT freed 179K, 8% free 16868K/18284K, paused 3ms+10ms, total 60ms
D/dalvikvm(  213): GC_EXPLICIT freed <1K, 8% free 16738K/18016K, paused 2ms+2ms, total 24ms
D/dalvikvm(  213): GC_EXPLICIT freed <1K, 8% free 16738K/18016K, paused 3ms+2ms, total 22ms
D/SELinux (22923): selinux_knoxprecontexthook:  Calling  selinux_knoxprecontexthook for uid: 1000 isSystemServer: 0 seinfo: platform pkgname com.android.keychain
I/LSS-II: (  739): proc wait in:com.sec.android.widgetapp.dualclockdigital,adj=11LRU num=78,i=54
D/dalvikvm(  739): GC_EXPLICIT freed 8464K, 17% free 65277K/78468K, paused 5ms+20ms, total 318ms
D/AndroidRuntime(22846): Shutting down VM
D/dalvikvm(22846): GC_CONCURRENT freed 93K, 14% free 628K/724K, paused 0ms+0ms, total 4ms
I/CrashAnrDetector(  739): onPackageUpdateFinished : com.ganyo.pushtest.test
E/MP-Decision( 1780): num online cores: 4 reqd : 2 available : 4 rq_depth:0.900000 hotplug_avg_load_dw: 49
E/MP-Decision( 1780): DOWN cpu:3 core_idx:3 Ns:3.100000 Ts:240 total_time_down:243.000000
E/MP-Decision( 1780): DOWN cpu:2 core_idx:2 Ns:2.100000 Ts:240 total_time_down:243.000000
D/BatteryService(  739): update start
D/BatteryService(  739): level:88, scale:100, status:2, health:2, present:true, voltage: 4180, temperature: 256, technology: Li-ion, AC powered:false, USB powered:true, Wireless powered:false, icon:17303318, invalid charger:0, online:4, charge type:1, current avg:460
D/BatteryService(  739): Sending ACTION_BATTERY_CHANGED.
D/HeadsetStateMachine( 1499): Disconnected process message: 10
D/STATUSBAR-BatteryController( 1021): onReceive() - ACTION_BATTERY_CHANGED
D/STATUSBAR-BatteryController( 1021): onReceive() - BATTERY_STATUS_CHARGING:
D/STATUSBAR-PhoneStatusBar( 1021): NORMAL_BATTERY
W/ContextImpl(22923): Calling a method in the system process without a qualified user: android.app.ContextImpl.startService:1643 android.content.ContextWrapper.startService:457 android.content.ContextWrapper.startService:457 com.android.keychain.KeyChainBroadcastReceiver.onReceive:12 android.app.ActivityThread.handleReceiver:2442 
D/SELinux (22957): selinux_knoxprecontexthook:  Calling  selinux_knoxprecontexthook for uid: 10087 isSystemServer: 0 seinfo: release pkgname com.android.musicfx
I/LSS-II: (  739): proc wait in:com.sec.android.SimpleWidget,adj=11LRU num=79,i=56
D/SELinux (22970): selinux_knoxprecontexthook:  Calling  selinux_knoxprecontexthook for uid: 10099 isSystemServer: 0 seinfo: untrusted pkgname com.android.vending
W/LicenseLogService(  739): log() is called by non admin
W/LicenseLogService(  739): log() is called by non admin
W/LicenseLogService(  739): log() is called by non admin
D/Finsky  (22970): [1] FinskyApp.onCreate: Initializing network with DFE https://android.clients.google.com/fdfe/
D/Finsky  (22970): [1] DailyHygiene.goMakeHygieneIfDirty: Dirty, need more hygiene.
W/Settings(22970): Setting download_manager_max_bytes_over_mobile has moved from android.provider.Settings.Secure to android.provider.Settings.Global.
W/Settings(22970): Setting download_manager_recommended_max_bytes_over_mobile has moved from android.provider.Settings.Secure to android.provider.Settings.Global.
W/Finsky  (22970): [1] FinskyApp.getCurrentAccount: No account configured on this device.
W/Finsky  (22970): [1] FinskyApp.getDfeApi: No account configured on this device.
I/LSS-II: (  739): proc out:com.google.android.apps.plus,adj=0,i=68
I/LSS-II: (  739): proc wait in:com.sec.android.service.cm,adj=11LRU num=80,i=59
I/LSS-II: (  739): proc out:com.sec.android.app.samsungapps.una2,adj=0,i=79
I/LSS-II: (  739): proc wait in:com.sec.chaton,adj=11LRU num=80,i=60
D/SELinux (23005): selinux_knoxprecontexthook:  Calling  selinux_knoxprecontexthook for uid: 10136 isSystemServer: 0 seinfo: release pkgname com.sec.android.gallery3d
E/MP-Decision( 1780): num online cores: 2 reqd : 4 available : 4 rq_depth:4.700000 hotplug_avg_load_dw: 108
E/MP-Decision( 1780): UP cpu:1 core_idx:1 Nw:1.900000 Tw:140 total_time_up:0.000000
E/MP-Decision( 1780): UP cpu:2 core_idx:2 Nw:2.700000 Tw:90 total_time_up:96.000000
E/MP-Decision( 1780): UP cpu:3 core_idx:3 Nw:3.500000 Tw:90 total_time_up:96.000000
W/System.err(23005): android.content.pm.PackageManager$NameNotFoundException: com.sec.android.cloudagent
W/System.err(23005): 	at android.app.ApplicationPackageManager.getPackageInfo(ApplicationPackageManager.java:92)
W/System.err(23005): 	at com.sec.android.gallery3d.cloud.CloudRefer.isCloudAgentExist(CloudRefer.java:83)
W/System.err(23005): 	at com.sec.android.gallery3d.util.GalleryFeature.checkUseCloud(GalleryFeature.java:420)
W/System.err(23005): 	at com.sec.android.gallery3d.util.GalleryFeature.init(GalleryFeature.java:204)
W/System.err(23005): 	at com.sec.android.gallery3d.app.GalleryAppImpl.getDataManager(GalleryAppImpl.java:203)
W/System.err(23005): 	at com.sec.android.gallery3d.provider.GalleryProvider.onCreate(GalleryProvider.java:118)
W/System.err(23005): 	at android.content.ContentProvider.attachInfo(ContentProvider.java:1058)
W/System.err(23005): 	at android.app.ActivityThread.installProvider(ActivityThread.java:4995)
W/System.err(23005): 	at android.app.ActivityThread.installContentProviders(ActivityThread.java:4608)
W/System.err(23005): 	at android.app.ActivityThread.handleBindApplication(ActivityThread.java:4548)
W/System.err(23005): 	at android.app.ActivityThread.access$1400(ActivityThread.java:151)
W/System.err(23005): 	at android.app.ActivityThread$H.handleMessage(ActivityThread.java:1341)
W/System.err(23005): 	at android.os.Handler.dispatchMessage(Handler.java:99)
W/System.err(23005): 	at android.os.Looper.loop(Looper.java:137)
W/System.err(23005): 	at android.app.ActivityThread.main(ActivityThread.java:5293)
W/System.err(23005): 	at java.lang.reflect.Method.invokeNative(Native Method)
W/System.err(23005): 	at java.lang.reflect.Method.invoke(Method.java:511)
W/System.err(23005): 	at com.android.internal.os.ZygoteInit$MethodAndArgsCaller.run(ZygoteInit.java:1102)
W/System.err(23005): 	at com.android.internal.os.ZygoteInit.main(ZygoteInit.java:869)
W/System.err(23005): 	at dalvik.system.NativeStart.main(Native Method)
D/dalvikvm( 1344): GC_CONCURRENT freed 260K, 11% free 17280K/19336K, paused 3ms+2ms, total 19ms
W/System.err(23005): android.content.pm.PackageManager$NameNotFoundException: com.skp.tcloud.agent
W/System.err(23005): 	at android.app.ApplicationPackageManager.getPackageInfo(ApplicationPackageManager.java:92)
W/System.err(23005): 	at com.sec.android.gallery3d.tCloud.TCloudRefer.isTCloudAgentExist(TCloudRefer.java:39)
W/System.err(23005): 	at com.sec.android.gallery3d.util.GalleryFeature.checkUseTCloud(GalleryFeature.java:745)
W/System.err(23005): 	at com.sec.android.gallery3d.util.GalleryFeature.init(GalleryFeature.java:252)
W/System.err(23005): 	at com.sec.android.gallery3d.app.GalleryAppImpl.getDataManager(GalleryAppImpl.java:203)
W/System.err(23005): 	at com.sec.android.gallery3d.provider.GalleryProvider.onCreate(GalleryProvider.java:118)
W/System.err(23005): 	at android.content.ContentProvider.attachInfo(ContentProvider.java:1058)
W/System.err(23005): 	at android.app.ActivityThread.installProvider(ActivityThread.java:4995)
W/System.err(23005): 	at android.app.ActivityThread.installContentProviders(ActivityThread.java:4608)
W/System.err(23005): 	at android.app.ActivityThread.handleBindApplication(ActivityThread.java:4548)
W/System.err(23005): 	at android.app.ActivityThread.access$1400(ActivityThread.java:151)
W/System.err(23005): 	at android.app.ActivityThread$H.handleMessage(ActivityThread.java:1341)
W/System.err(23005): 	at android.os.Handler.dispatchMessage(Handler.java:99)
W/System.err(23005): 	at android.os.Looper.loop(Looper.java:137)
W/System.err(23005): 	at android.app.ActivityThread.main(ActivityThread.java:5293)
W/System.err(23005): 	at java.lang.reflect.Method.invokeNative(Native Method)
W/System.err(23005): 	at java.lang.reflect.Method.invoke(Method.java:511)
W/System.err(23005): 	at com.android.internal.os.ZygoteInit$MethodAndArgsCaller.run(ZygoteInit.java:1102)
W/System.err(23005): 	at com.android.internal.os.ZygoteInit.main(ZygoteInit.java:869)
W/System.err(23005): 	at dalvik.system.NativeStart.main(Native Method)
D/NearbySource(23005): Nearby Source Create!
D/NearbyContext(23005): Nearby Context Create!
D/dalvikvm(23005): No JNI_OnLoad found in /system/lib/libXIVGallery2013.so 0x422dc7e0, skipping init
D/ContactProvider(23005): getAllContactInfoList Start
I/LSS-II: (  739): proc wait in:com.android.keychain,adj=11LRU num=81,i=60
D/ContactProvider(23005): getAllContactInfoList End
I/syncContacts(23005): thread: 2202, sync time = 42
I/LSS-II: (  739): proc cancel wait in:com.sec.android.SimpleWidget,adj=0LRU num=81,i=79
I/LSS-II: (  739): proc wait in:com.android.musicfx,adj=11LRU num=81,i=60
D/SELinux (23029): selinux_knoxprecontexthook:  Calling  selinux_knoxprecontexthook for uid: 10155 isSystemServer: 0 seinfo: default pkgname com.nuance.swype.input
I/LSS-II: (  739): proc wait in:com.google.android.gms,adj=11LRU num=81,i=61
E/MP-Decision( 1780): num online cores: 4 reqd : 3 available : 4 rq_depth:1.300000 hotplug_avg_load_dw: 119
E/MP-Decision( 1780): DOWN cpu:3 core_idx:3 Ns:3.100000 Ts:240 total_time_down:288.000000
E/MP-Decision( 1780): num online cores: 3 reqd : 1 available : 4 rq_depth:0.000000 hotplug_avg_load_dw: 15
E/MP-Decision( 1780): DOWN cpu:2 core_idx:2 Ns:2.100000 Ts:240 total_time_down:238.000000
E/MP-Decision( 1780): DOWN cpu:1 core_idx:1 Ns:1.100000 Ts:190 total_time_down:140.000000
I/LSS-II: (  739): proc out:com.google.android.googlequicksearchbox,adj=0,i=70
I/LSS-II: (  739): proc wait in:com.android.vending,adj=11LRU num=82,i=61
I/SA      ( 4895): [SUR] onReceive log=[SA = 1.4.0235 V = 17 HWD = 1920X1080 3.0 dpi = 480  SIZE = 2 LOCALE = en_US CSC = ATT MCC = 0 MNC 0 T = user DEVICE = jflteatt P = jflteuc I = JDQ39 M = SAMSUNG-SGH-I337 OKLEFT false DIS JDQ39.I337UCUAMDL  ]
I/SA      ( 4895): [SUR] onReceive Intent=[ action_PACKAGE_REPLACED package ]
I/LSS-II: (  739): proc out:com.osp.app.signin,adj=0,i=81
I/LSS-II: (  739): proc wait in:com.google.android.apps.plus,adj=11LRU num=82,i=61
I/HomeSyncInstallReceiver( 1548): Package Added : Intent { act=android.intent.action.PACKAGE_ADDED dat=package:com.ganyo.pushtest.test flg=0x8000010 cmp=com.android.nfc/.HomeSyncInstallReceiver (has extras) }
I/HomeSyncInstallReceiver( 1548): Package Added : com.ganyo.pushtest.test
I/LSS-II: (  739): proc wait in:com.sec.android.app.samsungapps.una2,adj=11LRU num=82,i=60
D/SELinux (23047): selinux_knoxprecontexthook:  Calling  selinux_knoxprecontexthook for uid: 10008 isSystemServer: 0 seinfo: release pkgname com.sec.android.app.FileShareServer
I/LSS-II: (  739): proc wait in:com.sec.android.gallery3d,adj=11LRU num=82,i=59
D/[FileShare][Server](23047): ServerBroadcastReceiver : onReceive: android.intent.action.PACKAGE_ADDED // package:com.ganyo.pushtest.test
D/CapabilityManagerService(22883): Receiver Broadcast:android.intent.action.PACKAGE_ADDED
I/LSS-II: (  739): proc cancel wait in:com.sec.android.service.cm,adj=0LRU num=83,i=81
I/LSS-II: (  739): proc cancel wait in:com.sec.chaton,adj=0LRU num=83,i=82
I/LSS-II: (  739): proc wait in:com.sec.android.SimpleWidget,adj=11LRU num=83,i=60
I/LSS-II: (  739): proc wait in:com.nuance.swype.input,adj=11LRU num=83,i=60
W/ContextImpl(22897): Calling a method in the system process without a qualified user: android.app.ContextImpl.startService:1643 android.content.ContextWrapper.startService:457 android.content.ContextWrapper.startService:457 com.samsung.android.app.filterinstaller.PackageIntentReceiver.onReceive:41 android.app.ActivityThread.handleReceiver:2442 
D/dalvikvm(22897): No JNI_OnLoad found in /system/lib/libfilter-jni.so 0x422e0890, skipping init
I/LSS-II: (  739): proc out:com.google.android.partnersetup,adj=0,i=82
E/MP-Decision( 1780): num online cores: 1 reqd : 2 available : 4 rq_depth:3.700000 hotplug_avg_load_dw: 65
E/MP-Decision( 1780): UP cpu:1 core_idx:1 Nw:1.900000 Tw:140 total_time_up:147.000000
I/LSS-II: (  739): proc wait in:com.google.android.googlequicksearchbox,adj=11LRU num=83,i=58
I/LSS-II: (  739): proc cancel wait in:com.android.musicfx,adj=0LRU num=83,i=81
I/LSS-II: (  739): proc wait in:com.osp.app.signin,adj=11LRU num=83,i=61
I/LSS-II: (  739): proc cancel wait in:com.android.vending,adj=0LRU num=83,i=71
E/MP-Decision( 1780): num online cores: 2 reqd : 3 available : 4 rq_depth:4.300000 hotplug_avg_load_dw: 90
E/MP-Decision( 1780): UP cpu:1 core_idx:1 Nw:1.900000 Tw:140 total_time_up:0.000000
E/MP-Decision( 1780): UP cpu:2 core_idx:2 Nw:2.700000 Tw:90 total_time_up:98.000000
W/LicenseLogService(  739): log() is called by non admin
W/LicenseLogService(  739): log() is called by non admin
V/AlarmManager(  739): waitForAlarm result :1
V/AlarmManager(  739): trigger ELAPSED_REALTIME_WAKEUP or RTC_WAKEUP
I/LSS-II: (  739): proc cancel wait in:com.google.android.apps.plus,adj=0LRU num=83,i=71
D/qdoverlay(  212): Unset pipe=VG0 dpy=0; Unset pipe=VG1 dpy=0; Unset pipe=RGB1 dpy=0; 
D/dalvikvm( 4321): GC_CONCURRENT freed 1351K, 17% free 20859K/24860K, paused 6ms+5ms, total 109ms
D/dalvikvm( 4321): WAIT_FOR_CONCURRENT_GC blocked 89ms
W/ContextImpl(22897): Calling a method in the system process without a qualified user: android.app.ContextImpl.sendBroadcast:1323 android.content.ContextWrapper.sendBroadcast:345 com.samsung.android.app.filterinstaller.FilterPackageService$ServiceHandler.handleMessage:95 android.os.Handler.dispatchMessage:99 android.os.Looper.loop:137 
I/LSS-II: (  739): proc wait in:com.sec.android.app.FileShareServer,adj=11LRU num=83,i=61
E/MP-Decision( 1780): num online cores: 3 reqd : 2 available : 4 rq_depth:0.000000 hotplug_avg_load_dw: 59
E/MP-Decision( 1780): DOWN cpu:2 core_idx:2 Ns:2.100000 Ts:240 total_time_down:245.000000
I/LSS-II: (  739): proc cancel wait in:com.sec.android.gallery3d,adj=0LRU num=83,i=82
I/LSS-II: (  739): proc cancel wait in:com.nuance.swype.input,adj=0LRU num=83,i=79
I/LSS-II: (  739): proc wait in:com.sec.android.service.cm,adj=11LRU num=83,i=59
I/LSS-II: (  739): proc cancel wait in:com.google.android.googlequicksearchbox,adj=0LRU num=83,i=71
I/LSS-II: (  739): proc wait in:com.sec.chaton,adj=11LRU num=83,i=60
E/QcrilMsgTunnelSocket(21185): IOExceptionjava.io.IOException: No such file or directoryReason: No such file or directory
D/SELinux (23074): selinux_knoxprecontexthook:  Calling  selinux_knoxprecontexthook for uid: 10118 isSystemServer: 0 seinfo: samsung pkgname com.sec.android.app.samsungapps
I/LSS-II: (  739): proc wait in:com.google.android.partnersetup,adj=11LRU num=83,i=62
I/dalvikvm(23074): Turning on JNI app bug workarounds for target SDK version 7...
D/SELinux (23088): selinux_knoxprecontexthook:  Calling  selinux_knoxprecontexthook for uid: 1000 isSystemServer: 0 seinfo: platform pkgname com.sec.knox.containeragent
I/[SAUI]  (23074): _id = 0
I/[SAUI]  (23074): SamsungAppsMode = 
I/[SAUI]  (23074): LatestMCC = 
I/[SAUI]  (23074): AndromedaMCC = 
I/[SAUI]  (23074): CountryURL = http://us-odc.samsungapps.com/ods.as
I/[SAUI]  (23074): DisclaimerSkip = 
I/[SAUI]  (23074): DisclaimerVersion = 
I/[SAUI]  (23074): TwoGLimitSize = 20
I/[SAUI]  (23074): TwofiveGLimitSize = 20
I/[SAUI]  (23074): ThreeGLimitSize = 20
I/[SAUI]  (23074): FourGLimitSize = 0
I/[SAUI]  (23074): WifiLimitSize = 0
I/[SAUI]  (23074): FakeCSCCheck = 
I/[SAUI]  (23074): userID = 
I/[SAUI]  (23074): skipSignIn = 
I/[SAUI]  (23074): NotiPopup = 
I/[SAUI]  (23074): emailID = tomslee86@gmail.com
I/[SAUI]  (23074): reserved = 
I/[SAUI]  (23074): Encryption = 1
I/[SAUI]  (23074): CHubUrl = 
I/[SAUI]  (23074): CIsStaging = 
I/[SAUI]  (23074): CStagingImgHostUrl = 
I/[SAUI]  (23074): CStagingAppHostUrl = 
I/[SAUI]  (23074): CStagingDataHostUrl = 
I/[SAUI]  (23074): CImgFolder = 
I/[SAUI]  (23074): CAppFolder = 
I/[SAUI]  (23074): CDataFolder = 
I/[SAUI]  (23074): CTempFolder = 
I/[SAUI]  (23074): CFakeImei = 
I/[SAUI]  (23074): CFakeMcc = 
I/[SAUI]  (23074): CFakeMnc = 
I/[SAUI]  (23074): CFakeModel = 
I/[SAUI]  (23074): CFakeCsc = 
I/[SAUI]  (23074): CFakeOdcVer = 
I/[SAUI]  (23074): CFakeOpenApiVer = 
I/[SAUI]  (23074): CFakeHeaderHost = 
I/[SAUI]  (23074): CLastCountryFreeStore = 1
I/[SAUI]  (23074): CHeaderInfinityVersion = 
I/[SAUI]  (23074): CLastBannerProductId = 
I/[SAUI]  (23074): CLastBannerImgUrl = 
I/[SAUI]  (23074): CLastBannerType = 
I/[SAUI]  (23074): CLastMcc = 310
I/[SAUI]  (23074): CLastMnc = 00
I/[SAUI]  (23074): CLastCsc = ATT
I/[SAUI]  (23074): CDisclaimerVer = 
I/[SAUI]  (23074): CAutoLogin = 
I/[SAUI]  (23074): CUncMode = 
I/[SAUI]  (23074): CProxyAddress = 
I/[SAUI]  (23074): CCacheSize = 
I/[SAUI]  (23074): CFreeDataUrl = 
I/[SAUI]  (23074): CUncDataUrl = 
I/[SAUI]  (23074): CDebugMode = 
I/[SAUI]  (23074): CCurrencyUnitPrecedes = 1
I/[SAUI]  (23074): CLastCountryCode = USA
I/[SAUI]  (23074): CCurrencyUnitHasPenny = 1
I/[SAUI]  (23074): CLicenseUrl = 
I/[SAUI]  (23074): CPlatformKey = 
I/[SAUI]  (23074): CTransferConfig = 
I/[SAUI]  (23074): CFreeTabPrecedes = 1
I/[SAUI]  (23074): CSnsCapaMask = 7
I/[SAUI]  (23074): CCurrencyUnitDivision = 0
I/[SAUI]  (23074): CSamsungNotiShow = 
I/[SAUI]  (23074): CPsmsTestMode = 
I/[SAUI]  (23074): CNotificationPopupShowSet = 
I/[SAUI]  (23074): CConfigId = 
I/[SAUI]  (23074): PhoneNumber = 
I/[SAUI]  (23074): NetworkOperator = 
I/[SAUI]  (23074): Birthday = 
I/[SAUI]  (23074): Info = 
I/[SAUI]  (23074): push_service_onoff = Y
I/[SAUI]  (23074): SecureTime = 
I/[SAUI]  (23074): push_service_reg_id = 0001237bd1ea6d0f1d809d2e046f168430a57242de8d80ec714b24b27c4701534492f1d0249274545d958c2069b085d72604
I/[SAUI]  (23074): una_setting = 
I/[SAUI]  (23074): FlexibleTabShow = 0
I/[SAUI]  (23074): FlexibleTabName = 
I/[SAUI]  (23074): ProtocolCachingTime = 
I/[SAUI]  (23074): IranShetabCardUrl = 
I/[SAUI]  (23074): PushNotiRegistrationSuccess = Y
I/[SAUI]  (23074): CLastModel = 
I/[SAUI]  (23074): ServerLoadLevel = 
I/[SAUI]  (23074): Option_12 = 
I/[SAUI]  (23074): Option_13 = 
I/[SAUI]  (23074): Option_14 = 
I/[SAUI]  (23074): Option_15 = 
I/[SAUI]  (23074): Option_16 = 
I/[SAUI]  (23074): Option_17 = 
I/[SAUI]  (23074): Option_18 = 
I/[SAUI]  (23074): Option_19 = 
I/[SAUI]  (23074): Option_20 = 
I/[SAUI]  (23074): Option_21 = 
I/[SAUI]  (23074): Option_22 = 
I/[SAUI]  (23074): Option_23 = 
I/[SAUI]  (23074): Option_24 = 
I/[SAUI]  (23074): Option_25 = 
I/[SAUI]  (23074): Option_26 = 
I/[SAUI]  (23074): Option_27 = 
I/[SAUI]  (23074): Option_28 = 
I/[SAUI]  (23074): Option_29 = 
I/[SAUI]  (23074): Option_30 = 
I/[SAUI]  (23074): Option_31 = 
I/[SAUI]  (23074): Option_32 = 
D/ContainerAgent(23088): ContainerApplication: onCreate() try to bind service
I/ContainerAgent(23088): ContainerManagerService: ContainerManagerService onCreate()
I/ContainerAgent(23088): ContainerManagerService: ContainerManagerService onBind()
I/ContainerManager(23074): onServiceConnected() name=ComponentInfo{com.sec.knox.containeragent/com.sec.knox.containeragent.service.containermanager.ContainerManagerService}, conn=com.sec.knox.containeragent.a@42316958
I/LSS-II: (  739): proc cancel wait in:com.osp.app.signin,adj=0LRU num=85,i=84
I/LSS-II: (  739): proc wait in:com.sec.knox.containeragent,adj=9LRU num=85,i=81
I/LSS-II: (  739): proc wait in:com.android.musicfx,adj=11LRU num=85,i=63
I/SA      ( 4895): [SUR] onReceive log=[SA = 1.4.0235 V = 17 HWD = 1920X1080 3.0 dpi = 480  SIZE = 2 LOCALE = en_US CSC = ATT MCC = 0 MNC 0 T = user DEVICE = jflteatt P = jflteuc I = JDQ39 M = SAMSUNG-SGH-I337 OKLEFT false DIS JDQ39.I337UCUAMDL  ]
I/SA      ( 4895): [SUR] onReceive Intent=[ android.intent.action.PACKAGE_ADDED package ]
I/LSS-II: (  739): proc wait in:com.google.android.apps.plus,adj=11LRU num=85,i=63
I/LSS-II: (  739): proc cancel wait in:com.sec.chaton,adj=0LRU num=85,i=84
I/LSS-II: (  739): proc wait in:com.nuance.swype.input,adj=11LRU num=85,i=64
I/LSS-II: (  739): proc wait in:com.sec.android.gallery3d,adj=11LRU num=85,i=65
W/ContextImpl(22897): Calling a method in the system process without a qualified user: android.app.ContextImpl.startService:1643 android.content.ContextWrapper.startService:457 android.content.ContextWrapper.startService:457 com.samsung.android.app.filterinstaller.PackageIntentReceiver.onReceive:41 android.app.ActivityThread.handleReceiver:2442 
I/LSS-II: (  739): proc out:com.google.android.apps.maps:FriendService,adj=0,i=72
W/LicenseLogService(  739): log() is called by non admin
I/LSS-II: (  739): proc wait in:com.google.android.googlequicksearchbox,adj=11LRU num=85,i=64
I/LSS-II: (  739): proc cancel wait in:com.android.musicfx,adj=0LRU num=85,i=83
W/LicenseLogService(  739): log() is called by non admin
W/LicenseLogService(  739): log() is called by non admin
I/LSS-II: (  739): proc cancel wait in:com.sec.android.app.samsungapps.una2,adj=0LRU num=85,i=84
I/LSS-II: (  739): proc wait in:com.sec.android.app.samsungapps,adj=11LRU num=85,i=63
I/LSS-II: (  739): proc wait in:com.osp.app.signin,adj=11LRU num=85,i=63
I/LSS-II: (  739): proc cancel wait in:com.google.android.googlequicksearchbox,adj=0LRU num=85,i=73
I/LSS-II: (  739): proc cancel wait in:com.sec.knox.containeragent,adj=1LRU num=85,i=84
I/LSS-II: (  739): proc cancel wait in:com.osp.app.signin,adj=0LRU num=85,i=84
I/LSS-II: (  739): proc wait in:com.sec.knox.containeragent,adj=9LRU num=85,i=83
I/LSS-II: (  739): proc wait in:com.sec.chaton,adj=11LRU num=85,i=63
I/LSS-II: (  739): proc wait in:com.google.android.apps.maps:FriendService,adj=11LRU num=85,i=62
I/SA      ( 4895): [SUR] onReceive log=[SA = 1.4.0235 V = 17 HWD = 1920X1080 3.0 dpi = 480  SIZE = 2 LOCALE = en_US CSC = ATT MCC = 0 MNC 0 T = user DEVICE = jflteatt P = jflteuc I = JDQ39 M = SAMSUNG-SGH-I337 OKLEFT false DIS JDQ39.I337UCUAMDL  ]
I/SA      ( 4895): [SUR] onReceive Intent=[ action_PACKAGE_REPLACED package ]
I/LSS-II: (  739): proc out:com.google.android.apps.maps:LocationFriendService,adj=0,i=73
I/LSS-II: (  739): proc wait in:com.android.musicfx,adj=11LRU num=85,i=65
E/MP-Decision( 1780): num online cores: 2 reqd : 1 available : 4 rq_depth:0.500000 hotplug_avg_load_dw: 26
E/MP-Decision( 1780): DOWN cpu:1 core_idx:1 Ns:1.100000 Ts:190 total_time_down:194.000000
D/STATUSBAR-NetworkController( 1021): refreshSignalCluster: data=0 bt=false
D/qdoverlay(  212): Set pipe=RGB1 dpy=0; Set pipe=VG0 dpy=0; Set pipe=VG1 dpy=0; 
D/STATUSBAR-NetworkController( 1021): refreshSignalCluster: data=0 bt=false
D/qdoverlay(  212): Unset pipe=VG0 dpy=0; Unset pipe=VG1 dpy=0; Unset pipe=RGB1 dpy=0; 
D/qdoverlay(  212): Set pipe=RGB1 dpy=0; Set pipe=VG0 dpy=0; Set pipe=VG1 dpy=0; 
D/AndroidRuntime(23112): 
D/AndroidRuntime(23112): >>>>>> AndroidRuntime START com.android.internal.os.RuntimeInit <<<<<<
D/AndroidRuntime(23112): CheckJNI is OFF
D/AndroidRuntime(23112): setted country_code = USA
D/AndroidRuntime(23112): setted countryiso_code = US
D/AndroidRuntime(23112): setted sales_code = ATT
D/AndroidRuntime(23112): pLocation:automatic, pLang: , pRegn: 
D/AndroidRuntime(23112): pLocation(NoSIM):english_us, pLang: en, pRegn: US
D/AndroidRuntime(23112): readGMSProperty: start
D/AndroidRuntime(23112): readGMSProperty: already setted!!
D/AndroidRuntime(23112): readGMSProperty: end
D/AndroidRuntime(23112): addProductProperty: start
D/dalvikvm(23112): Trying to load lib libjavacore.so 0x0
D/dalvikvm(23112): Added shared lib libjavacore.so 0x0
D/dalvikvm(23112): Trying to load lib libnativehelper.so 0x0
D/dalvikvm(23112): Added shared lib libnativehelper.so 0x0
E/MP-Decision( 1780): num online cores: 1 reqd : 2 available : 4 rq_depth:1.300000 hotplug_avg_load_dw: 65
E/MP-Decision( 1780): UP cpu:1 core_idx:1 Nw:1.900000 Tw:140 total_time_up:0.000000
D/dalvikvm(23112): Note: class Landroid/app/ActivityManagerNative; has 169 unimplemented (abstract) methods
D/STATUSBAR-NetworkController( 1021): onReceive() - RSSI_CHANGED_ACTION, WIFI_STATE, NETWORK_STATE
D/STATUSBAR-NetworkController( 1021): refreshSignalCluster: data=0 bt=false
D/AndroidRuntime(23112): Calling main entry com.android.commands.am.Am
D/SELinux (23128): selinux_knoxprecontexthook:  Calling  selinux_knoxprecontexthook for uid: 10190 isSystemServer: 0 seinfo: default pkgname com.ganyo.pushtest
D/dalvikvm(23128): Late-enabling CheckJNI
W/dalvikvm(23128): method Landroid/test/InstrumentationTestRunner$StringResultPrinter;.print incorrectly overrides package-private method with same name in Ljunit/textui/ResultPrinter;
I/TestRunner(23128): started: testPushNotification(com.ganyo.pushtest.test.MainActivityTest)
I/CustomFrequencyManager(  739): newFrequencyRequest  - mFrequency = 1350000, mTimeoutMs = -1, mPkgName = ACTIVITY_RESUME_BOOSTER@5
I/CustomFrequencyManager(  739): Boost Request from package = ACTIVITY_RESUME_BOOSTER@5 frequency : 1350000type = 6
I/CustomFrequencyManager(  739): !! pkgName = ACTIVITY_RESUME_BOOSTER@5
I/CustomFrequencyManager(  739): Request from package name pkgName = ACTIVITY_RESUME_BOOSTER@5
I/CustomFrequencyManager(  739): mContext is Not Null  mContext.pkgName = android
I/CustomFrequencyManager(  739): 2 Old token will be reused!
I/CustomFrequencyManager(  739): CPUDVFSControlRequest : doFrequencyRequest::  = 1350000 Timeout : -1
I/power   (  739): *** acquire_dvfs_lock : lockType : 1  freq : 1350000 
D/Launcher( 1208): onPause, Launcher: 1111016112
D/Launcher.HomeView( 1208): onPause
D/Launcher.Workspace( 1208): exitWidgetResizeMode State: NORMAL, newDragStarted: false
D/CustomFrequencyManagerService(  739): acquireDVFSLockLocked : type : DVFS_MIN_LIMIT  frequency : 1350000  uid : 1000  pid : 739  pkgName : ACTIVITY_RESUME_BOOSTER@5
W/ActivityManager(  739): mDVFSHelper.acquire()
W/ContextImpl(  739): Calling a method in the system process without a qualified user: android.app.ContextImpl.sendBroadcast:1337 com.android.server.am.ActivityStack.startActivityUncheckedLocked:4460 com.android.server.am.ActivityStack.startActivityLocked:3944 com.android.server.am.ActivityStack.startActivityMayWait:4624 com.android.server.am.ActivityManagerService.startActivityAsUser:2985 
W/ContextImpl(  739): Calling a method in the system process without a qualified user: android.app.ContextImpl.sendBroadcast:1337 com.android.server.am.ActivityStack.startPausingLocked:1315 com.android.server.am.ActivityStack.resumeTopActivityLocked:2383 com.android.server.am.ActivityStack.resumeTopActivityLocked:2169 com.android.server.am.ActivityStack.resumeTopActivityLocked:2155 
V/SmartFaceService - 3rd party pause(  739): onReceive [android.intent.action.ACTIVITY_STATE/com.ganyo.pushtest/create]
V/SmartFaceService - 3rd party pause(  739): onReceive [android.intent.action.ACTIVITY_STATE/com.sec.android.app.launcher/pause]
V/WindowOrientationListener(  739): mSContextAutoRotationListener.getProposedRotation, mbResultFaceDectection: false
V/WindowOrientationListener(  739): mSContextAutoRotationListener.getProposedRotation, Rotation: -1
V/WindowOrientationListener(  739): mSContextAutoRotationListener.getProposedRotation, mbResultFaceDectection: false
V/WindowOrientationListener(  739): mSContextAutoRotationListener.getProposedRotation, Rotation: -1
V/TaskCloserActivity(22524): TaskCloserActivity onReceive() - com.sec.android.intent.action.HOME_PAUSE
D/ActivityManager(  739): Trying to launch com.ganyo.pushtest/.MainActivity
V/WindowManager(  739): rotationForOrientationLw(orient=-1, last=0); user=0  sensorRotation=-1 isCoverOpen=true mLidState=-1 mDockMode=0 mHdmiPlugged=false mAccelerometerDefault=false
V/WindowManager(  739): Application requested orientation -1, got rotation 0 which has compatible metrics
D/WindowManager(  739): computeScreenConfigurationLocked() set config.orientation=1 dw=1080 dh=1920 Callers=com.android.server.wm.WindowManagerService.updateOrientationFromAppTokensLocked:5124 com.android.server.wm.WindowManagerService.updateOrientationFromAppTokens:5093 com.android.server.am.ActivityStack.realStartActivityLocked:902 
D/PowerManagerService(  739): setKeyboardVisibility: false
W/ContextImpl(  739): Calling a method in the system process without a qualified user: android.app.ContextImpl.sendBroadcast:1323 com.android.server.am.ActivityManagerService.computeOomAdjLocked:14854 com.android.server.am.ActivityManagerService.updateOomAdjLocked:15145 com.android.server.am.ActivityManagerService.updateOomAdjLocked:15337 com.android.server.am.ActivityManagerService.updateLruProcessLocked:2213 
W/ContextImpl(  739): Calling a method in the system process without a qualified user: android.app.ContextImpl.sendBroadcast:1323 com.android.server.am.ActivityManagerService.computeOomAdjLocked:14860 com.android.server.am.ActivityManagerService.updateOomAdjLocked:15145 com.android.server.am.ActivityManagerService.updateOomAdjLocked:15337 com.android.server.am.ActivityManagerService.updateLruProcessLocked:2213 
E/MoreInfoHPW_ViewGroup(  739): Parent view is not a TextView
D/SurfaceWidgetClient( 1462): [123490] SurfaceWidgetClient onTrimMemory level: 20
D/SurfaceWidgetClient( 1475): [123490] SurfaceWidgetClient onTrimMemory level: 20
D/dalvikvm(  739): JIT code cache reset in 1 ms (1048512 bytes 27/0)
D/dalvikvm(  739): GC_FOR_ALLOC freed 1891K, 17% free 65460K/78468K, paused 118ms, total 118ms
I/dalvikvm-heap(  739): Grow heap (frag case) to 67.384MB for 2359312-byte allocation
E/QcrilMsgTunnelSocket(21185): IOExceptionjava.io.IOException: No such file or directoryReason: No such file or directory
D/dalvikvm(  739): GC_FOR_ALLOC freed 67K, 17% free 67697K/80776K, paused 113ms, total 113ms
I/SurfaceFlinger(  212): id=443(91) createSurf 0x4073e274 (1x1),1 flag=404, qushtest
I/LSS-II: (  739): proc wait in:com.sec.android.app.samsungapps.una2,adj=11LRU num=86,i=65
D/PointerIcon(  739): setHoveringSpenIconStyle1 pointerType: 10001iconType:1 flag:0
D/PointerIcon(  739): setHoveringSpenCustomIcon IconType is same.1
D/Launcher( 1208): onTrimMemory. Level: 20
D/qdmemalloc(  212): ion: Mapped buffer base:0x47658000 size:8355840 fd:87
D/qdmemalloc(  212): ion: Mapped buffer base:0x404ae000 size:4096 fd:91
E/MP-Decision( 1780): num online cores: 2 reqd : 4 available : 4 rq_depth:4.300000 hotplug_avg_load_dw: 108
E/MP-Decision( 1780): UP cpu:1 core_idx:1 Nw:1.900000 Tw:140 total_time_up:0.000000
E/MP-Decision( 1780): UP cpu:2 core_idx:2 Nw:2.700000 Tw:90 total_time_up:98.000000
E/MP-Decision( 1780): UP cpu:3 core_idx:3 Nw:3.500000 Tw:90 total_time_up:98.000000
E/MoreInfoHPW_ViewGroup(23128): Parent view is not a TextView
V/WindowManager(  739): Window{42bcb700 u0 Keyguard}mOrientationRequetedFromKeyguard=false
D/qdmemalloc(  212): ion: unmap_buffer base:0x0 size:8355840 offset:0 fd:29
D/qdmemalloc(  212): ion: unmap_buffer base:0x0 size:4096 offset:0 fd:64
D/qdmemalloc(  212): ion: unmap_buffer base:0x0 size:8355840 offset:0 fd:46
D/qdmemalloc(  212): ion: unmap_buffer base:0x0 size:4096 offset:0 fd:32
D/qdoverlay(  212): Unset pipe=VG0 dpy=0; Unset pipe=VG1 dpy=0; Unset pipe=RGB1 dpy=0; 
V/WindowManager(  739): Window{42bcb700 u0 Keyguard}mOrientationRequetedFromKeyguard=false
D/dalvikvm(23128): GC_FOR_ALLOC freed 163K, 8% free 17241K/18640K, paused 23ms, total 24ms
I/dalvikvm-heap(23128): Grow heap (frag case) to 20.290MB for 2359312-byte allocation
D/dalvikvm(23128): GC_FOR_ALLOC freed <1K, 7% free 19544K/20948K, paused 17ms, total 17ms
D/dalvikvm(23128): GC_CONCURRENT freed 2K, 7% free 19541K/20948K, paused 3ms+2ms, total 17ms
V/GCMRegistrar(23128): Is registered on server: false
I/com.ganyo.pushtest(23128): registering device: APA91bFxgTLXLtVVvcJfe32GWqHvy9SWT-0Rh8D40Xkb6CnsPH6AOpctbPQJEv7va5onEflv_sUcKQ7MZDKcE3DFwbp764Cc8JC_u6tt0VcDzTRAkgfVZ822LLD9KnSLIk-Nv8v9sOikdglgctMY18UAxd7giJjEuw
D/APIGEE_CLIENT(23128): dataClient created
D/APIGEE_CLIENT(23128): monitoring not enabled
I/SurfaceFlinger(  212): id=444(1) createSurf 0x423e599c (1x1),1 flag=404, NainActivit
D/PointerIcon(  739): setHoveringSpenIconStyle1 pointerType: 10001iconType:1 flag:0
D/PointerIcon(  739): setHoveringSpenCustomIcon IconType is same.1
V/WindowManager(  739): Window{42bcb700 u0 Keyguard}mOrientationRequetedFromKeyguard=false
D/STATUSBAR-StatusBarManagerService(  739): manageDisableList what=0x0 pkg=WindowManager.LayoutParams
D/libEGL  (23128): loaded /system/lib/egl/libEGL_adreno200.so
D/libEGL  (23128): loaded /system/lib/egl/libGLESv1_CM_adreno200.so
D/libEGL  (23128): loaded /system/lib/egl/libGLESv2_adreno200.so
I/Adreno200-EGL(23128): <qeglDrvAPI_eglInitialize:265>: EGL 1.4 QUALCOMM build:  (CL3544079)
I/Adreno200-EGL(23128): Build Date: 03/28/13 Thu
I/Adreno200-EGL(23128): Local Branch: adreno_20130328
I/Adreno200-EGL(23128): Remote Branch: 
I/Adreno200-EGL(23128): Local Patches: 
I/Adreno200-EGL(23128): Reconstruct Branch: 
D/OpenGLRenderer(23128): Enabling debug mode 0
W/ContextImpl(  739): Calling a method in the system process without a qualified user: android.app.ContextImpl.sendBroadcast:1323 com.android.server.InputMethodManagerService$5.run:2252 java.lang.Thread.run:856 <bottom of call stack> <bottom of call stack> 
D/qdmemalloc(  212): ion: Mapped buffer base:0x47e50000 size:8355840 fd:32
E/MP-Decision( 1780): num online cores: 4 reqd : 3 available : 4 rq_depth:1.100000 hotplug_avg_load_dw: 119
E/MP-Decision( 1780): DOWN cpu:3 core_idx:3 Ns:3.100000 Ts:240 total_time_down:245.000000
D/qdmemalloc(  212): ion: Mapped buffer base:0x404b0000 size:4096 fd:59
D/Launcher( 1208): onStop, Launcher: 1111016112
D/Launcher.HomeView( 1208): onStop
D/SurfaceWidgetClient$ISurfaceWidgetStub( 1462): [123490] Surface widget pause on instance = 1
D/SurfaceWidgetClient$ISurfaceWidgetStub( 1462): [123490] Surface widget visibility changed visibility = false on instance = 1
D/accuweather( 1462): [Accuweather J]>>> SWW:196 [0:0] [SWW] onPause : rI = 1
D/SurfaceWidget.Renderer( 1462): [123490] SurfaceWidgetRenderer waiting: 1 (Thread[Thread-70,5,main])
D/SurfaceWidgetClient$ISurfaceWidgetStub( 1475): [123490] Surface widget visibility changed visibility = false on instance = 1
D/accuweather( 1462): [Accuweather J]>>> SWW:202 [0:0] [SWW] onPause : size = 0
D/accuweather( 1462): [Accuweather J]>>> SWW:577 [0:0]  unRegisterTTReceiver !! 
D/accuweather( 1462): [Accuweather J]>>> WCD:1196 [0:0] cARH()
D/accuweather( 1462): [Accuweather J]>>> WCD:495 [0:0]  onPause 
D/accuweather( 1462): [Accuweather J]>>> WR:376 [0:0] onPause : 1
D/accuweather( 1462): [Accuweather J]>>> SWW:493 [0:0] =================== , pause :1
E/dalvikvm(23128): Could not find class 'android.support.v4.app.FragmentActivity', referenced from method com.jayway.android.robotium.solo.Waiter.getSupportFragment
W/dalvikvm(23128): VFY: unable to resolve check-cast 44 (Landroid/support/v4/app/FragmentActivity;) in Lcom/jayway/android/robotium/solo/Waiter;
D/dalvikvm(23128): VFY: replacing opcode 0x1f at 0x0009
I/dalvikvm(23128): Could not find method android.support.v4.app.FragmentActivity.getSupportFragmentManager, referenced from method com.jayway.android.robotium.solo.Waiter.getSupportFragment
W/dalvikvm(23128): VFY: unable to resolve virtual method 83: Landroid/support/v4/app/FragmentActivity;.getSupportFragmentManager ()Landroid/support/v4/app/FragmentManager;
D/dalvikvm(23128): VFY: replacing opcode 0x6e at 0x0010
I/dalvikvm(23128): Could not find method android.support.v4.app.FragmentActivity.getSupportFragmentManager, referenced from method com.jayway.android.robotium.solo.Waiter.getSupportFragment
W/dalvikvm(23128): VFY: unable to resolve virtual method 83: Landroid/support/v4/app/FragmentActivity;.getSupportFragmentManager ()Landroid/support/v4/app/FragmentManager;
D/dalvikvm(23128): VFY: replacing opcode 0x6e at 0x0019
W/dalvikvm(23128): VFY: unable to find class referenced in signature (Landroid/support/v4/app/Fragment;)
W/dalvikvm(23128): VFY: unable to find class referenced in signature (Landroid/support/v4/app/Fragment;)
D/ExtSolo (23128): Current locale: en_US
W/ActivityManager(  739): Unable to start service Intent { act=com.bitbar.testdroid.monitor.ScreenshotService } U=0: not found
W/ActivityManager(  739): Unable to start service Intent { act=com.bitbar.testdroid.monitor.MetadataService } U=0: not found
I/LSS-II: (  739): proc wait in:com.sec.android.widgetapp.ap.hero.accuweather,adj=9LRU num=86,i=34
I/LSS-II: (  739): proc wait in:com.google.android.youtube,adj=10LRU num=86,i=29
D/ExtSolo (23128): Log info in LogCat, tag: "automation debug", msg: "Start push notification test at mobile side"
I/automation debug(23128): Start push notification test at mobile side
D/ExtSolo (23128): Set orientation "portrait"
D/qdoverlay(  212): Set pipe=RGB1 dpy=0; Set pipe=VG0 dpy=0; Set pipe=VG1 dpy=0; 
I/power   (  739): *** release_dvfs_lock : lockType : 1 
I/SurfaceFlinger(  212): id=442 Removed Mauncher (1/7)
I/SurfaceFlinger(  212): id=442 Removed Mauncher (-2/7)
D/CustomFrequencyManagerService(  739): releaseDVFSLockLocked : Getting Lock type frm List : DVFS_MIN_LIMIT  frequency : 1350000  uid : 1000  pid : 739  tag : ACTIVITY_RESUME_BOOSTER@5
W/ActivityManager(  739): mDVFSHelper.release()
D/qdmemalloc(  212): ion: unmap_buffer base:0x0 size:8355840 offset:0 fd:35
D/qdmemalloc(  212): ion: unmap_buffer base:0x0 size:4096 offset:0 fd:61
D/qdoverlay(  212): Unset pipe=VG0 dpy=0; Unset pipe=VG1 dpy=0; Unset pipe=RGB1 dpy=0; 
E/MP-Decision( 1780): num online cores: 3 reqd : 2 available : 4 rq_depth:2.000000 hotplug_avg_load_dw: 68
E/MP-Decision( 1780): DOWN cpu:2 core_idx:2 Ns:2.100000 Ts:240 total_time_down:242.000000
D/qdoverlay(  212): Set pipe=RGB1 dpy=0; Set pipe=VG0 dpy=0; 
I/SurfaceFlinger(  212): id=443 Removed qushtest (3/6)
I/SurfaceFlinger(  212): id=443 Removed qushtest (-2/6)
D/qdmemalloc(  212): ion: unmap_buffer base:0x0 size:8355840 offset:0 fd:87
D/qdmemalloc(  212): ion: unmap_buffer base:0x0 size:4096 offset:0 fd:91
E/MP-Decision( 1780): num online cores: 2 reqd : 1 available : 4 rq_depth:0.300000 hotplug_avg_load_dw: 23
E/MP-Decision( 1780): DOWN cpu:1 core_idx:1 Ns:1.100000 Ts:190 total_time_down:275.000000
V/WindowOrientationListener(  739): mSContextAutoRotationListener.getProposedRotation, mbResultFaceDectection: false
V/WindowOrientationListener(  739): mSContextAutoRotationListener.getProposedRotation, Rotation: -1
V/WindowOrientationListener(  739): mSContextAutoRotationListener.getProposedRotation, mbResultFaceDectection: false
V/WindowOrientationListener(  739): mSContextAutoRotationListener.getProposedRotation, Rotation: -1
D/ExtSolo (23128): Sleep: 2000
V/WindowManager(  739): Window{42bcb700 u0 Keyguard}mOrientationRequetedFromKeyguard=false
V/WindowManager(  739): rotationForOrientationLw(orient=1, last=0); user=0  sensorRotation=-1 isCoverOpen=true mLidState=-1 mDockMode=0 mHdmiPlugged=false mAccelerometerDefault=false
V/WindowManager(  739): Application requested orientation 1, got rotation 0 which has compatible metrics
D/WindowManager(  739): computeScreenConfigurationLocked() set config.orientation=1 dw=1080 dh=1920 Callers=com.android.server.wm.WindowManagerService.updateOrientationFromAppTokensLocked:5124 com.android.server.wm.WindowManagerService.updateOrientationFromAppTokens:5093 com.android.server.am.ActivityManagerService.setRequestedOrientation:3283 
D/PowerManagerService(  739): setKeyboardVisibility: false
D/STATUSBAR-NetworkController( 1021): refreshSignalCluster: data=0 bt=false
E/MP-Decision( 1780): num online cores: 1 reqd : 2 available : 4 rq_depth:1.100000 hotplug_avg_load_dw: 55
E/MP-Decision( 1780): UP cpu:1 core_idx:1 Nw:1.900000 Tw:140 total_time_up:0.000000
