I/MotionRecognitionService(  739):  send 71=FLAT ~~
E/MP-Decision( 1780): num online cores: 2 reqd : 1 available : 4 rq_depth:0.900000 hotplug_avg_load_dw: 19
E/MP-Decision( 1780): DOWN cpu:1 core_idx:1 Ns:1.100000 Ts:190 total_time_down:49.000000
D/STATUSBAR-NetworkController( 1021): refreshSignalCluster: data=0 bt=false
D/MotionEngine(  739): [@@@ Motion Engine @@@] GetMotionScenarioId 0.128688 -0.211288 9.693524 -0.317800 -0.291200 -0.395850 51 20
D/MotionEngine(  739): [CALIBRATION] Calibration Secess(2)[-0.0494 -0.5023 0.6300]
D/ExtSolo (23128): Click on Button with text: OK
D/qdmemalloc(  212): ion: Mapped buffer base:0x4782d000 size:2297856 fd:61
D/qdmemalloc(  212): ion: Mapped buffer base:0x4005a000 size:4096 fd:72
D/qdmemalloc(  212): ion: Mapped buffer base:0x47a5e000 size:2297856 fd:74
D/qdmemalloc(  212): ion: Mapped buffer base:0x404cc000 size:4096 fd:85
I/OMXCodec(  218): [OMX.google.vorbis.decoder] End Of Stream
V/AwesomePlayer(  218): postAudioEOS delayUs (347489)
D/STATUSBAR-NetworkController( 1021): refreshSignalCluster: data=0 bt=false
D/MotionEngine(  739): [@@@ Motion Engine @@@] GetMotionScenarioId 0.260968 -0.205901 9.809643 -0.073150 0.204750 1.277500 51 20
D/MotionEngine(  739): [MotionEngine] -> PR_MOVE -> Move Recognition Lv(1)
D/MotionEngine(  739): [MotionEngine] -> Add2MotionEventQueue(LCD UP Steady(99))
D/MotionEngine(  739): [@@@ Motion Engine @@@] Event num	99	Occured
I/MotionRecognitionService(  739):  send 99=LCD_UP_STEADY ~~
D/MotionEngine(  739): [CALIBRATION] Calibration Secess(3)[0.0431 -0.4494 1.4721]
V/AwesomePlayer(  218): onCheckAudioStatus
V/AwesomePlayer(  218): onCheckAudioStatus() set AUDIO_AT_EOS flag
V/AwesomePlayer(  218): onStreamDone
V/AwesomePlayer(  218): MEDIA_PLAYBACK_COMPLETE
V/AwesomePlayer(  218): notifyListner_l() msg (2-MEDIA_PLAYBACK_COMPLETE), ext1 (0), ext2 (0)
V/MediaPlayerService(  218): [216] notify (0x43b751a8, 2, 0, 0)
V/AwesomePlayer(  218): cancelPlayerEvents (keepNotifications=1)
V/AudioSink(  218): stop
V/MediaPlayer( 1021): message received msg=2, ext1=0, ext2=0
V/MediaPlayer( 1021): playback complete
V/MediaPlayer( 1021): callback application
V/MediaPlayer( 1021): back from callback
I/AudioService(  739):  AudioFocus  abandonAudioFocus() from 1021
V/AudioPolicyManagerBase(  218): stopOutput() output 2, stream 5, session 491
V/AudioPolicyManagerBase(  218): changeRefCount() stream 5, count 0
V/AudioPolicyManagerBase(  218): getNewDevice() selected device 0
V/AudioPolicyManagerBase(  218): setOutputDevice() output 2 device 0000 force 0 delayMs 192 
V/AudioPolicyManagerBase(  218): setOutputDevice() prevDevice 0002
V/AudioPolicyManagerBase(  218): setOutputDevice() setting same device 0000 or null device for output 2
V/AwesomePlayer(  218): addBatteryData
D/MotionRecognitionManager(  739): @ member 0 =  
D/SensorManager(  739): control_motion_sensor
D/Sensors (  739): controlMotionSensor : Command = 5
E/Sensors (  739): Acc old sensor_state 3, new sensor_state : 2 en : 0
D/SensorService(  739): SensorDevice::activating sensor handle=0 ns=20000000 
D/SensorService(  739): SensorService :: controlMotionSensor = 5
D/SensorManager(  739): JNI - control_motion_sensor
D/SensorManager(  739): control_motion_sensor
D/Sensors (  739): controlMotionSensor : Command = 7
E/Sensors (  739): Gyro old sensor_state 2, new sensor_state : 0 en : 0
D/MotionRecognitionService(  739):   .unregisterCallback : 0, client= 
D/SensorService(  739): SensorDevice::activating sensor handle=3 ns=20000000 
D/SensorService(  739): SensorService :: controlMotionSensor = 7
D/SensorManager(  739): JNI - control_motion_sensor
D/SensorManager(  739): unregisterListener::  
D/SensorService(  739): MotionSensor::activate (ident=0x7176aed8, enabled=0)
D/SContextService(  739): .unregisterCallback, used =2
D/SContextService(  739): 	.unregisterCallback : 2, client=android.view.WindowOrientationListener$SContextListenerImpl@42791588
D/SContextManager(  739):   .unregisterListener : service =Auto Rotation
I/MotionRecognitionManager(  739):   .unregisterListener : / listener count = 1->0,  
D/MotionRecognitionService(  739):   .finalizeMotionEngine
I/STATUSBAR-NotificationService(  739): UnReg. OverTurn
I/InputDispatcher(  739): Delivering touch to current input target: action: 0x4
I/InputDispatcher(  739): Delivering touch to current input target: action: 0x0
I/InputDispatcher(  739): Delivering touch to current input target: action: 0x0
I/InputDispatcher(  739): Delivering touch to current input target: action: 0x0
I/InputDispatcher(  739): Delivering touch to current input target: action: 0x0
D/lights  (  739): button : 1 +
D/lights  (  739): button : 1 -
I/NotificationService(  739): cancelToast pkg=com.ganyo.pushtest callback=android.app.ITransientNotification$Stub$Proxy@44bc3270
I/InputDispatcher(  739): Delivering touch to current input target: action: 0x1
I/InputDispatcher(  739): Delivering touch to current input target: action: 0x1
I/InputDispatcher(  739): Delivering touch to current input target: action: 0x1
I/InputDispatcher(  739): Delivering touch to current input target: action: 0x1
D/GestureDetector(23128): [Surface Touch Event] mSweepDown False, mLRSDCnt : -1 mTouchCnt : 2 mFalseSizeCnt:0
I/AudioPolicyManagerBase(  218): getSituationVolume: isBTConnected:0 isHeadConnected:0
V/AudioPolicyManagerBase(  218): getParamFromPolicy  deviceInt = 0, situationInt = 1, situationVolume = 0.800000
V/AudioPolicyManagerBase(  218): getOutput() stream 1, samplingRate 0, format 0, channelMask 3, flags 0
V/AudioPolicyManagerBase(  218): getOutputsForDevice device 0002 -> 0002
V/AudioPolicyManagerBase(  218): getOutput() returns output 2
V/AudioPolicyManagerBase(  218): getOutput() stream 1, samplingRate 0, format 0, channelMask 3, flags 0
V/AudioPolicyManagerBase(  218): getOutputsForDevice device 0002 -> 0002
V/AudioPolicyManagerBase(  218): getOutput() returns output 2
V/AudioPolicyManagerBase(  218): getOutput() stream 1, samplingRate 48000, format 1, channelMask 1, flags 4
V/AudioPolicyManagerBase(  218): getOutputsForDevice device 0002 -> 0002
V/AudioPolicyManagerBase(  218): getOutput() returns output 2
V/AudioPolicyManagerBase(  218): startOutput() output 2, stream 1, session 492
V/AudioPolicyManagerBase(  218): changeRefCount() stream 1, count 1
V/AudioPolicyManagerBase(  218): getNewDevice() selected device 2
V/AudioPolicyManagerBase(  218): setOutputDevice() output 2 device 0002 force 0 delayMs 0 
V/AudioPolicyManagerBase(  218): setOutputDevice() prevDevice 0002
V/AudioPolicyManagerBase(  218): setOutputDevice() setting same device 0002 or null device for output 2
V/AudioPolicyManagerBase(  218): releaseOutput() 2
D/qdmemalloc(  212): ion: unmap_buffer base:0x0 size:2297856 offset:0 fd:86
D/qdmemalloc(  212): ion: unmap_buffer base:0x0 size:4096 offset:0 fd:89
D/qdmemalloc(  212): ion: unmap_buffer base:0x0 size:2297856 offset:0 fd:74
D/qdmemalloc(  212): ion: unmap_buffer base:0x0 size:4096 offset:0 fd:85
D/qdmemalloc(  212): ion: Mapped buffer base:0x47457000 size:2297856 fd:42
D/qdmemalloc(  212): ion: Mapped buffer base:0x404cc000 size:4096 fd:74
D/qdmemalloc(  212): ion: unmap_buffer base:0x0 size:2297856 offset:0 fd:61
D/qdmemalloc(  212): ion: unmap_buffer base:0x0 size:4096 offset:0 fd:72
D/PointerIcon(  739): setHoveringSpenIconStyle1 pointerType: 10001iconType:1 flag:0
D/PointerIcon(  739): setHoveringSpenCustomIcon IconType is same.1
E/ViewRootImpl(23128): sendUserActionEvent() mView == null
W/InputMethodManagerService(  739): Window already focused, ignoring focus gain of: com.android.internal.view.IInputMethodClient$Stub$Proxy@44bc38d0 attribute=null, token = android.os.BinderProxy@44d99b70
V/AudioPolicyManagerBase(  218): stopOutput() output 2, stream 1, session 492
V/AudioPolicyManagerBase(  218): changeRefCount() stream 1, count 0
V/AudioPolicyManagerBase(  218): getNewDevice() selected device 0
V/AudioPolicyManagerBase(  218): setOutputDevice() output 2 device 0000 force 0 delayMs 192 
V/AudioPolicyManagerBase(  218): setOutputDevice() prevDevice 0002
V/AudioPolicyManagerBase(  218): setOutputDevice() setting same device 0000 or null device for output 2
I/SurfaceFlinger(  212): id=447 Removed Nessage (3/7)
I/SurfaceFlinger(  212): id=447 Removed Nessage (-2/7)
D/qdmemalloc(  212): ion: unmap_buffer base:0x0 size:2297856 offset:0 fd:42
D/qdmemalloc(  212): ion: unmap_buffer base:0x0 size:4096 offset:0 fd:74
I/SurfaceFlinger(  212): id=448 Removed Uoast (6/6)
I/SurfaceFlinger(  212): id=448 Removed Uoast (-2/6)
D/qdmemalloc(  212): ion: unmap_buffer base:0x0 size:475136 offset:0 fd:73
D/qdmemalloc(  212): ion: unmap_buffer base:0x0 size:4096 offset:0 fd:92
D/qdoverlay(  212): Set pipe=RGB1 dpy=0; Set pipe=VG0 dpy=0; 
D/PowerManagerService(  739): [api] [s] userActivity : event: 0 flags: 0 (uid: 1000 pid: 739)
D/PowerManagerService(  739): [api] release WakeLock flags=0x2000000a tag=WindowManager uid=1000 pid=739 (0x0)
D/STATUSBAR-NetworkController( 1021): refreshSignalCluster: data=0 bt=false
D/BatteryService(  739): update start
D/BatteryService(  739): level:88, scale:100, status:2, health:2, present:true, voltage: 4211, temperature: 257, technology: Li-ion, AC powered:false, USB powered:true, Wireless powered:false, icon:17303318, invalid charger:0, online:4, charge type:1, current avg:460
D/BatteryService(  739): Sending ACTION_BATTERY_CHANGED.
D/HeadsetStateMachine( 1499): Disconnected process message: 10
D/STATUSBAR-BatteryController( 1021): onReceive() - ACTION_BATTERY_CHANGED
D/STATUSBAR-BatteryController( 1021): onReceive() - BATTERY_STATUS_CHARGING:
D/STATUSBAR-PhoneStatusBar( 1021): NORMAL_BATTERY
E/QcrilMsgTunnelSocket(21185): IOExceptionjava.io.IOException: No such file or directoryReason: No such file or directory
D/SELinux (23249): selinux_knoxprecontexthook:  Calling  selinux_knoxprecontexthook for uid: 10180 isSystemServer: 0 seinfo: default pkgname com.att.android.digitallocker:loadingProcess
D/dalvikvm(  213): GC_EXPLICIT freed 42K, 8% free 16738K/18016K, paused 8ms+3ms, total 57ms
D/dalvikvm(  213): GC_EXPLICIT freed <1K, 8% free 16738K/18016K, paused 2ms+5ms, total 28ms
I/dalvikvm(23249): Turning on JNI app bug workarounds for target SDK version 10...
D/dalvikvm(  213): GC_EXPLICIT freed <1K, 8% free 16738K/18016K, paused 2ms+2ms, total 32ms
E/MP-Decision( 1780): num online cores: 1 reqd : 2 available : 4 rq_depth:3.900000 hotplug_avg_load_dw: 33
E/MP-Decision( 1780): UP cpu:1 core_idx:1 Nw:1.900000 Tw:140 total_time_up:194.000000
D/DigitalLocker.UploadQueueProvider(23249): onCreate() called
D/DigitalLocker.UserPreferenceProvider(23249): onCreate() called
D/DigitalLocker.DiskCacheProvider(23249): onCreate() called
D/DigitalLocker.App(23249): ****application start time 1381954876843
D/DigitalLocker.App(23249): DigitalLocker.App.onCreate() called
D/DigitalLocker.ConnectionMonitor(23249): examining network info: mobile, connected:false
D/DigitalLocker.ConnectionMonitor(23249): examining network info: WIFI, connected:true
D/DigitalLocker.ConnectionMonitor(23249): examining network info: mobile_mms, connected:false
D/DigitalLocker.ConnectionMonitor(23249): examining network info: mobile_supl, connected:false
D/DigitalLocker.ConnectionMonitor(23249): examining network info: mobile_dun, connected:false
D/DigitalLocker.ConnectionMonitor(23249): examining network info: mobile_hipri, connected:false
D/DigitalLocker.ConnectionMonitor(23249): examining network info: BLUETOOTH_TETHER, connected:false
D/DigitalLocker.ConnectionMonitor(23249): examining network info: mobile_fota, connected:false
D/DigitalLocker.ConnectionMonitor(23249): examining network info: mobile_ims, connected:false
D/DigitalLocker.ConnectionMonitor(23249): examining network info: mobile_cbs, connected:false
D/DigitalLocker.ConnectionMonitor(23249): examining network info: WIFI_P2P, connected:false
D/DigitalLocker.ConnectionMonitor(23249): connected over wifi
D/Digitallocker.DownloadService(23249): Creating download service.
D/DigitalLocker.MediaObserverService(23249): onCreate() called
D/DigitalLocker.MediaObserverService(23249): registering observer for INTERNAL_IMAGES
D/DigitalLocker.MediaObserverService(23249): registering observer for EXTERNAL_IMAGES
D/DigitalLocker.MediaObserverService(23249): registering observer for INTERNAL_VIDEO
D/DigitalLocker.MediaObserverService(23249): registering observer for EXTERNAL_VIDEO
D/DigitalLocker.MediaObserverService(23249): onStartCommand() called: intent=null, flags=0, startId=38
D/DigitalLocker.UploadService(23249): onCreate() called
D/DigitalLocker.UploadService(23249): attemptUpload()
D/DigitalLocker.App(23249): userIdHash is null in the UserPreferenceMetadata; copying from legacy android preferences: null
D/DigitalLocker.UploadService(23249): checkUploadability().....before app.getCustomer() !=nullfalse
D/DigitalLocker.UploadService(23249): Checking uploadability: autoUploadEnabled=false userId null, wifiOnly=false, connectionMonitor.getNetworkState()=WIFI
D/DigitalLocker.UploadService(23249): STATUS ok
D/DigitalLocker.UploadService(23249): Starting a new worker thread
D/DigitalLocker.UploadService(23249): displayUploadIssueNotification(ok)
D/DigitalLocker.App(23249): userIdHash is null in the UserPreferenceMetadata; copying from legacy android preferences: null
D/DigitalLocker.App(23249): userIdHash is null in the UserPreferenceMetadata; copying from legacy android preferences: null
D/DigitalLocker.UploadService(23249): The worker thread has reported that it's done
D/DigitalLocker.MediaObserverService(23249): onStartCommand() called: intent=Intent { cmp=com.att.android.digitallocker/.upload.MediaObserverService (has extras) }, flags=0, startId=39
D/DigitalLocker.UploadService(23249): attemptUpload()
D/DigitalLocker.App(23249): userIdHash is null in the UserPreferenceMetadata; copying from legacy android preferences: null
D/DigitalLocker.UploadService(23249): checkUploadability().....before app.getCustomer() !=nullfalse
D/DigitalLocker.UploadService(23249): Checking uploadability: autoUploadEnabled=false userId null, wifiOnly=false, connectionMonitor.getNetworkState()=WIFI
D/DigitalLocker.UploadService(23249): STATUS ok
D/DigitalLocker.UploadService(23249): Starting a new worker thread
D/DigitalLocker.UploadService(23249): displayUploadIssueNotification(ok)
D/DigitalLocker.App(23249): userIdHash is null in the UserPreferenceMetadata; copying from legacy android preferences: null
D/DigitalLocker.App(23249): userIdHash is null in the UserPreferenceMetadata; copying from legacy android preferences: null
D/DigitalLocker.UploadService(23249): The worker thread has reported that it's done
E/MP-Decision( 1780): num online cores: 2 reqd : 1 available : 4 rq_depth:0.000000 hotplug_avg_load_dw: 14
E/MP-Decision( 1780): DOWN cpu:1 core_idx:1 Ns:1.100000 Ts:190 total_time_down:196.000000
V/GCMBroadcastReceiver(23128): onReceive: com.google.android.c2dm.intent.RECEIVE
V/GCMBroadcastReceiver(23128): GCM IntentService class: com.ganyo.pushtest.GCMIntentService
V/GCMBaseIntentService(23128): Acquiring wakelock
V/GCMBaseIntentService(23128): Intent service name: GCMIntentService-1045881103212-2
I/GCMBaseIntentService(23128): Received message: I just sent another notification
D/PowerManagerService(  739): [api] acquire WakeLock flags=0x30000006 tag=WakeLock uid=10190 pid=23128
I/com.ganyo.pushtest(23128): I just sent another notification
W/ContextImpl(  739): Calling a method in the system process without a qualified user: android.app.ContextImpl.sendBroadcast:1337 com.android.server.StatusBarManagerService.sendNotification:179 com.android.server.StatusBarManagerService.updateNotification:796 com.android.server.NotificationManagerService.enqueueNotificationInternal:1285 com.android.server.NotificationManagerService.enqueueNotificationWithTag:1145 
D/STATUSBAR-StatusBarManagerService(  739): sendNotification(2) - 0
D/ContexualWidgetMonitor(  739): action =com.android.server.NotificationManagerService.NotificationArrived
D/ContexualWidgetMonitor(  739): pkg =null
D/STATUSBAR-NotificationService(  739): enqueN playAsync Type=5
D/ProgressBar( 1021): setProgressDrawable mProgressDrawable = null, d = android.graphics.drawable.LayerDrawable@4361be98needUpdate = false
D/ProgressBar( 1021): setProgressDrawable drawableHeight = 18
D/ProgressBar( 1021): setProgress = 0
D/ProgressBar( 1021): setProgress = 0, fromUser = false
D/ProgressBar( 1021): mProgress = 0mIndeterminate = false, mMin = 0, mMax = 100
D/WindowOrientationListener(  739): enable register mbSContext: true
D/SContextService(  739): .registerCallback, used =1
D/SContextService(  739): 	.registerCallback : 3, client=android.view.WindowOrientationListener$SContextListenerImpl@42791588
D/SContextManager(  739):   .registerListener : service=Auto Rotation
V/WindowOrientationListener(  739): mSContextAutoRotationListener.getProposedRotation, mbResultFaceDectection: false
V/WindowOrientationListener(  739): mSContextAutoRotationListener.getProposedRotation, Rotation: -1
D/SensorManager(  739): get_motion_sensor
D/SensorManager(  739): JNI - get_motion_sensor
D/MotionRecognitionService(  739):   .registerCallback : 1, motion_sensors=3, client= 
D/MotionRecognitionService(  739):   .checkSettingEngineEnabled : true
D/MotionRecognitionService(  739):   .initializeMotionEngine
V/MotionRecognitionService(  739):   .updateOrientation : rotation = -1
D/SensorService(  739): MotionSensor::activate (ident=0x7176aed8, enabled=1)
D/MotionEngine(  739): [MotionEngine]->Build Binary Type(user):0
D/MotionEngine(  739): [@@@ Motion Engine @@@] InitializeMotionManager ALLLLLLLLLLLLLLLLLLLLLLLLL
D/SensorManager(  739): registerListener :: handle = 1601008243  name= Motion Sensor delay= 0  
D/SensorManager(  739): control_motion_sensor
D/Sensors (  739): controlMotionSensor : Command = 4
D/SensorService(  739): info.rates.add, set DEFAULT_EVENTS_PERIOD
E/Sensors (  739): Acc old sensor_state 0, new sensor_state : 1 en : 1
D/SensorService(  739): SensorDevice::activating sensor handle=0 ns=200000000 
I/SensorService(  739): info.selectDelay() ns=20000000  
D/PointerIcon(  739): setHoveringSpenIconStyle1 pointerType: 10001iconType:1 flag:0
D/PointerIcon(  739): setHoveringSpenCustomIcon IconType is same.1
D/SensorService(  739): SensorDevice::setDelay, Return(true 1, false 0) =  1
D/SensorService(  739): SensorService :: controlMotionSensor = 4
D/SensorManager(  739): JNI - control_motion_sensor
D/SensorManager(  739): control_motion_sensor
D/Sensors (  739): controlMotionSensor : Command = 6
D/SensorService(  739): info.rates.add, set DEFAULT_EVENTS_PERIOD
E/Sensors (  739): Gyro old sensor_state 1, new sensor_state : 3 en : 1
D/SensorService(  739): SensorDevice::activating sensor handle=3 ns=200000000 
I/SensorService(  739): info.selectDelay() ns=20000000  
D/SensorService(  739): SensorDevice::setDelay, Return(true 1, false 0) =  1
D/SensorService(  739): SensorService :: controlMotionSensor = 6
D/SensorManager(  739): JNI - control_motion_sensor
V/MotionRecognitionManager(  739):   .registerListenerEvent : success. listener count = 0->1, motion_events=1,  
V/WindowManager(  739): Window{42bcb700 u0 Keyguard}mOrientationRequetedFromKeyguard=false
I/STATUSBAR-NotificationService(  739): Reg. OverTurn
D/STATUSBAR-NotificationService(  739): Noti Alert - doVibrate true convertStoV=false
V/GCMBaseIntentService(23128): Releasing wakelock
D/PowerManagerService(  739): [api] release WakeLock flags=0x30000006 tag=WakeLock uid=10190 pid=23128 (0x0)
V/MediaPlayer-JNI( 1021): native_setup
V/MediaPlayer( 1021): constructor
V/MediaPlayer( 1021): setListener
V/MediaPlayer-JNI( 1021): setAudioStreamType: 5
V/MediaPlayer( 1021): MediaPlayer::setAudioStreamType
I/MediaPlayer( 1021): it is a Ringtone type is : 2
D/RingtoneManager( 1021): getActualDefaultRingtoneUri  type    :2
D/RingtoneManager( 1021): checkDefaultRingtoneProperUri : InternalMediaAudio uriString not null    type:2
I/MediaPlayer( 1021): It is a Not a DRM RingTone: return NULL
I/MediaPlayer( 1021): path is null
D/RingtoneManager(  739): getActualDefaultRingtoneUri  type    :2
D/RingtoneManager(  739): checkDefaultRingtoneProperUri : InternalMediaAudio uriString not null    type:2
V/MediaPlayer-JNI( 1021): setDataSourceFD: fd 90
V/MediaPlayer( 1021): setDataSource(90, 0, 576460752303423487)
V/MediaPlayerService(  218): Client(217) constructor
V/MediaPlayerService(  218): Create new client(217) from pid 1021, uid 10156, 
V/MediaPlayerService(  218): setDataSource fd=59, offset=0, length=576460752303423487
V/MediaPlayerService(  218): st_dev  = 45840
V/MediaPlayerService(  218): st_mode = 33188
V/MediaPlayerService(  218): st_uid  = 0
V/MediaPlayerService(  218): st_gid  = 0
V/MediaPlayerService(  218): st_size = 35106
V/MediaPlayerService(  218): calculated length = 35106
V/MediaPlayerService(  218): player type = 3
V/AwesomePlayer(  218): setDefault
V/AwesomePlayer(  218): constructor
V/AwesomePlayer(  218): setDefault
V/AwesomePlayer(  218): reset_l()
V/AwesomePlayer(  218): reset_l() while (mFlags & PREPARING) condition check
V/AwesomePlayer(  218): cancelPlayerEvents (keepNotifications=0)
V/AwesomePlayer(  218): mAudioTrackVector clear
V/AwesomePlayer(  218): reset_l() mAudioPlayer successfully deleted
V/AwesomePlayer(  218): mSecMediaClock clear
V/StagefrightPlayer(  218): StagefrightPlayer
V/AwesomePlayer(  218): setListener
V/StagefrightPlayer(  218): initCheck
V/AwesomePlayer(  218): AwesomePlayer running on behalf of uid 10156
V/AudioSink(  218): AudioOutput(493)
V/AwesomePlayer(  218): setAudioSink
V/StagefrightPlayer(  218): setDataSource(59, 0, 35106)
V/AwesomePlayer(  218): setDataSource (60, 0, 35106)
V/AwesomePlayer(  218): reset_l()
V/AwesomePlayer(  218): reset_l() while (mFlags & PREPARING) condition check
V/AwesomePlayer(  218): cancelPlayerEvents (keepNotifications=0)
V/AwesomePlayer(  218): mAudioTrackVector clear
V/AwesomePlayer(  218): reset_l() mAudioPlayer successfully deleted
E/MP-Decision( 1780): num online cores: 1 reqd : 3 available : 4 rq_depth:4.100000 hotplug_avg_load_dw: 49
E/MP-Decision( 1780): UP cpu:1 core_idx:1 Nw:1.900000 Tw:140 total_time_up:146.000000
V/AwesomePlayer(  218): mSecMediaClock clear
V/MediaExtractor(  218): Autodetected media content as 'application/ogg' with confidence 0.20
E/MP-Decision( 1780): UP cpu:2 core_idx:2 Nw:2.700000 Tw:90 total_time_up:146.000000
V/AwesomePlayer(  218): track of type 'audio/vorbis' does not publish bitrate
V/AwesomePlayer(  218): mBitrate = -1 bits/sec
W/AwesomePlayer(  218): couldn't get userdata - Weather
W/AwesomePlayer(  218): couldn't get userdata - Authorization 
W/AwesomePlayer(  218): couldn't get userdata - SnapShot 
W/AwesomePlayer(  218): couldn't get userdata - SMRD
V/AwesomePlayer(  218): current audio track index (0) is added to vector
V/AwesomePlayer(  218): setDataSource_l: Audio(1), Video(0)
I/AwesomePlayer(  218): AwesomePlayer::setDataSource_l():: This is not a DRM content
V/MediaPlayerService(  218):  setDataSource
V/MediaPlayerService(  218): [217] setParameter(1604)
V/StagefrightPlayer(  218): setParameter(key=1604)
V/AwesomePlayer(  218): setParameter key (1604)
V/AwesomePlayer(  218): Current Contet PID : 1021
V/MediaPlayerService(  218): [217] getParameter(1700)
V/MediaPlayer-JNI( 1021): setLooping: 0
V/MediaPlayer( 1021): MediaPlayer::setLooping
V/MediaPlayerService(  218): [217] setLooping(0)
V/StagefrightPlayer(  218): setLooping
V/AwesomePlayer(  218): setLooping (0)
V/MediaPlayer( 1021): setVideoSurfaceTexture
V/MediaPlayerService(  218): [217] setVideoSurfaceTexture(0x0)
V/MediaPlayer( 1021): prepare
V/MediaPlayerService(  218): [217] setAudioStreamType(5)
V/MediaPlayerService(  218): [217] prepareAsync
V/AwesomePlayer(  218): prepareAsync
V/AwesomePlayer(  218): onPrepareAsyncEvent
I/SecMediaClock(  218): SecMediaClock constructor
I/SecMediaClock(  218): reset
V/AwesomePlayer(  218): initAudioDecoder
D/AwesomePlayer(  218): Tunnel Mime Type: audio/vorbis, object alive = 0, mTunnelAliveAP = 0
V/AudioPolicyManagerBase(  218): getNewDevice() selected device 0
I/AudioPolicyManagerBase(  218): ### curdevice : 2
D/AwesomePlayer(  218): initAudioDecoder() curDev : 2, channelCount : 2
D/AwesomePlayer(  218): Normal Audio Playback
I/OMXCodec(  218): OMXCodec::Create mime (audio/vorbis), flags (0), matchComponentName ((null)), createEncoder (0)
I/OMXCodec(  218): Attempting to allocate OMX node 'OMX.google.vorbis.decoder'
I/OMXCodec(  218): Successfully allocated OMX node 'OMX.google.vorbis.decoder'
I/OMXCodec(  218): [OMX.google.vorbis.decoder] OMXCodec::start mState=1
I/OMXCodec(  218): [OMX.google.vorbis.decoder] allocating 4 buffers of size 8192 on input port
I/OMXCodec(  218): [OMX.google.vorbis.decoder] allocating 4 buffers of size 32768 on output port
I/OMXCodec(  218): [OMX.google.vorbis.decoder] Now Idle. Component sends idle done Event 
V/AwesomePlayer(  218): finishAsyncPrepare_l
V/AwesomePlayer(  218): notifyListner_l() msg (5-MEDIA_SET_VIDEO_SIZE), ext1 (0), ext2 (0)
V/MediaPlayerService(  218): [217] notify (0x43b32210, 5, 0, 0)
V/AwesomePlayer(  218): notifyListner_l() msg (1-MEDIA_PREPARED), ext1 (0), ext2 (0)
V/MediaPlayerService(  218): [217] notify (0x43b32210, 1, 0, 0)
V/MediaPlayer( 1021): message received msg=5, ext1=0, ext2=0
V/MediaPlayer( 1021): New video size 0 x 0
V/MediaPlayer( 1021): callback application
V/MediaPlayer( 1021): back from callback
V/MediaPlayer( 1021): message received msg=1, ext1=0, ext2=0
V/MediaPlayer( 1021): prepared
V/MediaPlayer( 1021): signal application thread
V/MediaPlayer( 1021): callback application
V/MediaPlayer( 1021): back from callback
V/MediaPlayer( 1021): prepare complete - status=0
I/AudioService(  739):  AudioFocus  requestAudioFocus() from 1021 focusChangeHint:3
I/SurfaceFlinger(  212): id=449(6) createSurf 0x40748fa4 (1x1),1 flag=4, Nessage
V/MediaPlayer-JNI( 1021): start
V/MediaPlayer( 1021): start
V/MediaPlayerService(  218): [217] setLooping(0)
V/StagefrightPlayer(  218): setLooping
V/AwesomePlayer(  218): setLooping (0)
V/MediaPlayerService(  218): [217] setVolume(1.000000, 1.000000)
V/AudioSink(  218): setVolume(1.000000, 1.000000)
V/MediaPlayerService(  218): [217] setAuxEffectSendLevel(0.000000)
V/AudioSink(  218): setAuxEffectSendLevel(0.000000)
V/MediaPlayerService(  218): [217] start
V/StagefrightPlayer(  218): setLooping
V/AwesomePlayer(  218): setLooping (0)
V/StagefrightPlayer(  218): start
V/AwesomePlayer(  218): play
V/AwesomePlayer(  218): AwesomePlayer::play_l():: This is not a DRM content
W/AwesomePlayer(  218): Trying to create tunnel player mIsTunnelAudio 0,                         LPAPlayer::objectsAlive 0,                         TunnelPlayer::mTunnelObjectsAlive = 0,                        (mAudioPlayer == NULL) 1
V/AudioPolicyManagerBase(  218): getNewDevice() selected device 0
I/AudioPolicyManagerBase(  218): ### curdevice : 2
D/AwesomePlayer(  218): curDev : 2 before make new LPAPlayer
D/AwesomePlayer(  218): channelCount : 2
V/AwesomePlayer(  218): AudioPlayer created, Non-LPA mode mime audio/vorbis duration 2033469
V/AwesomePlayer(  218): startAudioPlayer_l, sendErrorNotification (0)
I/OMXCodec(  218): [OMX.google.vorbis.decoder] 0onCmdComplete  mState =  7
I/OMXCodec(  218): [OMX.google.vorbis.decoder] PORT_DISABLED(1)
I/OMXCodec(  218): [OMX.google.vorbis.decoder] allocating 4 buffers of size 32768 on output port
V/WindowManager(  739): Window{42bcb700 u0 Keyguard}mOrientationRequetedFromKeyguard=false
I/AudioPlayer(  218):  Audioplayer kKeyAudioPCMFormat:1, 2, 0
I/AudioPlayer(  218):  Audioplayer1 (2, 1)
D/AudioSink(  218): bufferCount (4) is too small and increased to 12
V/AudioSink(  218): open(44100, 2, 0x0, 1, 12, 493)
V/AudioPolicyManagerBase(  218): getOutput() stream 5, samplingRate 0, format 0, channelMask 3, flags 0
V/AudioPolicyManagerBase(  218): getOutputsForDevice device 0002 -> 0002
V/AudioPolicyManagerBase(  218): getOutput() returns output 2
V/AudioPolicyManagerBase(  218): getOutput() stream 5, samplingRate 0, format 0, channelMask 3, flags 0
V/AudioPolicyManagerBase(  218): getOutputsForDevice device 0002 -> 0002
V/AudioPolicyManagerBase(  218): getOutput() returns output 2
V/AudioPolicyManagerBase(  218): getOutput() stream 5, samplingRate 44100, format 1, channelMask 3, flags 0
V/AudioPolicyManagerBase(  218): getOutputsForDevice device 0002 -> 0002
V/AudioPolicyManagerBase(  218): getOutput() returns output 2
V/AudioSink(  218): setVolume
V/AudioPolicyManagerBase(  218): getOutput() stream 5, samplingRate 0, format 0, channelMask 3, flags 0
V/AudioPolicyManagerBase(  218): getOutputsForDevice device 0002 -> 0002
V/AudioPolicyManagerBase(  218): getOutput() returns output 2
V/AudioSink(  218): start
V/AudioPolicyManagerBase(  218): startOutput() output 2, stream 5, session 493
V/AudioPolicyManagerBase(  218): changeRefCount() stream 5, count 1
V/AudioPolicyManagerBase(  218): getNewDevice() selected device 2
V/AudioPolicyManagerBase(  218): setOutputDevice() output 2 device 0002 force 0 delayMs 0 
V/AudioPolicyManagerBase(  218): setOutputDevice() prevDevice 0002
V/AudioPolicyManagerBase(  218): setOutputDevice() setting same device 0002 or null device for output 2
V/AwesomePlayer(  218): addBatteryData
V/MediaPlayer-JNI( 1021): release
V/MediaPlayer( 1021): setListener
V/MediaPlayer( 1021): disconnect
V/MediaPlayerService(  218): disconnect(216) from pid 1021
V/StagefrightPlayer(  218): reset
V/AwesomePlayer(  218): reset_l()
V/AwesomePlayer(  218): reset_l() while (mFlags & PREPARING) condition check
V/AwesomePlayer(  218): cancelPlayerEvents (keepNotifications=0)
V/AwesomePlayer(  218): mAudioTrackVector clear
V/AudioSink(  218): stop
V/AudioSink(  218): +++ close
V/AudioPolicyManagerBase(  218): releaseOutput() 2
V/AudioSink(  218): --- close
I/OMXCodec(  218): [OMX.google.vorbis.decoder] stop mState=4
I/OMXCodec(  218): [OMX.google.vorbis.decoder] stop() sendCommand(0x11d, OMX_CommandStateSet, OMX_StateIdle)
I/OMXCodec(  218): [OMX.google.vorbis.decoder] Now Idle. Component sends idle done Event 
I/OMXCodec(  218): [OMX.google.vorbis.decoder] stopOmxComponent_l() mstate = 1
I/AudioPlayer(  218): reset out
V/AwesomePlayer(  218): reset_l() mAudioPlayer successfully deleted
I/SecMediaClock(  218): SecMediaClock destructor
V/AwesomePlayer(  218): mSecMediaClock clear
V/StagefrightPlayer(  218): ~StagefrightPlayer
V/StagefrightPlayer(  218): reset
V/AwesomePlayer(  218): reset_l()
V/AwesomePlayer(  218): reset_l() while (mFlags & PREPARING) condition check
V/AwesomePlayer(  218): cancelPlayerEvents (keepNotifications=0)
V/AwesomePlayer(  218): mAudioTrackVector clear
V/AwesomePlayer(  218): reset_l() mAudioPlayer successfully deleted
V/AwesomePlayer(  218): mSecMediaClock clear
V/AwesomePlayer(  218): destructor
V/AwesomePlayer(  218): reset_l()
V/AwesomePlayer(  218): reset_l() while (mFlags & PREPARING) condition check
V/AwesomePlayer(  218): cancelPlayerEvents (keepNotifications=0)
V/AwesomePlayer(  218): mAudioTrackVector clear
V/AwesomePlayer(  218): reset_l() mAudioPlayer successfully deleted
V/AwesomePlayer(  218): mSecMediaClock clear
V/MediaPlayer( 1021): destructor
V/MediaPlayerService(  218): Client(216) destructor pid = 1021
V/AudioSink(  218): +++ close
V/AudioSink(  218): --- close
V/MediaPlayerService(  218): disconnect(216) from pid 1021
V/MediaPlayer( 1021): disconnect
I/MediaPlayer( 1021): Don't send intent. msg.arg1 = 0, msg.arg2 = 0
V/WindowManager(  739): Window{42bcb700 u0 Keyguard}mOrientationRequetedFromKeyguard=false
E/AudioResampler(  218): Unsupported sample format, 1 bits, 2 channels
I/AudioResampler(  218): new MM resampler(44100 -> 48000, 2)
D/qdmemalloc(  212): ion: Mapped buffer base:0x47457000 size:2297856 fd:71
D/qdmemalloc(  212): ion: Mapped buffer base:0x4006e000 size:4096 fd:89
D/MotionEngine(  739): [EXEC CAMERA] INIT.......... 
I/SurfaceFlinger(  212): id=450(7) createSurf 0x40743a3c (1x1),1 flag=4, Uoast
V/WindowManager(  739): Window{42bcb700 u0 Keyguard}mOrientationRequetedFromKeyguard=false
D/PowerManagerService(  739): [api] acquire WakeLock flags=0x2000000a tag=WindowManager uid=1000 pid=739
D/qdmemalloc(  212): ion: Mapped buffer base:0x42415000 size:475136 fd:92
D/qdmemalloc(  212): ion: Mapped buffer base:0x4007e000 size:4096 fd:93
D/qdoverlay(  212): Unset pipe=VG0 dpy=0; Unset pipe=RGB1 dpy=0; 
E/MP-Decision( 1780): num online cores: 3 reqd : 2 available : 4 rq_depth:0.300000 hotplug_avg_load_dw: 51
E/MP-Decision( 1780): DOWN cpu:2 core_idx:2 Ns:2.100000 Ts:240 total_time_down:282.000000
D/MotionEngine(  739): [MotionEngine] -> PR_MOVE -> Move Recognition Lv(2)
D/MotionEngine(  739): [@@@ Motion Engine @@@] Event num	71	Occured
I/MotionRecognitionService(  739):  send 71=FLAT ~~
D/STATUSBAR-NetworkController( 1021): refreshSignalCluster: data=0 bt=false
E/MP-Decision( 1780): num online cores: 2 reqd : 1 available : 4 rq_depth:1.000000 hotplug_avg_load_dw: 19
E/MP-Decision( 1780): DOWN cpu:1 core_idx:1 Ns:1.100000 Ts:190 total_time_down:146.000000
D/MotionEngine(  739): [@@@ Motion Engine @@@] GetMotionScenarioId 0.315436 -0.207098 9.921572 0.026950 0.204400 -0.632100 51 20
D/MotionEngine(  739): [CALIBRATION] Calibration Secess(4)[-0.0039 -0.4995 0.7812]
D/qdmemalloc(  212): ion: Mapped buffer base:0x47688000 size:2297856 fd:29
D/qdmemalloc(  212): ion: Mapped buffer base:0x40021000 size:4096 fd:72
D/qdmemalloc(  212): ion: Mapped buffer base:0x478b9000 size:2297856 fd:73
D/qdmemalloc(  212): ion: Mapped buffer base:0x40023000 size:4096 fd:84
D/STATUSBAR-NetworkController( 1021): refreshSignalCluster: data=0 bt=false
I/OMXCodec(  218): [OMX.google.vorbis.decoder] End Of Stream
D/ExtSolo (23128): Wait for Button with text: OK
V/AwesomePlayer(  218): postAudioEOS delayUs (347489)
D/MotionEngine(  739): [@@@ Motion Engine @@@] GetMotionScenarioId 0.270545 -0.223858 9.774927 0.108850 0.184450 0.846300 51 20
D/MotionEngine(  739): [MotionEngine] -> PR_MOVE -> Move Recognition Lv(1)
D/MotionEngine(  739): [MotionEngine] -> Add2MotionEventQueue(LCD UP Steady(99))
D/MotionEngine(  739): [@@@ Motion Engine @@@] Event num	99	Occured
I/MotionRecognitionService(  739):  send 99=LCD_UP_STEADY ~~
D/MotionEngine(  739): [CALIBRATION] Calibration Secess(5)[0.0262 -0.3868 1.4630]
D/MotionEngine(  739): [CALIBRATION] File Write[0.0262 -0.3868 1.4630]
V/AwesomePlayer(  218): onCheckAudioStatus
V/AwesomePlayer(  218): onCheckAudioStatus() set AUDIO_AT_EOS flag
V/AwesomePlayer(  218): onStreamDone
V/AwesomePlayer(  218): MEDIA_PLAYBACK_COMPLETE
V/AwesomePlayer(  218): notifyListner_l() msg (2-MEDIA_PLAYBACK_COMPLETE), ext1 (0), ext2 (0)
V/MediaPlayerService(  218): [217] notify (0x43b32210, 2, 0, 0)
V/AwesomePlayer(  218): cancelPlayerEvents (keepNotifications=1)
V/AudioSink(  218): stop
V/MediaPlayer( 1021): message received msg=2, ext1=0, ext2=0
V/MediaPlayer( 1021): playback complete
V/MediaPlayer( 1021): callback application
V/MediaPlayer( 1021): back from callback
V/AudioPolicyManagerBase(  218): stopOutput() output 2, stream 5, session 493
V/AudioPolicyManagerBase(  218): changeRefCount() stream 5, count 0
V/AudioPolicyManagerBase(  218): getNewDevice() selected device 0
V/AudioPolicyManagerBase(  218): setOutputDevice() output 2 device 0000 force 0 delayMs 192 
V/AudioPolicyManagerBase(  218): setOutputDevice() prevDevice 0002
V/AudioPolicyManagerBase(  218): setOutputDevice() setting same device 0000 or null device for output 2
I/AudioService(  739):  AudioFocus  abandonAudioFocus() from 1021
V/AwesomePlayer(  218): addBatteryData
D/MotionRecognitionManager(  739): @ member 0 =  
D/SensorManager(  739): control_motion_sensor
D/Sensors (  739): controlMotionSensor : Command = 5
E/Sensors (  739): Acc old sensor_state 3, new sensor_state : 2 en : 0
D/SensorService(  739): SensorDevice::activating sensor handle=0 ns=20000000 
D/SensorService(  739): SensorService :: controlMotionSensor = 5
D/SensorManager(  739): JNI - control_motion_sensor
D/SensorManager(  739): control_motion_sensor
D/Sensors (  739): controlMotionSensor : Command = 7
E/Sensors (  739): Gyro old sensor_state 2, new sensor_state : 0 en : 0
D/SensorService(  739): SensorDevice::activating sensor handle=3 ns=20000000 
D/SensorService(  739): SensorService :: controlMotionSensor = 7
D/SensorManager(  739): JNI - control_motion_sensor
D/SensorManager(  739): unregisterListener::  
D/SensorService(  739): MotionSensor::activate (ident=0x7176aed8, enabled=0)
D/SContextService(  739): .unregisterCallback, used =2
D/SContextService(  739): 	.unregisterCallback : 2, client=android.view.WindowOrientationListener$SContextListenerImpl@42791588
D/SContextManager(  739):   .unregisterListener : service =Auto Rotation
I/MotionRecognitionManager(  739):   .unregisterListener : / listener count = 1->0,  
D/MotionRecognitionService(  739):   .unregisterCallback : 0, client= 
D/MotionRecognitionService(  739):   .finalizeMotionEngine
I/STATUSBAR-NotificationService(  739): UnReg. OverTurn
D/ExtSolo (23128): Click on Button with text: OK
E/QcrilMsgTunnelSocket(21185): IOExceptionjava.io.IOException: No such file or directoryReason: No such file or directory
D/lights  (  739): button : 0 +
D/lights  (  739): button : 0 -
I/Monitor (  739): SIOP:: Current AP = 330, CP = 0
D/Monitor (  739): SIOPLevel:: Name = Level0, ArmFreq = -1(-1), ArmCoreNum = -1, ChargeCurrent = -1, LCDBrightness = -1, Flash = false, ACL = false, Temp = -1, recordingStop = false
I/AmoledAdjustTimer(  739): prevTemp = 256, currTemp = 257, prevStep = 4, currStep = 4
I/InputDispatcher(  739): Delivering touch to current input target: action: 0x0
I/InputDispatcher(  739): Delivering touch to current input target: action: 0x0
I/InputDispatcher(  739): Delivering touch to current input target: action: 0x0
I/InputDispatcher(  739): Delivering touch to current input target: action: 0x0
D/lights  (  739): button : 1 +
D/lights  (  739): button : 1 -
I/InputDispatcher(  739): Delivering touch to current input target: action: 0x1
I/InputDispatcher(  739): Delivering touch to current input target: action: 0x1
I/InputDispatcher(  739): Delivering touch to current input target: action: 0x1
I/InputDispatcher(  739): Delivering touch to current input target: action: 0x1
D/GestureDetector(23128): [Surface Touch Event] mSweepDown False, mLRSDCnt : -1 mTouchCnt : 2 mFalseSizeCnt:0
I/AudioPolicyManagerBase(  218): getSituationVolume: isBTConnected:0 isHeadConnected:0
V/AudioPolicyManagerBase(  218): getParamFromPolicy  deviceInt = 0, situationInt = 1, situationVolume = 0.800000
V/AudioPolicyManagerBase(  218): getOutput() stream 1, samplingRate 0, format 0, channelMask 3, flags 0
V/AudioPolicyManagerBase(  218): getOutputsForDevice device 0002 -> 0002
V/AudioPolicyManagerBase(  218): getOutput() returns output 2
V/AudioPolicyManagerBase(  218): getOutput() stream 1, samplingRate 0, format 0, channelMask 3, flags 0
V/AudioPolicyManagerBase(  218): getOutputsForDevice device 0002 -> 0002
V/AudioPolicyManagerBase(  218): getOutput() returns output 2
V/AudioPolicyManagerBase(  218): getOutput() stream 1, samplingRate 48000, format 1, channelMask 1, flags 4
V/AudioPolicyManagerBase(  218): getOutputsForDevice device 0002 -> 0002
V/AudioPolicyManagerBase(  218): getOutput() returns output 2
V/AudioPolicyManagerBase(  218): startOutput() output 2, stream 1, session 494
V/AudioPolicyManagerBase(  218): changeRefCount() stream 1, count 1
V/AudioPolicyManagerBase(  218): getNewDevice() selected device 2
V/AudioPolicyManagerBase(  218): setOutputDevice() output 2 device 0002 force 0 delayMs 0 
V/AudioPolicyManagerBase(  218): setOutputDevice() prevDevice 0002
V/AudioPolicyManagerBase(  218): setOutputDevice() setting same device 0002 or null device for output 2
V/AudioPolicyManagerBase(  218): releaseOutput() 2
D/qdmemalloc(  212): ion: unmap_buffer base:0x0 size:2297856 offset:0 fd:29
D/qdmemalloc(  212): ion: unmap_buffer base:0x0 size:4096 offset:0 fd:72
D/qdmemalloc(  212): ion: unmap_buffer base:0x0 size:2297856 offset:0 fd:73
D/qdmemalloc(  212): ion: unmap_buffer base:0x0 size:4096 offset:0 fd:84
D/qdmemalloc(  212): ion: Mapped buffer base:0x47688000 size:2297856 fd:29
D/qdmemalloc(  212): ion: Mapped buffer base:0x404b1000 size:4096 fd:42
D/qdmemalloc(  212): ion: unmap_buffer base:0x0 size:2297856 offset:0 fd:71
D/qdmemalloc(  212): ion: unmap_buffer base:0x0 size:4096 offset:0 fd:89
D/PointerIcon(  739): setHoveringSpenIconStyle1 pointerType: 10001iconType:1 flag:0
D/PointerIcon(  739): setHoveringSpenCustomIcon IconType is same.1
E/ViewRootImpl(23128): sendUserActionEvent() mView == null
W/InputMethodManagerService(  739): Window already focused, ignoring focus gain of: com.android.internal.view.IInputMethodClient$Stub$Proxy@44d24d18 attribute=null, token = android.os.BinderProxy@44d99b70
V/AudioPolicyManagerBase(  218): stopOutput() output 2, stream 1, session 494
V/AudioPolicyManagerBase(  218): changeRefCount() stream 1, count 0
V/AudioPolicyManagerBase(  218): getNewDevice() selected device 0
V/AudioPolicyManagerBase(  218): setOutputDevice() output 2 device 0000 force 0 delayMs 192 
V/AudioPolicyManagerBase(  218): setOutputDevice() prevDevice 0002
V/AudioPolicyManagerBase(  218): setOutputDevice() setting same device 0000 or null device for output 2
I/SurfaceFlinger(  212): id=450 Removed Uoast (7/7)
I/SurfaceFlinger(  212): id=450 Removed Uoast (-2/7)
D/qdmemalloc(  212): ion: unmap_buffer base:0x0 size:475136 offset:0 fd:92
D/qdmemalloc(  212): ion: unmap_buffer base:0x0 size:4096 offset:0 fd:93
D/PowerManagerService(  739): [api] [s] userActivity : event: 0 flags: 0 (uid: 1000 pid: 739)
D/PowerManagerService(  739): [api] release WakeLock flags=0x2000000a tag=WindowManager uid=1000 pid=739 (0x0)
D/qdoverlay(  212): Set pipe=RGB1 dpy=0; Set pipe=VG0 dpy=0; 
I/SurfaceFlinger(  212): id=449 Removed Nessage (3/6)
I/SurfaceFlinger(  212): id=449 Removed Nessage (-2/6)
D/qdmemalloc(  212): ion: unmap_buffer base:0x0 size:2297856 offset:0 fd:29
D/qdmemalloc(  212): ion: unmap_buffer base:0x0 size:4096 offset:0 fd:42
D/qdoverlay(  212): Unset pipe=VG0 dpy=0; Unset pipe=RGB1 dpy=0; 
D/ExtSolo (23128): Wait for TextView with text: Hello world!
D/ALSADevice(  218): standby: handle 0x43a8cd40 h 0x0
V/ALSADevice(  218): standby handle h 0x43b70d60
E/QcrilMsgTunnelSocket(21185): IOExceptionjava.io.IOException: No such file or directoryReason: No such file or directory
D/alsa_ucm(  218): snd_use_case_set(): uc_mgr 0x43904fe8 identifier _verb value Inactive
D/alsa_ucm(  218): Set mixer controls for HiFi enable 0
D/alsa_ucm(  218): Setting mixer control: SLIMBUS_0_RX Audio Mixer MultiMedia1, value: 0
V/ALSADevice(  218): Number of modifiers 0
V/ALSADevice(  218): usecase_type is 0
D/alsa_ucm(  218): snd_use_case_set(): uc_mgr 0x43904fe8 identifier _disdev value VR Main Mic
D/alsa_ucm(  218): disdev: device VR Main Mic not enabled, no need to disable
D/alsa_ucm(  218): snd_use_case_set(): uc_mgr 0x43904fe8 identifier _disdev value Speaker
D/alsa_ucm(  218): Set mixer controls for Speaker enable 0
D/alsa_ucm(  218): Setting mixer control: RX5 MIX1 INP1, value: ZERO
D/alsa_ucm(  218): Setting mixer control: RX5 MIX1 INP2, value: ZERO
D/alsa_ucm(  218): Setting mixer control: LINEOUT2 Volume, value: 0
D/alsa_ucm(  218): Setting mixer control: LINEOUT4 Volume, value: 0
D/alsa_ucm(  218): Setting mixer control: RX5 Digital Volume, value: 0
D/ExtSolo (23128): Log info in LogCat, tag: "automation debug", msg: "Received 2 pushed notifications correctly: Hello world!
D/ExtSolo (23128): Device registered as: APA91bFxgTLXLtVVvcJfe32GWqHvy9SWT-0Rh8D40Xkb6CnsPH6AOpctbPQJEv7va5onEflv_sUcKQ7MZDKcE3DFwbp764Cc8JC_u6tt0VcDzTRAkgfVZ822LLD9KnSLIk-Nv8v9sOikdglgctMY18UAxd7giJjEuw
D/ExtSolo (23128): I just sent another notification
D/ExtSolo (23128): I just sent another notification"
I/automation debug(23128): Received 2 pushed notifications correctly: Hello world!
I/automation debug(23128): Device registered as: APA91bFxgTLXLtVVvcJfe32GWqHvy9SWT-0Rh8D40Xkb6CnsPH6AOpctbPQJEv7va5onEflv_sUcKQ7MZDKcE3DFwbp764Cc8JC_u6tt0VcDzTRAkgfVZ822LLD9KnSLIk-Nv8v9sOikdglgctMY18UAxd7giJjEuw
I/automation debug(23128): I just sent another notification
I/automation debug(23128): I just sent another notification
D/ExtSolo (23128): Log info in LogCat, tag: "automation debug", msg: "Done with push notification test at mobile side"
I/automation debug(23128): Done with push notification test at mobile side
D/dalvikvm(23128): GC_CONCURRENT freed 418K, 20% free 20662K/25768K, paused 10ms+3ms, total 52ms
D/qdmemalloc(  212): ion: Mapped buffer base:0x47457000 size:1835008 fd:42
D/qdmemalloc(  212): ion: Mapped buffer base:0x404b1000 size:4096 fd:60
D/qdmemalloc(  212): ion: unmap_buffer base:0x0 size:1835008 offset:0 fd:42
D/qdmemalloc(  212): ion: unmap_buffer base:0x0 size:4096 offset:0 fd:60
W/ContextImpl(  739): Calling a method in the system process without a qualified user: android.app.ContextImpl.sendBroadcast:1337 com.android.server.am.ActivityStack.startPausingLocked:1315 com.android.server.am.ActivityStack.finishActivityLocked:5712 com.android.server.am.ActivityStack.finishActivityLocked:5626 com.android.server.am.ActivityStack.requestFinishActivityLocked:5542 
I/CustomFrequencyManager(  739): newFrequencyRequest  - mFrequency = 1350000, mTimeoutMs = -1, mPkgName = ACTIVITY_RESUME_BOOSTER@5
I/CustomFrequencyManager(  739): Boost Request from package = ACTIVITY_RESUME_BOOSTER@5 frequency : 1350000type = 6
I/CustomFrequencyManager(  739): !! pkgName = ACTIVITY_RESUME_BOOSTER@5
I/CustomFrequencyManager(  739): Request from package name pkgName = ACTIVITY_RESUME_BOOSTER@5
I/CustomFrequencyManager(  739): mContext is Not Null  mContext.pkgName = android
I/CustomFrequencyManager(  739): 2 Old token will be reused!
I/CustomFrequencyManager(  739): CPUDVFSControlRequest : doFrequencyRequest::  = 1350000 Timeout : -1
I/power   (  739): *** acquire_dvfs_lock : lockType : 1  freq : 1350000 
V/SmartFaceService - 3rd party pause(  739): onReceive [android.intent.action.ACTIVITY_STATE/com.ganyo.pushtest/pause]
D/CustomFrequencyManagerService(  739): acquireDVFSLockLocked : type : DVFS_MIN_LIMIT  frequency : 1350000  uid : 1000  pid : 739  pkgName : ACTIVITY_RESUME_BOOSTER@5
W/ActivityManager(  739): mDVFSHelper.acquire()
D/PointerIcon(  739): setHoveringSpenIconStyle1 pointerType: 10001iconType:1 flag:0
D/PointerIcon(  739): setHoveringSpenCustomIcon IconType is same.1
W/ContextImpl(  739): Calling a method in the system process without a qualified user: android.app.ContextImpl.sendBroadcast:1323 com.android.server.am.ActivityManagerService.computeOomAdjLocked:14854 com.android.server.am.ActivityManagerService.computeOomAdjLocked:14514 com.android.server.am.ActivityManagerService.computeOomAdjLocked:14514 com.android.server.am.ActivityManagerService.updateOomAdjLocked:15145 
W/ContextImpl(  739): Calling a method in the system process without a qualified user: android.app.ContextImpl.sendBroadcast:1323 com.android.server.am.ActivityManagerService.computeOomAdjLocked:14860 com.android.server.am.ActivityManagerService.computeOomAdjLocked:14514 com.android.server.am.ActivityManagerService.computeOomAdjLocked:14514 com.android.server.am.ActivityManagerService.updateOomAdjLocked:15145 
D/WindowManager(  739): computeScreenConfigurationLocked() set config.orientation=1 dw=1080 dh=1920 Callers=com.android.server.wm.WindowManagerService.updateOrientationFromAppTokensLocked:5124 com.android.server.wm.WindowManagerService.updateOrientationFromAppTokens:5093 com.android.server.am.ActivityStack.resumeTopActivityLocked:2558 
D/PowerManagerService(  739): setKeyboardVisibility: false
D/Launcher( 1208): onRestart, Launcher: 1111016112
D/Launcher( 1208): onStart, Launcher: 1111016112
D/Launcher.HomeView( 1208): onStart
W/ContextImpl(  739): Calling a method in the system process without a qualified user: android.app.ContextImpl.sendBroadcast:1337 com.android.server.am.ActivityStack.resumeTopActivityLocked:2622 com.android.server.am.ActivityStack.resumeTopActivityLocked:2169 com.android.server.am.ActivityStack.resumeTopActivityLocked:2155 com.android.server.am.ActivityStack.completePauseLocked:1623 
V/SmartFaceService - 3rd party pause(  739): onReceive [android.intent.action.ACTIVITY_STATE/com.sec.android.app.launcher/resume]
I/LSS-II: (  739): proc out:com.sec.android.widgetapp.ap.hero.accuweather,adj=1,i=77
I/LSS-II: (  739): proc in:com.google.android.apps.plus,adj=13LRU num=81,i=39
I/LSS-II: (  739): proc in:com.google.android.partnersetup,adj=13LRU num=81,i=38
I/LSS-II: (  739): proc in:com.sec.android.service.cm,adj=13LRU num=81,i=37
I/LSS-II: (  739): proc in:com.sec.android.app.FileShareServer,adj=15LRU num=81,i=36
D/Launcher( 1208): onResume, Launcher: 1111016112
D/Launcher.HomeView( 1208): onResume
D/SurfaceWidgetClient$ISurfaceWidgetStub( 1462): [123490] Surface widget resume on instance = 1
D/accuweather( 1462): [Accuweather J]>>> SWW:174 [0:0] [SWW] onResume : rI = 1
D/accuweather( 1462): [Accuweather J]>>> SWW:181 [0:0] [SWW] onResume : size = 1
D/accuweather( 1462): [Accuweather J]>>> DBH:1591 [0:0] gADWI : count = 1
D/qdoverlay(  212): Set pipe=RGB1 dpy=0; Set pipe=VG0 dpy=0; 
D/MenuAppsGridFragment( 1208): onResume
D/SurfaceWidgetClient$ISurfaceWidgetStub( 1462): [123490] Surface widget visibility changed visibility = true on instance = 1
D/SurfaceWidgetClient$ISurfaceWidgetStub( 1475): [123490] Surface widget visibility changed visibility = true on instance = 1
D/SurfaceWidget.Renderer( 1462): [123490] SurfaceWidgetRenderer waiting done: 1 (Thread[Thread-70,5,main])
D/SurfaceWidget.Renderer( 1462): [123490] SurfaceWidgetRenderer waiting: 1 (Thread[Thread-70,5,main])
I/LSS-II: (  739): proc in:com.nuance.swype.input,adj=13LRU num=81,i=39
I/SurfaceFlinger(  212): id=451(69) createSurf 0x4073fa4c (1080x1920),1 flag=4, Mauncher
D/STATUSBAR-StatusBarManagerService(  739): manageDisableList what=0x0 pkg=WindowManager.LayoutParams
