I/QCameraHWI(  218): enableMsgType: E, msgType =0x10
I/QCameraHWI(  218): enableMsgType: X, msgType =0x10, mMsgEnabled=0xc1d
D/PowerManagerService(  739): [api] acquire WakeLock flags=0x2000000a tag=WindowManager uid=1000 pid=739
E/SmartFaceService(  739): Orientation: 0
E/SmartFaceService(  739): Calling onPreviewFrame: Thread[Scroll/Pause Worker,5,main]/13921307
E/SmartFaceService(  739): Calling onPreviewFrame: Thread[Stay/Rotation Worker,5,main]/13921307
D/DMCFaceEngine(  739): fd_find_run : core number 4
D/DMCFaceEngine(  739): caIF_RunFaceDetection_SmartStayRotation : Detected No Face
D/DMCFaceEngine(  739): caSmartDP_SmartStay : caIF_RunFaceDetection_SmartStayRotation time 27863
D/DMCFaceEngine(  739): caSmartDP_SmartStay : loop End dir 3
D/DMCFaceEngine(  739): caSmartDP_SmartStay : single eye detection loop start _ dir 3
D/DMCFaceEngine(  739): caIF_RunEyeDetection_MCT_IRS : caIF_RunEyeDetection_MCT_IRS START
D/DMCFaceEngine(  739): caIF_RunEyeDetection_MCT_IRS : Width 180, Height 320
D/qdmemalloc(  212): ion: Mapped buffer base:0x47f15000 size:1474560 fd:41
D/qdmemalloc(  212): ion: Mapped buffer base:0x404cc000 size:4096 fd:90
V/SecCameraCoreManager(  218): __data_cb
V/SecCamera-JNI-Cpp(  739): dataCallback(16, 0x6ccf78e0)
V/SecCamera-JNI-Cpp(  739): copyAndPost: off=0, size=194400
V/SecCamera-JNI-Cpp(  739): Using callback buffer from queue of length 1
V/SecCamera-JNI-Cpp(  739): Out of buffers, clearing callback!
E/mm-camera(  236): sensor_client_set_params: cmd type: 1
D/SecCameraCoreManager(  218): disableMsgType: 0x10
E/QualcommCamera(  218): Qvoid android::disable_msg_type(camera_device*, int32_t): E
I/QCameraHWI(  218): disableMsgType: E
I/QCameraHWI(  218): disableMsgType: X, msgType =0x10, mMsgEnabled=0xc0d
D/SecCamera-JNI-Java(  739): handleMessage: 16
V/SecCamera-JNI-Cpp(  739): addCallbackBuffer: 0x10
V/SecCamera-JNI-Cpp(  739): addCallbackBuffer: 0x10
V/SecCamera-JNI-Cpp(  739): Adding callback buffer to queue, 1 total
D/SecCameraCoreManager(  218): enableMsgType: 0x10
I/QCameraHWI(  218): enableMsgType: E, msgType =0x10
I/QCameraHWI(  218): enableMsgType: X, msgType =0x10, mMsgEnabled=0xc1d
E/SmartFaceService(  739): Orientation: 0
E/SmartFaceService(  739): Calling onPreviewFrame: Thread[Scroll/Pause Worker,5,main]/13921341
E/SmartFaceService(  739): Calling onPreviewFrame: Thread[Stay/Rotation Worker,5,main]/13921341
D/qdmemalloc(  212): ion: Mapped buffer base:0x4807d000 size:8355840 fd:74
D/DMCFaceEngine(  739): caIF_RunEyeDetection_MCT_IRS : caIF_RunEyeDetection_MCT_IRS END
D/DMCFaceEngine(  739): caSmartDP_SmartStay : caIF_FindEyes_IRS time 46082
D/DMCFaceEngine(  739): caSmartDP_SmartStay : Single Eye Detection Fail dir 1
D/DMCFaceEngine(  739): caSmartDP_SmartStay : single eye detection loop start _ dir 1
D/DMCFaceEngine(  739): caIF_RunEyeDetection_MCT_IRS : caIF_RunEyeDetection_MCT_IRS START
D/DMCFaceEngine(  739): caIF_RunEyeDetection_MCT_IRS : Width 320, Height 180
D/qdmemalloc(  212): ion: Mapped buffer base:0x40081000 size:4096 fd:92
V/SecCameraCoreManager(  218): __data_cb
V/SecCamera-JNI-Cpp(  739): dataCallback(16, 0x719b67d8)
V/SecCamera-JNI-Cpp(  739): copyAndPost: off=0, size=194400
D/qdoverlay(  212): Unset pipe=VG0 dpy=0; Unset pipe=RGB1 dpy=0; 
E/mm-camera(  236): sensor_client_set_params: cmd type: 1
V/SecCamera-JNI-Cpp(  739): Using callback buffer from queue of length 1
V/SecCamera-JNI-Cpp(  739): Out of buffers, clearing callback!
D/SecCameraCoreManager(  218): disableMsgType: 0x10
E/QualcommCamera(  218): Qvoid android::disable_msg_type(camera_device*, int32_t): E
I/QCameraHWI(  218): disableMsgType: E
I/QCameraHWI(  218): disableMsgType: X, msgType =0x10, mMsgEnabled=0xc0d
D/SecCamera-JNI-Java(  739): handleMessage: 16
V/SecCamera-JNI-Cpp(  739): addCallbackBuffer: 0x10
V/SecCamera-JNI-Cpp(  739): addCallbackBuffer: 0x10
V/SecCamera-JNI-Cpp(  739): Adding callback buffer to queue, 1 total
D/SecCameraCoreManager(  218): enableMsgType: 0x10
I/QCameraHWI(  218): enableMsgType: E, msgType =0x10
I/QCameraHWI(  218): enableMsgType: X, msgType =0x10, mMsgEnabled=0xc1d
E/SmartFaceService(  739): Orientation: 0
E/SmartFaceService(  739): Calling onPreviewFrame: Thread[Scroll/Pause Worker,5,main]/13921374
E/SmartFaceService(  739): Calling onPreviewFrame: Thread[Stay/Rotation Worker,5,main]/13921374
E/mm-camera(  236): [LizKK] afd_peak_ctrl_byluma: exp_index 270, exp_tbl_val: 400
V/SecCameraCoreManager(  218): __data_cb
E/mm-camera(  236): afd_multiple_peaks max_peaks 1
E/mm-camera(  236): afd_detect_flicker actual_peaks 0
E/mm-camera(  236): afd_detect_bands: flicker 0
E/mm-camera(  236): afd_algo_run: AFD success, std_width -1, flicker_freq 50
V/SecCamera-JNI-Cpp(  739): dataCallback(16, 0x719b67d8)
V/SecCamera-JNI-Cpp(  739): copyAndPost: off=0, size=194400
V/SecCamera-JNI-Cpp(  739): Using callback buffer from queue of length 1
V/SecCamera-JNI-Cpp(  739): Out of buffers, clearing callback!
E/mm-camera(  236): sensor_client_set_params: cmd type: 1
D/SecCameraCoreManager(  218): disableMsgType: 0x10
E/QualcommCamera(  218): Qvoid android::disable_msg_type(camera_device*, int32_t): E
I/QCameraHWI(  218): disableMsgType: E
I/QCameraHWI(  218): disableMsgType: X, msgType =0x10, mMsgEnabled=0xc0d
D/SecCamera-JNI-Java(  739): handleMessage: 16
V/SecCamera-JNI-Cpp(  739): addCallbackBuffer: 0x10
V/SecCamera-JNI-Cpp(  739): addCallbackBuffer: 0x10
V/SecCamera-JNI-Cpp(  739): Adding callback buffer to queue, 1 total
D/SecCameraCoreManager(  218): enableMsgType: 0x10
I/QCameraHWI(  218): enableMsgType: E, msgType =0x10
I/QCameraHWI(  218): enableMsgType: X, msgType =0x10, mMsgEnabled=0xc1d
E/SmartFaceService(  739): Orientation: 0
E/SmartFaceService(  739): Calling onPreviewFrame: Thread[Scroll/Pause Worker,5,main]/13921408
E/SmartFaceService(  739): Calling onPreviewFrame: Thread[Stay/Rotation Worker,5,main]/13921408
D/DMCFaceEngine(  739): caIF_RunEyeDetection_MCT_IRS : caIF_RunEyeDetection_MCT_IRS END
D/DMCFaceEngine(  739): caSmartDP_SmartStay : caIF_FindEyes_IRS time 57800
D/DMCFaceEngine(  739): caSmartDP_SmartStay : Single Eye Detection Fail dir 0
D/DMCFaceEngine(  739): caSmartDP_SmartStay : single eye detection loop start _ dir 0
D/DMCFaceEngine(  739): caIF_RunEyeDetection_MCT_IRS : caIF_RunEyeDetection_MCT_IRS START
D/DMCFaceEngine(  739): caIF_RunEyeDetection_MCT_IRS : Width 180, Height 320
V/SecCameraCoreManager(  218): __data_cb
V/SecCamera-JNI-Cpp(  739): dataCallback(16, 0x719b67d8)
V/SecCamera-JNI-Cpp(  739): copyAndPost: off=0, size=194400
E/mm-camera(  236): sensor_client_set_params: cmd type: 1
V/SecCamera-JNI-Cpp(  739): Using callback buffer from queue of length 1
V/SecCamera-JNI-Cpp(  739): Out of buffers, clearing callback!
D/SecCameraCoreManager(  218): disableMsgType: 0x10
E/QualcommCamera(  218): Qvoid android::disable_msg_type(camera_device*, int32_t): E
I/QCameraHWI(  218): disableMsgType: E
I/QCameraHWI(  218): disableMsgType: X, msgType =0x10, mMsgEnabled=0xc0d
D/SecCamera-JNI-Java(  739): handleMessage: 16
V/SecCamera-JNI-Cpp(  739): addCallbackBuffer: 0x10
V/SecCamera-JNI-Cpp(  739): addCallbackBuffer: 0x10
V/SecCamera-JNI-Cpp(  739): Adding callback buffer to queue, 1 total
D/SecCameraCoreManager(  218): enableMsgType: 0x10
I/QCameraHWI(  218): enableMsgType: E, msgType =0x10
I/QCameraHWI(  218): enableMsgType: X, msgType =0x10, mMsgEnabled=0xc1d
E/SmartFaceService(  739): Orientation: 0
E/SmartFaceService(  739): Calling onPreviewFrame: Thread[Scroll/Pause Worker,5,main]/13921442
E/SmartFaceService(  739): Calling onPreviewFrame: Thread[Stay/Rotation Worker,5,main]/13921442
D/DMCFaceEngine(  739): caIF_RunEyeDetection_MCT_IRS : caIF_RunEyeDetection_MCT_IRS END
D/DMCFaceEngine(  739): caSmartDP_SmartStay : caIF_FindEyes_IRS time 43030
D/DMCFaceEngine(  739): caSmartDP_SmartStay : Single Eye Detection Fail dir 2
D/DMCFaceEngine(  739): caSmartDP_SmartStay : single eye detection loop start _ dir 2
D/DMCFaceEngine(  739): caIF_RunEyeDetection_MCT_IRS : caIF_RunEyeDetection_MCT_IRS START
D/DMCFaceEngine(  739): caIF_RunEyeDetection_MCT_IRS : Width 320, Height 180
V/SecCameraCoreManager(  218): __data_cb
V/SecCamera-JNI-Cpp(  739): dataCallback(16, 0x719b67d8)
V/SecCamera-JNI-Cpp(  739): copyAndPost: off=0, size=194400
V/SecCamera-JNI-Cpp(  739): Using callback buffer from queue of length 1
V/SecCamera-JNI-Cpp(  739): Out of buffers, clearing callback!
D/SecCameraCoreManager(  218): disableMsgType: 0x10
E/QualcommCamera(  218): Qvoid android::disable_msg_type(camera_device*, int32_t): E
I/QCameraHWI(  218): disableMsgType: E
I/QCameraHWI(  218): disableMsgType: X, msgType =0x10, mMsgEnabled=0xc0d
E/mm-camera(  236): sensor_client_set_params: cmd type: 1
D/SecCamera-JNI-Java(  739): handleMessage: 16
V/SecCamera-JNI-Cpp(  739): addCallbackBuffer: 0x10
V/SecCamera-JNI-Cpp(  739): addCallbackBuffer: 0x10
V/SecCamera-JNI-Cpp(  739): Adding callback buffer to queue, 1 total
D/SecCameraCoreManager(  218): enableMsgType: 0x10
I/QCameraHWI(  218): enableMsgType: E, msgType =0x10
I/QCameraHWI(  218): enableMsgType: X, msgType =0x10, mMsgEnabled=0xc1d
E/SmartFaceService(  739): Orientation: 0
E/SmartFaceService(  739): Calling onPreviewFrame: Thread[Scroll/Pause Worker,5,main]/13921475
E/SmartFaceService(  739): Calling onPreviewFrame: Thread[Stay/Rotation Worker,5,main]/13921475
V/SecCameraCoreManager(  218): __data_cb
V/SecCamera-JNI-Cpp(  739): dataCallback(16, 0x719b67d8)
V/SecCamera-JNI-Cpp(  739): copyAndPost: off=0, size=194400
V/SecCamera-JNI-Cpp(  739): Using callback buffer from queue of length 1
V/SecCamera-JNI-Cpp(  739): Out of buffers, clearing callback!
D/SecCameraCoreManager(  218): disableMsgType: 0x10
E/QualcommCamera(  218): Qvoid android::disable_msg_type(camera_device*, int32_t): E
I/QCameraHWI(  218): disableMsgType: E
I/QCameraHWI(  218): disableMsgType: X, msgType =0x10, mMsgEnabled=0xc0d
D/SecCamera-JNI-Java(  739): handleMessage: 16
V/SecCamera-JNI-Cpp(  739): addCallbackBuffer: 0x10
V/SecCamera-JNI-Cpp(  739): addCallbackBuffer: 0x10
V/SecCamera-JNI-Cpp(  739): Adding callback buffer to queue, 1 total
D/SecCameraCoreManager(  218): enableMsgType: 0x10
I/QCameraHWI(  218): enableMsgType: E, msgType =0x10
I/QCameraHWI(  218): enableMsgType: X, msgType =0x10, mMsgEnabled=0xc1d
D/DMCFaceEngine(  739): caIF_RunEyeDetection_MCT_IRS : caIF_RunEyeDetection_MCT_IRS END
D/DMCFaceEngine(  739): caSmartDP_SmartStay : caIF_FindEyes_IRS time 55267
D/DMCFaceEngine(  739): caSmartDP_SmartStay : Single Eye Detection Fail dir 3
D/DMCFaceEngine(  739): caSmartDP_SmartStay : Detection Fail
D/DMCFaceEngine(  739): caSmartDP_SmartStay result [-1] - [5.000000]
D/DMCFaceEngine(  739): caSmartDP_DetermineFixedDevice : TmpFile exists /data/smart_stay.dmc 
D/DMCFaceEngine(  739): caSmartDP_DetermineFixedDevice : FIXED OR NOT  : difference 109.194279
D/DMCFaceEngine(  739): caSmartDP_DetermineFixedDevice : TmpFile making start /data/smart_stay.dmc 
D/DMCFaceEngine(  739): caSmartDP_DetermineFixedDevice : TmpFile making end /data/smart_stay.dmc 
D/DMCFaceEngine(  739): face : X[0] Y[0] W[0] H[0]
D/DMCFaceEngine(  739): eye  : LX[0] LY[0] RX[0] RY[0]
D/DMCFaceEngine(  739): [0] determine result [-1]
E/SmartScreen_JNI(  739): processImage end : function time [ 345947 ]
E/SmartScreen_JNI(  739): processImage start : prev time [ 346222 ]
E/SmartFaceManager(  739): checkForSmartStay onInfo: 100: 0
D/SmartScreen_JNI(  739): tmpfile : /data/smart_stay.dmc
D/DMCFaceEngine(  739): caSmartDP_SmartStay : img width 480, height 270 previous angle 0
E/SmartFaceService(  739): Orientation: 0
E/SmartFaceService(  739): Calling onPreviewFrame: Thread[Scroll/Pause Worker,5,main]/13921513
E/SmartFaceService(  739): Calling onPreviewFrame: Thread[Stay/Rotation Worker,5,main]/13921514
E/Stay/Rotation Worker(  739): processSmartStay[346ms], ret: -1 needToStay: 0 mFrameCount: 0 mFixed: false
D/Stay/Rotation Worker(  739): handleMessage: 1
D/DMCFaceEngine(  739): caSmartDP_SmartStay : loop Start with dir 1, width 270 and heighe 480
D/DMCFaceEngine(  739): caIF_RunFaceDetection_SmartStayRotation : FaceDetection Start with width 270, heighe 480
D/DMCFaceEngine(  739): fd_find_run : pyramid number 19
V/SecCameraCoreManager(  218): __data_cb
V/SecCamera-JNI-Cpp(  739): dataCallback(16, 0x719b67d8)
V/SecCamera-JNI-Cpp(  739): copyAndPost: off=0, size=194400
V/SecCamera-JNI-Cpp(  739): Using callback buffer from queue of length 1
V/SecCamera-JNI-Cpp(  739): Out of buffers, clearing callback!
D/SecCameraCoreManager(  218): disableMsgType: 0x10
E/QualcommCamera(  218): Qvoid android::disable_msg_type(camera_device*, int32_t): E
I/QCameraHWI(  218): disableMsgType: E
I/QCameraHWI(  218): disableMsgType: X, msgType =0x10, mMsgEnabled=0xc0d
E/mm-camera(  236): sensor_client_set_params: cmd type: 1
D/SecCamera-JNI-Java(  739): handleMessage: 16
V/SecCamera-JNI-Cpp(  739): addCallbackBuffer: 0x10
V/SecCamera-JNI-Cpp(  739): addCallbackBuffer: 0x10
V/SecCamera-JNI-Cpp(  739): Adding callback buffer to queue, 1 total
D/SecCameraCoreManager(  218): enableMsgType: 0x10
I/QCameraHWI(  218): enableMsgType: E, msgType =0x10
I/QCameraHWI(  218): enableMsgType: X, msgType =0x10, mMsgEnabled=0xc1d
D/DMCFaceEngine(  739): fd_find_run : core number 4
D/DMCFaceEngine(  739): caIF_RunFaceDetection_SmartStayRotation : Detected No Face
D/DMCFaceEngine(  739): caSmartDP_SmartStay : caIF_RunFaceDetection_SmartStayRotation time 26734
D/DMCFaceEngine(  739): caSmartDP_SmartStay : loop End dir 1
D/DMCFaceEngine(  739): caSmartDP_SmartStay : loop Start with dir 0, width 480 and heighe 270
D/DMCFaceEngine(  739): caIF_RunFaceDetection_SmartStayRotation : FaceDetection Start with width 480, heighe 270
D/DMCFaceEngine(  739): fd_find_run : pyramid number 19
E/SmartFaceService(  739): Orientation: 0
E/SmartFaceService(  739): Calling onPreviewFrame: Thread[Scroll/Pause Worker,5,main]/13921543
E/SmartFaceService(  739): Calling onPreviewFrame: Thread[Stay/Rotation Worker,5,main]/13921543
D/DMCFaceEngine(  739): fd_find_run : core number 4
D/DMCFaceEngine(  739): caIF_RunFaceDetection_SmartStayRotation : Detected No Face
D/DMCFaceEngine(  739): caSmartDP_SmartStay : caIF_RunFaceDetection_SmartStayRotation time 25116
D/DMCFaceEngine(  739): caSmartDP_SmartStay : loop End dir 0
D/DMCFaceEngine(  739): caSmartDP_SmartStay : loop Start with dir 2, width 270 and heighe 480
D/DMCFaceEngine(  739): caIF_RunFaceDetection_SmartStayRotation : FaceDetection Start with width 270, heighe 480
D/DMCFaceEngine(  739): fd_find_run : pyramid number 19
V/SecCameraCoreManager(  218): __data_cb
V/SecCamera-JNI-Cpp(  739): dataCallback(16, 0x719b67d8)
V/SecCamera-JNI-Cpp(  739): copyAndPost: off=0, size=194400
V/SecCamera-JNI-Cpp(  739): Using callback buffer from queue of length 1
V/SecCamera-JNI-Cpp(  739): Out of buffers, clearing callback!
D/SecCameraCoreManager(  218): disableMsgType: 0x10
E/QualcommCamera(  218): Qvoid android::disable_msg_type(camera_device*, int32_t): E
I/QCameraHWI(  218): disableMsgType: E
I/QCameraHWI(  218): disableMsgType: X, msgType =0x10, mMsgEnabled=0xc0d
E/mm-camera(  236): sensor_client_set_params: cmd type: 1
D/SecCamera-JNI-Java(  739): handleMessage: 16
V/SecCamera-JNI-Cpp(  739): addCallbackBuffer: 0x10
V/SecCamera-JNI-Cpp(  739): addCallbackBuffer: 0x10
V/SecCamera-JNI-Cpp(  739): Adding callback buffer to queue, 1 total
D/SecCameraCoreManager(  218): enableMsgType: 0x10
I/QCameraHWI(  218): enableMsgType: E, msgType =0x10
I/QCameraHWI(  218): enableMsgType: X, msgType =0x10, mMsgEnabled=0xc1d
E/SmartFaceService(  739): Orientation: 0
E/SmartFaceService(  739): Calling onPreviewFrame: Thread[Scroll/Pause Worker,5,main]/13921577
E/SmartFaceService(  739): Calling onPreviewFrame: Thread[Stay/Rotation Worker,5,main]/13921577
D/DMCFaceEngine(  739): fd_find_run : core number 4
D/DMCFaceEngine(  739): caIF_RunFaceDetection_SmartStayRotation : Detected No Face
D/DMCFaceEngine(  739): caSmartDP_SmartStay : caIF_RunFaceDetection_SmartStayRotation time 21972
D/DMCFaceEngine(  739): caSmartDP_SmartStay : loop End dir 2
D/DMCFaceEngine(  739): caSmartDP_SmartStay : loop Start with dir 3, width 480 and heighe 270
D/DMCFaceEngine(  739): caIF_RunFaceDetection_SmartStayRotation : FaceDetection Start with width 480, heighe 270
D/DMCFaceEngine(  739): fd_find_run : pyramid number 19
V/SecCameraCoreManager(  218): __data_cb
V/SecCamera-JNI-Cpp(  739): dataCallback(16, 0x719b67d8)
V/SecCamera-JNI-Cpp(  739): copyAndPost: off=0, size=194400
V/SecCamera-JNI-Cpp(  739): Using callback buffer from queue of length 1
V/SecCamera-JNI-Cpp(  739): Out of buffers, clearing callback!
D/SecCameraCoreManager(  218): disableMsgType: 0x10
E/QualcommCamera(  218): Qvoid android::disable_msg_type(camera_device*, int32_t): E
I/QCameraHWI(  218): disableMsgType: E
I/QCameraHWI(  218): disableMsgType: X, msgType =0x10, mMsgEnabled=0xc0d
E/mm-camera(  236): sensor_client_set_params: cmd type: 1
D/SecCamera-JNI-Java(  739): handleMessage: 16
V/SecCamera-JNI-Cpp(  739): addCallbackBuffer: 0x10
V/SecCamera-JNI-Cpp(  739): addCallbackBuffer: 0x10
V/SecCamera-JNI-Cpp(  739): Adding callback buffer to queue, 1 total
D/SecCameraCoreManager(  218): enableMsgType: 0x10
I/QCameraHWI(  218): enableMsgType: E, msgType =0x10
I/QCameraHWI(  218): enableMsgType: X, msgType =0x10, mMsgEnabled=0xc1d
D/DMCFaceEngine(  739): fd_find_run : core number 4
D/DMCFaceEngine(  739): caIF_RunFaceDetection_SmartStayRotation : Detected No Face
D/DMCFaceEngine(  739): caSmartDP_SmartStay : caIF_RunFaceDetection_SmartStayRotation time 19470
D/DMCFaceEngine(  739): caSmartDP_SmartStay : loop End dir 3
D/DMCFaceEngine(  739): caSmartDP_SmartStay : single eye detection loop start _ dir 3
D/DMCFaceEngine(  739): caIF_RunEyeDetection_MCT_IRS : caIF_RunEyeDetection_MCT_IRS START
D/DMCFaceEngine(  739): caIF_RunEyeDetection_MCT_IRS : Width 180, Height 320
E/SmartFaceService(  739): Orientation: 0
E/SmartFaceService(  739): Calling onPreviewFrame: Thread[Scroll/Pause Worker,5,main]/13921610
E/SmartFaceService(  739): Calling onPreviewFrame: Thread[Stay/Rotation Worker,5,main]/13921610
V/SecCameraCoreManager(  218): __data_cb
V/SecCamera-JNI-Cpp(  739): dataCallback(16, 0x719b67d8)
V/SecCamera-JNI-Cpp(  739): copyAndPost: off=0, size=194400
V/SecCamera-JNI-Cpp(  739): Using callback buffer from queue of length 1
V/SecCamera-JNI-Cpp(  739): Out of buffers, clearing callback!
D/SecCameraCoreManager(  218): disableMsgType: 0x10
E/QualcommCamera(  218): Qvoid android::disable_msg_type(camera_device*, int32_t): E
I/QCameraHWI(  218): disableMsgType: E
I/QCameraHWI(  218): disableMsgType: X, msgType =0x10, mMsgEnabled=0xc0d
D/SecCamera-JNI-Java(  739): handleMessage: 16
E/mm-camera(  236): sensor_client_set_params: cmd type: 1
V/SecCamera-JNI-Cpp(  739): addCallbackBuffer: 0x10
V/SecCamera-JNI-Cpp(  739): addCallbackBuffer: 0x10
V/SecCamera-JNI-Cpp(  739): Adding callback buffer to queue, 1 total
D/SecCameraCoreManager(  218): enableMsgType: 0x10
I/QCameraHWI(  218): enableMsgType: E, msgType =0x10
I/QCameraHWI(  218): enableMsgType: X, msgType =0x10, mMsgEnabled=0xc1d
E/SmartFaceService(  739): Orientation: 0
E/SmartFaceService(  739): Calling onPreviewFrame: Thread[Scroll/Pause Worker,5,main]/13921644
E/SmartFaceService(  739): Calling onPreviewFrame: Thread[Stay/Rotation Worker,5,main]/13921644
D/DMCFaceEngine(  739): caIF_RunEyeDetection_MCT_IRS : caIF_RunEyeDetection_MCT_IRS END
D/DMCFaceEngine(  739): caSmartDP_SmartStay : caIF_FindEyes_IRS time 36988
D/DMCFaceEngine(  739): caSmartDP_SmartStay : Single Eye Detection Fail dir 1
D/DMCFaceEngine(  739): caSmartDP_SmartStay : single eye detection loop start _ dir 1
D/DMCFaceEngine(  739): caIF_RunEyeDetection_MCT_IRS : caIF_RunEyeDetection_MCT_IRS START
D/DMCFaceEngine(  739): caIF_RunEyeDetection_MCT_IRS : Width 320, Height 180
V/SecCameraCoreManager(  218): __data_cb
V/SecCamera-JNI-Cpp(  739): dataCallback(16, 0x719b67d8)
V/SecCamera-JNI-Cpp(  739): copyAndPost: off=0, size=194400
V/SecCamera-JNI-Cpp(  739): Using callback buffer from queue of length 1
V/SecCamera-JNI-Cpp(  739): Out of buffers, clearing callback!
D/SecCameraCoreManager(  218): disableMsgType: 0x10
E/QualcommCamera(  218): Qvoid android::disable_msg_type(camera_device*, int32_t): E
I/QCameraHWI(  218): disableMsgType: E
I/QCameraHWI(  218): disableMsgType: X, msgType =0x10, mMsgEnabled=0xc0d
E/mm-camera(  236): sensor_client_set_params: cmd type: 1
D/SecCamera-JNI-Java(  739): handleMessage: 16
V/SecCamera-JNI-Cpp(  739): addCallbackBuffer: 0x10
V/SecCamera-JNI-Cpp(  739): addCallbackBuffer: 0x10
V/SecCamera-JNI-Cpp(  739): Adding callback buffer to queue, 1 total
D/SecCameraCoreManager(  218): enableMsgType: 0x10
I/QCameraHWI(  218): enableMsgType: E, msgType =0x10
I/QCameraHWI(  218): enableMsgType: X, msgType =0x10, mMsgEnabled=0xc1d
E/SmartFaceService(  739): Orientation: 0
E/SmartFaceService(  739): Calling onPreviewFrame: Thread[Scroll/Pause Worker,5,main]/13921678
E/SmartFaceService(  739): Calling onPreviewFrame: Thread[Stay/Rotation Worker,5,main]/13921678
D/DMCFaceEngine(  739): caIF_RunEyeDetection_MCT_IRS : caIF_RunEyeDetection_MCT_IRS END
D/DMCFaceEngine(  739): caSmartDP_SmartStay : caIF_FindEyes_IRS time 51422
D/DMCFaceEngine(  739): caSmartDP_SmartStay : Single Eye Detection Fail dir 0
D/DMCFaceEngine(  739): caSmartDP_SmartStay : single eye detection loop start _ dir 0
D/DMCFaceEngine(  739): caIF_RunEyeDetection_MCT_IRS : caIF_RunEyeDetection_MCT_IRS START
D/DMCFaceEngine(  739): caIF_RunEyeDetection_MCT_IRS : Width 180, Height 320
V/SecCameraCoreManager(  218): __data_cb
V/SecCamera-JNI-Cpp(  739): dataCallback(16, 0x70980ec8)
V/SecCamera-JNI-Cpp(  739): copyAndPost: off=0, size=194400
V/SecCamera-JNI-Cpp(  739): Using callback buffer from queue of length 1
V/SecCamera-JNI-Cpp(  739): Out of buffers, clearing callback!
D/SecCameraCoreManager(  218): disableMsgType: 0x10
E/QualcommCamera(  218): Qvoid android::disable_msg_type(camera_device*, int32_t): E
I/QCameraHWI(  218): disableMsgType: E
I/QCameraHWI(  218): disableMsgType: X, msgType =0x10, mMsgEnabled=0xc0d
E/mm-camera(  236): sensor_client_set_params: cmd type: 1
D/SecCamera-JNI-Java(  739): handleMessage: 16
V/SecCamera-JNI-Cpp(  739): addCallbackBuffer: 0x10
V/SecCamera-JNI-Cpp(  739): addCallbackBuffer: 0x10
V/SecCamera-JNI-Cpp(  739): Adding callback buffer to queue, 1 total
D/SecCameraCoreManager(  218): enableMsgType: 0x10
I/QCameraHWI(  218): enableMsgType: E, msgType =0x10
I/QCameraHWI(  218): enableMsgType: X, msgType =0x10, mMsgEnabled=0xc1d
E/SmartFaceService(  739): Orientation: 0
E/SmartFaceService(  739): Calling onPreviewFrame: Thread[Scroll/Pause Worker,5,main]/13921712
E/SmartFaceService(  739): Calling onPreviewFrame: Thread[Stay/Rotation Worker,5,main]/13921712
D/DMCFaceEngine(  739): caIF_RunEyeDetection_MCT_IRS : caIF_RunEyeDetection_MCT_IRS END
D/DMCFaceEngine(  739): caSmartDP_SmartStay : caIF_FindEyes_IRS time 39245
D/DMCFaceEngine(  739): caSmartDP_SmartStay : Single Eye Detection Fail dir 2
D/DMCFaceEngine(  739): caSmartDP_SmartStay : single eye detection loop start _ dir 2
D/DMCFaceEngine(  739): caIF_RunEyeDetection_MCT_IRS : caIF_RunEyeDetection_MCT_IRS START
D/DMCFaceEngine(  739): caIF_RunEyeDetection_MCT_IRS : Width 320, Height 180
V/SecCameraCoreManager(  218): __data_cb
V/SecCamera-JNI-Cpp(  739): dataCallback(16, 0x70980ec8)
V/SecCamera-JNI-Cpp(  739): copyAndPost: off=0, size=194400
V/SecCamera-JNI-Cpp(  739): Using callback buffer from queue of length 1
V/SecCamera-JNI-Cpp(  739): Out of buffers, clearing callback!
D/SecCameraCoreManager(  218): disableMsgType: 0x10
E/QualcommCamera(  218): Qvoid android::disable_msg_type(camera_device*, int32_t): E
I/QCameraHWI(  218): disableMsgType: E
I/QCameraHWI(  218): disableMsgType: X, msgType =0x10, mMsgEnabled=0xc0d
E/mm-camera(  236): sensor_client_set_params: cmd type: 1
D/SecCamera-JNI-Java(  739): handleMessage: 16
V/SecCamera-JNI-Cpp(  739): addCallbackBuffer: 0x10
V/SecCamera-JNI-Cpp(  739): addCallbackBuffer: 0x10
V/SecCamera-JNI-Cpp(  739): Adding callback buffer to queue, 1 total
D/SecCameraCoreManager(  218): enableMsgType: 0x10
I/QCameraHWI(  218): enableMsgType: E, msgType =0x10
I/QCameraHWI(  218): enableMsgType: X, msgType =0x10, mMsgEnabled=0xc1d
E/SmartFaceService(  739): Orientation: 0
E/SmartFaceService(  739): Calling onPreviewFrame: Thread[Scroll/Pause Worker,5,main]/13921746
E/SmartFaceService(  739): Calling onPreviewFrame: Thread[Stay/Rotation Worker,5,main]/13921746
V/SecCameraCoreManager(  218): __data_cb
E/mm-camera(  236): [LizKK] afd_peak_ctrl_byluma: exp_index 270, exp_tbl_val: 400
V/SecCamera-JNI-Cpp(  739): dataCallback(16, 0x70980ec8)
V/SecCamera-JNI-Cpp(  739): copyAndPost: off=0, size=194400
V/SecCamera-JNI-Cpp(  739): Using callback buffer from queue of length 1
V/SecCamera-JNI-Cpp(  739): Out of buffers, clearing callback!
D/SecCameraCoreManager(  218): disableMsgType: 0x10
E/QualcommCamera(  218): Qvoid android::disable_msg_type(camera_device*, int32_t): E
I/QCameraHWI(  218): disableMsgType: E
I/QCameraHWI(  218): disableMsgType: X, msgType =0x10, mMsgEnabled=0xc0d
E/mm-camera(  236): afd_multiple_peaks max_peaks 1
E/mm-camera(  236): afd_detect_flicker actual_peaks 0
E/mm-camera(  236): afd_detect_bands: flicker 0
E/mm-camera(  236): afd_algo_run: AFD success, std_width -1, flicker_freq 50
E/mm-camera(  236): sensor_client_set_params: cmd type: 1
D/SecCamera-JNI-Java(  739): handleMessage: 16
V/SecCamera-JNI-Cpp(  739): addCallbackBuffer: 0x10
V/SecCamera-JNI-Cpp(  739): addCallbackBuffer: 0x10
V/SecCamera-JNI-Cpp(  739): Adding callback buffer to queue, 1 total
D/SecCameraCoreManager(  218): enableMsgType: 0x10
I/QCameraHWI(  218): enableMsgType: E, msgType =0x10
I/QCameraHWI(  218): enableMsgType: X, msgType =0x10, mMsgEnabled=0xc1d
E/SmartFaceService(  739): Orientation: 0
E/SmartFaceService(  739): Calling onPreviewFrame: Thread[Scroll/Pause Worker,5,main]/13921780
E/SmartFaceService(  739): Calling onPreviewFrame: Thread[Stay/Rotation Worker,5,main]/13921780
D/DMCFaceEngine(  739): caIF_RunEyeDetection_MCT_IRS : caIF_RunEyeDetection_MCT_IRS END
D/DMCFaceEngine(  739): caSmartDP_SmartStay : caIF_FindEyes_IRS time 51514
D/DMCFaceEngine(  739): caSmartDP_SmartStay : Single Eye Detection Fail dir 3
D/DMCFaceEngine(  739): caSmartDP_SmartStay : Detection Fail
D/DMCFaceEngine(  739): caSmartDP_SmartStay result [-1] - [5.000000]
D/DMCFaceEngine(  739): face : X[0] Y[0] W[0] H[0]
D/DMCFaceEngine(  739): eye  : LX[0] LY[0] RX[0] RY[0]
D/DMCFaceEngine(  739): [0] determine result [-1]
E/SmartScreen_JNI(  739): processImage end : function time [ 274719 ]
E/SmartFaceManager(  739): checkForSmartStay onInfo: 100: 0
E/SmartScreen_JNI(  739): processImage start : prev time [ 275055 ]
D/SmartScreen_JNI(  739): tmpfile : /data/smart_stay.dmc
D/DMCFaceEngine(  739): caSmartDP_SmartStay : img width 480, height 270 previous angle 0
D/DMCFaceEngine(  739): caSmartDP_SmartStay : loop Start with dir 1, width 270 and heighe 480
D/DMCFaceEngine(  739): caIF_RunFaceDetection_SmartStayRotation : FaceDetection Start with width 270, heighe 480
D/DMCFaceEngine(  739): fd_find_run : pyramid number 19
E/Stay/Rotation Worker(  739): processSmartStay[275ms], ret: -1 needToStay: 0 mFrameCount: 1 mFixed: false
D/Stay/Rotation Worker(  739): handleMessage: 1
E/SmartFaceService(  739): unregister:13921795
D/SmartFaceService(  739): send LastServiecTypeFromClient to scroll pause worker: 0
D/SmartFaceService(  739): mLightIntensityEnough: true mLux: 0.0
V/SecCamera-JNI-Cpp(  739): setHasPreviewCallback: installed:0, manualBuffer:0
V/SecCamera-JNI-Cpp(  739): get_native_camera: context=0x71da6198, camera=0x7384be58
D/SecCameraCoreManager(  218): disableMsgType: 0x10
E/QualcommCamera(  218): Qvoid android::disable_msg_type(camera_device*, int32_t): E
I/QCameraHWI(  218): disableMsgType: E
I/QCameraHWI(  218): disableMsgType: X, msgType =0x10, mMsgEnabled=0xc0d
V/SecCamera-JNI-Cpp(  739): Clearing callback buffers, 1 remained
V/SecCamera-JNI-Cpp(  739): stopPreview
V/SecCamera-JNI-Cpp(  739): get_native_camera: context=0x71da6198, camera=0x7384be58
D/SecCameraCoreManager(  218): disableMsgType: 0x10
E/QualcommCamera(  218): Qvoid android::disable_msg_type(camera_device*, int32_t): E
I/QCameraHWI(  218): disableMsgType: E
I/QCameraHWI(  218): disableMsgType: X, msgType =0x10, mMsgEnabled=0xc0d
D/SecCameraCoreManager(  218): stopPreview
D/SecCameraCoreManager(  218): virtual void android::SecCameraCoreManager::stopPreview():stop IT Policy checking thread
D/Scroll/Pause Worker(  739): updateClientsDone.
D/Stay/Rotation Worker(  739): updateClientsDone. def. do nothing.
D/SmartFaceService(  739): Service Type to Worker: 0
D/SmartFaceService(  739): Last Active clients:1 Current Active clients: 0
D/SmartFaceService(  739): Last Smart Pause clients: 0 Current Smart Pause clients: 0
D/SmartFaceService(  739): No active clients. close camera
E/CameraController(  739): Wait for 0
E/CameraController(  739): handleMessage: { what=0 when=0 }
D/DMCFaceEngine(  739): fd_find_run : core number 4
D/DMCFaceEngine(  739): caIF_RunFaceDetection_SmartStayRotation : Detected No Face
D/DMCFaceEngine(  739): caSmartDP_SmartStay : caIF_RunFaceDetection_SmartStayRotation time 29877
D/DMCFaceEngine(  739): caSmartDP_SmartStay : loop End dir 1
D/DMCFaceEngine(  739): caSmartDP_SmartStay : loop Start with dir 0, width 480 and heighe 270
D/DMCFaceEngine(  739): caIF_RunFaceDetection_SmartStayRotation : FaceDetection Start with width 480, heighe 270
D/DMCFaceEngine(  739): fd_find_run : pyramid number 19
E/mm-camera(  236): sensor_client_set_params: cmd type: 1
D/DMCFaceEngine(  739): fd_find_run : core number 4
D/DMCFaceEngine(  739): caIF_RunFaceDetection_SmartStayRotation : Detected No Face
D/DMCFaceEngine(  739): caSmartDP_SmartStay : caIF_RunFaceDetection_SmartStayRotation time 23315
D/DMCFaceEngine(  739): caSmartDP_SmartStay : loop End dir 0
D/DMCFaceEngine(  739): caSmartDP_SmartStay : loop Start with dir 2, width 270 and heighe 480
D/DMCFaceEngine(  739): caIF_RunFaceDetection_SmartStayRotation : FaceDetection Start with width 270, heighe 480
D/DMCFaceEngine(  739): fd_find_run : pyramid number 19
D/ShotSingle(  218): stopPreview
E/QualcommCamera(  218): Qvoid android::disable_msg_type(camera_device*, int32_t): E
I/QCameraHWI(  218): disableMsgType: E
I/QCameraHWI(  218): disableMsgType: X, msgType =0x3c2, mMsgEnabled=0xc0d
V/ShotSingle(  218): stopPreview(1)
E/QualcommCamera(  218): Qvoid android::stop_preview(camera_device*): E
I/QCameraHWI(  218): stopPreview: stopPreview: E
I/QCameraHWI(  218): cancelPictureInternal: E mPreviewState=2
D/QCameraHWI(  218): sendCmd: enqueue cmd 2
E/QCameraHWI(  218): enqueue: queue size = 1
D/QCameraHWI(  218): sendCmd: waiting start! 
D/QCameraHWI(  218): dataProcessRoutine: get cmd 2
D/QCameraHWI(  218): sendCmd: waiting end! 
D/QCameraHWI(  218): sendCmd: enqueue cmd 2
E/QCameraHWI(  218): enqueue: queue size = 1
E/QCameraHWI(  218): isZSLMode, isZSLMode = 0
E/QCameraHWI(  218): cancelPictureInternal : destroy_stream_bundle of snapshot & thumbnail
D/QCameraStream(  218): streamOff: mActive = 0, streamid = 0, image_mode = 2
E/QCameraStream(  218): streamOff: Stream:0 is not active
D/QCameraStream(  218): streamOff: mActive = 0, streamid = 0, image_mode = 3
E/QCameraStream(  218): streamOff: Stream:0 is not active
D/QCameraStream(  218): deinitStream: E, mActive = 0, mInit = 0, streamid = 0, image_mode = 2
D/QCameraStream(  218): deinitStream: E, mActive = 0, mInit = 0, streamid = 0, image_mode = 3
I/QCameraHWI(  218): cancelPictureInternal: X (success)
I/QCameraHWI(  218): stopPreviewInternal: E
E/QCameraHWI(  218): isZSLMode, isZSLMode = 0
D/QCameraStream(  218): streamOff: mActive = 1, streamid = 21504, image_mode = 0
D/QCameraHWI(  218): dataNotifyRoutine: get cmd 2
E/mm-camera(  236): camera_plugin_client_isp_timing_notify_to_plugin: timing event 2
D/DMCFaceEngine(  739): fd_find_run : core number 4
D/DMCFaceEngine(  739): caIF_RunFaceDetection_SmartStayRotation : Detected No Face
D/DMCFaceEngine(  739): caSmartDP_SmartStay : caIF_RunFaceDetection_SmartStayRotation time 18464
D/DMCFaceEngine(  739): caSmartDP_SmartStay : loop End dir 2
D/DMCFaceEngine(  739): caSmartDP_SmartStay : loop Start with dir 3, width 480 and heighe 270
D/DMCFaceEngine(  739): caIF_RunFaceDetection_SmartStayRotation : FaceDetection Start with width 480, heighe 270
D/DMCFaceEngine(  739): fd_find_run : pyramid number 19
E/mm-camera(  236): sensor_client_set_params: cmd type: 1
D/DMCFaceEngine(  739): fd_find_run : core number 4
D/DMCFaceEngine(  739): caIF_RunFaceDetection_SmartStayRotation : Detected No Face
D/DMCFaceEngine(  739): caSmartDP_SmartStay : caIF_RunFaceDetection_SmartStayRotation time 20844
D/DMCFaceEngine(  739): caSmartDP_SmartStay : loop End dir 3
D/DMCFaceEngine(  739): caSmartDP_SmartStay : single eye detection loop start _ dir 3
D/DMCFaceEngine(  739): caIF_RunEyeDetection_MCT_IRS : caIF_RunEyeDetection_MCT_IRS START
D/DMCFaceEngine(  739): caIF_RunEyeDetection_MCT_IRS : Width 180, Height 320
E/mm-camera(  236): sensor_client_set_params: cmd type: 1
D/DMCFaceEngine(  739): caIF_RunEyeDetection_MCT_IRS : caIF_RunEyeDetection_MCT_IRS END
D/DMCFaceEngine(  739): caSmartDP_SmartStay : caIF_FindEyes_IRS time 48156
D/DMCFaceEngine(  739): caSmartDP_SmartStay : Single Eye Detection Fail dir 1
D/DMCFaceEngine(  739): caSmartDP_SmartStay : single eye detection loop start _ dir 1
D/DMCFaceEngine(  739): caIF_RunEyeDetection_MCT_IRS : caIF_RunEyeDetection_MCT_IRS START
D/DMCFaceEngine(  739): caIF_RunEyeDetection_MCT_IRS : Width 320, Height 180
E/mm-camera(  236): cam_mctl_thread: Woke up Socket fd
E/mm-camera(  236): mctl_divert_socket_recvmsg: Receieved msg_type=1
E/QCameraHWI(  218): putBuf: E
I/QCameraHWI_Preview(  218):  freeBufferNoDisplay : E 
E/QCameraHWI(  218): Release 0x43b7e030
E/mm-camera(  236): cam_mctl_thread: Woke up Socket fd
E/mm-camera(  236): mctl_divert_socket_recvmsg: Receieved msg_type=1
E/mm-camera(  236): cam_mctl_thread: Woke up Socket fd
E/mm-camera(  236): mctl_divert_socket_recvmsg: Receieved msg_type=1
E/mm-camera(  236): cam_mctl_thread: Woke up Socket fd
E/mm-camera(  236): mctl_divert_socket_recvmsg: Receieved msg_type=1
E/mm-camera(  236): cam_mctl_thread: Woke up Socket fd
E/mm-camera(  236): mctl_divert_socket_recvmsg: Receieved msg_type=1
E/mm-camera(  236): cam_mctl_thread: Woke up Socket fd
E/mm-camera(  236): mctl_divert_socket_recvmsg: Receieved msg_type=1
E/mm-camera(  236): cam_mctl_thread: Woke up Socket fd
E/mm-camera(  236): mctl_divert_socket_recvmsg: Receieved msg_type=1
E/mm-camera(  236): cam_mctl_thread: Woke up Socket fd
E/mm-camera(  236): mctl_divert_socket_recvmsg: Receieved msg_type=1
E/mm-camera(  236): cam_mctl_thread: Woke up Socket fd
E/mm-camera(  236): mctl_divert_socket_recvmsg: Receieved msg_type=1
E/mm-camera(  236): cam_mctl_thread: Woke up Socket fd
E/mm-camera(  236): mctl_divert_socket_recvmsg: Receieved msg_type=1
E/mm-camera(  236): cam_mctl_thread: Woke up Socket fd
E/mm-camera(  236): mctl_divert_socket_recvmsg: Receieved msg_type=1
E/mm-camera(  236): cam_mctl_thread: Woke up Socket fd
E/mm-camera(  236): mctl_divert_socket_recvmsg: Receieved msg_type=1
I/QCameraHWI_Preview(  218):  freeBufferNoDisplay : X 
E/QCameraHWI(  218): putBuf: X
D/QCameraStream(  218): streamOff: X, mActive = 0, mInit = 1, streamid = 21504, image_mode = 0
D/QCameraStream(  218): streamOff: mActive = 0, streamid = 0, image_mode = 2
E/QCameraStream(  218): streamOff: Stream:0 is not active
E/QCameraHWI(  218): isZSLMode, isZSLMode = 0
D/QCameraStream(  218): deinitStream: E, mActive = 0, mInit = 0, streamid = 0, image_mode = 2
D/QCameraStream(  218): deinitStream: E, mActive = 0, mInit = 0, streamid = 0, image_mode = 1
D/QCameraStream(  218): deinitStream: E, mActive = 0, mInit = 1, streamid = 21504, image_mode = 0
D/QCameraStream(  218): deinitStream: X, mActive = 0, mInit = 0, streamid = 0, image_mode = 0
I/QCameraHWI(  218): stopPreviewInternal: X
I/QCameraHWI(  218): stopPreview: X, mPreviewState = 0
I/SecCamera-JNI-Java(  739): stopPreview
V/SecCamera-JNI-Cpp(  739): release camera
V/SecCamera-JNI-Cpp(  739): release
V/SecCamera-JNI-Cpp(  739): Clearing callback buffers, 0 remained
V/SecCamera-JNI-Cpp(  739): Clearing callback buffers, 0 remained
V/SecCamera-JNI-Cpp(  739): native_release: context=0x71da6198 camera=0x7384be58
D/SecCameraCoreManager(  218): disableMsgType: 0x10
E/QualcommCamera(  218): Qvoid android::disable_msg_type(camera_device*, int32_t): E
I/QCameraHWI(  218): disableMsgType: E
I/QCameraHWI(  218): disableMsgType: X, msgType =0x10, mMsgEnabled=0xc0d
D/SecCameraCoreManager(  218): disableMsgType: 0xffff
E/QualcommCamera(  218): Qvoid android::disable_msg_type(camera_device*, int32_t): E
I/QCameraHWI(  218): disableMsgType: E
I/QCameraHWI(  218): disableMsgType: X, msgType =0xffff, mMsgEnabled=0x0
D/SecCameraCoreManager(  218): stopPreview
D/ShotSingle(  218): stopPreview
E/QualcommCamera(  218): Qvoid android::disable_msg_type(camera_device*, int32_t): E
I/QCameraHWI(  218): disableMsgType: E
I/QCameraHWI(  218): disableMsgType: X, msgType =0x3c2, mMsgEnabled=0x0
V/ShotSingle(  218): stopPreview(1)
E/QualcommCamera(  218): Qvoid android::stop_preview(camera_device*): E
I/QCameraHWI(  218): stopPreview: stopPreview: E
I/QCameraHWI(  218): stopPreview: X, mPreviewState = 0
D/SecCameraCoreManager(  218): cancelPicture
E/QualcommCamera(  218): Qint android::cancel_picture(camera_device*): E
I/QCameraHWI(  218): cancelPicture: E, mPreviewState = 0
I/QCameraHWI(  218): cancelPicture: X (success)
D/SecCameraCoreManager(  218): release
D/SecCameraCoreManager(  218): virtual void android::SecCameraCoreManager::release(): release IT policy checking thread
E/QualcommCamera(  218): Qvoid android::release(camera_device*): E
I/QCameraHWI(  218): release: E
I/QCameraHWI(  218): release: wait for complete encode callback. time is 0ms
I/QCameraHWI(  218): release: X
D/SecCameraCoreManager(  218): SecCameraCoreManager destroyed: pid=218
I/ShotSingle(  218): ShotSingle destroyed: pid=218
I/ShotCommon(  218): ShotCommon destroyed: pid=218
D/SecCameraCoreManager(  218): SecCameraCoreManager destroyed: before mHardware.clear()
I/SecCameraCoreManager(  218): Destroying camera 1
E/QualcommCamera(  218): Qint android::close_camera_device(hw_device_t*): device =0x43b19ef8 E
I/QCameraHWI(  218): ~QCameraHardwareInterface: E
I/QCameraHWI(  218): stopPreview: stopPreview: E
I/QCameraHWI(  218): stopPreview: X, mPreviewState = 0
E/mm-still-omx(  218): mm_jpeg_close: E
E/mm-still-omx(  218): mm_jpeg_close: abort ongoing jobs
E/mm-still-omx(  218): mm_jpeg_close: abort todo jobs
E/mm-still-omx(  218): mm_jpeg_close: abort done jobs in cb threads
E/mm-still-omx(  218): mm_jpeg_close: X
I/mm-still-omx(  218): deinit:E
I/mm-still-omx(  218): jpegStop : E
I/mm-still-omx(  218): jpegStop :X
I/mm-still-omx(  218): releaseOMXBuffers :E
I/mm-still-omx(  218): releaseOMXBuffers :X
I/mm-still-omx(  218): deinit:X
I/mm-still-omx(  218): release:E
I/mm-still-omx(  218): release:X
E/mm-still-omx(  218): mm_jpeg_jobmgr_thread: jpeg encoder input queue 1
D/QCameraHWI(  218): sendCmd: enqueue cmd 6
E/QCameraHWI(  218): enqueue: queue size = 1
D/QCameraHWI(  218): dataNotifyRoutine: get cmd 6
I/QCameraHWI(  218): dataNotifyRoutine: X
D/QCameraHWI(  218): sendCmd: enqueue cmd 6
E/QCameraHWI(  218): enqueue: queue size = 1
D/QCameraHWI(  218): dataProcessRoutine: get cmd 6
I/QCameraHWI(  218): dataProcessRoutine: X
I/QCameraHWI(  218): deInitHistogramBuffers E
I/QCameraHWI(  218): deInitHistogramBuffers Histogram buffers not active. return. 
D/QCameraHWI_Preview(  218): release : BEGIN
E/QCameraHWI_Preview(  218): virtual void android::QCameraStream_preview::release() : Stream not Initalized
D/QCameraHWI_Preview(  218): ~QCameraStream_preview: E
D/QCameraHWI_Preview(  218): ~QCameraStream_preview: X
E/QCameraHWI_Record(  218): virtual void android::QCameraStream_record::release() : Stream not Initalized
D/QCameraHWI_Record(  218): ~QCameraStream_record: BEGIN
D/QCameraHWI_Record(  218): ~QCameraStream_record: END
D/QCameraStream(  218): streamOff: mActive = 0, streamid = 0, image_mode = 2
E/QCameraStream(  218): streamOff: Stream:0 is not active
D/QCameraStream(  218): deinitStream: E, mActive = 0, mInit = 0, streamid = 0, image_mode = 2
D/QCameraStream(  218): streamOff: mActive = 0, streamid = 0, image_mode = 2
E/QCameraStream(  218): streamOff: Stream:0 is not active
D/QCameraStream(  218): deinitStream: E, mActive = 0, mInit = 0, streamid = 0, image_mode = 2
E/mm-camera(  236): config_shutdown_pp Camera not in streaming mode. Returning. 
E/mm-camera(  236): sensor_client_set_params: cmd type: 12
E/SmartFaceService(  739): Clear worker messages
D/DMCFaceEngine(  739): caIF_RunEyeDetection_MCT_IRS : caIF_RunEyeDetection_MCT_IRS END
D/DMCFaceEngine(  739): caSmartDP_SmartStay : caIF_FindEyes_IRS time 59295
D/DMCFaceEngine(  739): caSmartDP_SmartStay : Single Eye Detection Fail dir 0
D/DMCFaceEngine(  739): caSmartDP_SmartStay : single eye detection loop start _ dir 0
D/DMCFaceEngine(  739): caIF_RunEyeDetection_MCT_IRS : caIF_RunEyeDetection_MCT_IRS START
D/DMCFaceEngine(  739): caIF_RunEyeDetection_MCT_IRS : Width 180, Height 320
E/mm-camera(  236): vfe_ops_deinit: E
E/mm-camera(  236): mctl_stats_deinit_ops, E p_cfg_ctrl->ion_dev_fd: 13
D/DMCFaceEngine(  739): caIF_RunEyeDetection_MCT_IRS : caIF_RunEyeDetection_MCT_IRS END
D/DMCFaceEngine(  739): caSmartDP_SmartStay : caIF_FindEyes_IRS time 45227
D/DMCFaceEngine(  739): caSmartDP_SmartStay : Single Eye Detection Fail dir 2
D/DMCFaceEngine(  739): caSmartDP_SmartStay : single eye detection loop start _ dir 2
D/DMCFaceEngine(  739): caIF_RunEyeDetection_MCT_IRS : caIF_RunEyeDetection_MCT_IRS START
D/DMCFaceEngine(  739): caIF_RunEyeDetection_MCT_IRS : Width 320, Height 180
I/QCameraHWI(  218): ~QCameraHardwareInterface: X
D/SecCameraCoreManager(  218): SecCameraCoreManager destroyed: after mHardware.clear()
E/CameraController(  739): 100ms Time out!
E/SmartFaceManager(  739): checkForSmartStay X: false
V/MediaPlayer(  218): disconnect
V/MediaPlayerService(  218): disconnect(104) from pid 218
V/StagefrightPlayer(  218): reset
V/AwesomePlayer(  218): reset_l()
V/AwesomePlayer(  218): reset_l() while (mFlags & PREPARING) condition check
V/AwesomePlayer(  218): cancelPlayerEvents (keepNotifications=0)
V/AwesomePlayer(  218): mAudioTrackVector clear
V/AwesomePlayer(  218): reset_l() stop AudioSource since AudioPlayer not exist
I/OMXCodec(  218): [OMX.google.vorbis.decoder] stop mState=4
I/OMXCodec(  218): [OMX.google.vorbis.decoder] stop() sendCommand(0x9b, OMX_CommandStateSet, OMX_StateIdle)
I/OMXCodec(  218): [OMX.google.vorbis.decoder] Now Idle. Component sends idle done Event 
I/OMXCodec(  218): [OMX.google.vorbis.decoder] stopOmxComponent_l() mstate = 1
V/AwesomePlayer(  218): reset_l() mAudioPlayer successfully deleted
I/SecMediaClock(  218): SecMediaClock destructor
V/AwesomePlayer(  218): mSecMediaClock clear
V/StagefrightPlayer(  218): ~StagefrightPlayer
V/StagefrightPlayer(  218): reset
V/AwesomePlayer(  218): reset_l()
V/AwesomePlayer(  218): reset_l() while (mFlags & PREPARING) condition check
V/AwesomePlayer(  218): cancelPlayerEvents (keepNotifications=0)
V/AwesomePlayer(  218): mAudioTrackVector clear
V/AwesomePlayer(  218): reset_l() mAudioPlayer successfully deleted
V/AwesomePlayer(  218): mSecMediaClock clear
V/AwesomePlayer(  218): destructor
V/AwesomePlayer(  218): reset_l()
V/AwesomePlayer(  218): reset_l() while (mFlags & PREPARING) condition check
V/AwesomePlayer(  218): cancelPlayerEvents (keepNotifications=0)
V/AwesomePlayer(  218): mAudioTrackVector clear
V/AwesomePlayer(  218): reset_l() mAudioPlayer successfully deleted
V/AwesomePlayer(  218): mSecMediaClock clear
V/MediaPlayerService(  218): Client(104) destructor pid = 218
V/AudioSink(  218): +++ close
V/AudioSink(  218): --- close
V/MediaPlayerService(  218): disconnect(104) from pid 218
V/MediaPlayer(  218): destructor
W/AudioFlinger(  218): session id 277 not found for pid 218
V/MediaPlayer(  218): disconnect
V/MediaPlayer(  218): disconnect
V/MediaPlayerService(  218): disconnect(105) from pid 218
V/StagefrightPlayer(  218): reset
V/AwesomePlayer(  218): reset_l()
V/AwesomePlayer(  218): reset_l() while (mFlags & PREPARING) condition check
V/AwesomePlayer(  218): cancelPlayerEvents (keepNotifications=0)
V/AwesomePlayer(  218): mAudioTrackVector clear
V/AwesomePlayer(  218): reset_l() stop AudioSource since AudioPlayer not exist
I/OMXCodec(  218): [OMX.google.vorbis.decoder] stop mState=4
I/OMXCodec(  218): [OMX.google.vorbis.decoder] stop() sendCommand(0x9c, OMX_CommandStateSet, OMX_StateIdle)
I/OMXCodec(  218): [OMX.google.vorbis.decoder] Now Idle. Component sends idle done Event 
I/OMXCodec(  218): [OMX.google.vorbis.decoder] stopOmxComponent_l() mstate = 1
E/CameraController(  739): handleMessage signal: 0
E/CameraController(  739): waitHere, 253ms
E/CameraController(  739): DONE!
D/SmartFaceIndicator(  739): dimmed icon
D/SmartFaceService(  739): mWakeLock.release() in FD
D/PowerManagerService(  739): [smart stay] faceDetect : bFaceDetected : false
D/PowerManagerService(  739): [smart stay] handleSmartStay : mFaceDetected : false
V/AwesomePlayer(  218): reset_l() mAudioPlayer successfully deleted
I/SecMediaClock(  218): SecMediaClock destructor
V/AwesomePlayer(  218): mSecMediaClock clear
V/StagefrightPlayer(  218): ~StagefrightPlayer
V/StagefrightPlayer(  218): reset
V/AwesomePlayer(  218): reset_l()
V/AwesomePlayer(  218): reset_l() while (mFlags & PREPARING) condition check
V/AwesomePlayer(  218): cancelPlayerEvents (keepNotifications=0)
V/AwesomePlayer(  218): mAudioTrackVector clear
V/AwesomePlayer(  218): reset_l() mAudioPlayer successfully deleted
V/AwesomePlayer(  218): mSecMediaClock clear
V/AwesomePlayer(  218): destructor
V/AwesomePlayer(  218): reset_l()
V/AwesomePlayer(  218): reset_l() while (mFlags & PREPARING) condition check
V/AwesomePlayer(  218): cancelPlayerEvents (keepNotifications=0)
V/AwesomePlayer(  218): mAudioTrackVector clear
V/AwesomePlayer(  218): reset_l() mAudioPlayer successfully deleted
V/AwesomePlayer(  218): mSecMediaClock clear
V/MediaPlayerService(  218): Client(105) destructor pid = 218
V/AudioSink(  218): +++ close
V/AudioSink(  218): --- close
V/MediaPlayerService(  218): disconnect(105) from pid 218
V/MediaPlayer(  218): destructor
W/AudioFlinger(  218): session id 278 not found for pid 218
V/MediaPlayer(  218): disconnect
V/MediaPlayer(  218): disconnect
V/MediaPlayerService(  218): disconnect(106) from pid 218
V/StagefrightPlayer(  218): reset
V/AwesomePlayer(  218): reset_l()
V/AwesomePlayer(  218): reset_l() while (mFlags & PREPARING) condition check
V/AwesomePlayer(  218): cancelPlayerEvents (keepNotifications=0)
V/AwesomePlayer(  218): mAudioTrackVector clear
V/AwesomePlayer(  218): reset_l() stop AudioSource since AudioPlayer not exist
I/OMXCodec(  218): [OMX.google.vorbis.decoder] stop mState=4
I/OMXCodec(  218): [OMX.google.vorbis.decoder] stop() sendCommand(0x9d, OMX_CommandStateSet, OMX_StateIdle)
I/OMXCodec(  218): [OMX.google.vorbis.decoder] Now Idle. Component sends idle done Event 
I/OMXCodec(  218): [OMX.google.vorbis.decoder] stopOmxComponent_l() mstate = 1
V/AwesomePlayer(  218): reset_l() mAudioPlayer successfully deleted
I/SecMediaClock(  218): SecMediaClock destructor
V/AwesomePlayer(  218): mSecMediaClock clear
V/StagefrightPlayer(  218): ~StagefrightPlayer
V/StagefrightPlayer(  218): reset
V/AwesomePlayer(  218): reset_l()
V/AwesomePlayer(  218): reset_l() while (mFlags & PREPARING) condition check
V/AwesomePlayer(  218): cancelPlayerEvents (keepNotifications=0)
V/AwesomePlayer(  218): mAudioTrackVector clear
V/AwesomePlayer(  218): reset_l() mAudioPlayer successfully deleted
V/AwesomePlayer(  218): mSecMediaClock clear
V/AwesomePlayer(  218): destructor
V/AwesomePlayer(  218): reset_l()
V/AwesomePlayer(  218): reset_l() while (mFlags & PREPARING) condition check
V/AwesomePlayer(  218): cancelPlayerEvents (keepNotifications=0)
V/AwesomePlayer(  218): mAudioTrackVector clear
V/AwesomePlayer(  218): reset_l() mAudioPlayer successfully deleted
V/AwesomePlayer(  218): mSecMediaClock clear
V/MediaPlayerService(  218): Client(106) destructor pid = 218
V/AudioSink(  218): +++ close
V/AudioSink(  218): --- close
V/MediaPlayerService(  218): disconnect(106) from pid 218
V/MediaPlayer(  218): destructor
W/AudioFlinger(  218): session id 279 not found for pid 218
V/MediaPlayer(  218): disconnect
V/SecCamera-JNI-Cpp(  739): release
V/SecCamera-JNI-Cpp(  739): Clearing callback buffers, 0 remained
V/SecCamera-JNI-Cpp(  739): Clearing callback buffers, 0 remained
D/DMCFaceEngine(  739): caIF_RunEyeDetection_MCT_IRS : caIF_RunEyeDetection_MCT_IRS END
D/DMCFaceEngine(  739): caSmartDP_SmartStay : caIF_FindEyes_IRS time 57526
D/DMCFaceEngine(  739): caSmartDP_SmartStay : Single Eye Detection Fail dir 3
D/DMCFaceEngine(  739): caSmartDP_SmartStay : Detection Fail
D/DMCFaceEngine(  739): caSmartDP_SmartStay result [-1] - [5.000000]
D/DMCFaceEngine(  739): face : X[0] Y[0] W[0] H[0]
D/DMCFaceEngine(  739): eye  : LX[0] LY[0] RX[0] RY[0]
D/DMCFaceEngine(  739): [0] determine result [-1]
E/SmartScreen_JNI(  739): processImage end : function time [ 305206 ]
E/Stay/Rotation Worker(  739): processSmartStay[305ms], ret: -1 needToStay: 0 mFrameCount: 2 mFixed: false
E/MP-Decision( 1780): num online cores: 4 reqd : 2 available : 4 rq_depth:0.500000 hotplug_avg_load_dw: 87
E/MP-Decision( 1780): DOWN cpu:3 core_idx:3 Ns:3.100000 Ts:240 total_time_down:245.000000
E/MP-Decision( 1780): DOWN cpu:2 core_idx:2 Ns:2.100000 Ts:240 total_time_down:245.000000
E/MP-Decision( 1780): num online cores: 2 reqd : 1 available : 4 rq_depth:0.000000 hotplug_avg_load_dw: 16
E/MP-Decision( 1780): DOWN cpu:1 core_idx:1 Ns:1.100000 Ts:190 total_time_down:94.000000
