D/accuweather( 1462): [Accuweather J]>>> SM:1653 [0:0] makeTimeText[1] time :Mon, Oct 14 3:44 PM, new :Mon, Oct 14 3:45 PM
D/qdmemalloc(  212): ion: Mapped buffer base:0x40039000 size:4096 fd:89
I/LSS-II: (  739): proc out:com.sec.android.widgetapp.programmonitorwidget,adj=0,i=77
V/TaskCloserActivity(13290): TaskCloserActivity onReceive() - com.sec.android.intent.action.HOME_RESUME
V/WindowManager(  739): Window{42bcb700 u0 Keyguard}mOrientationRequetedFromKeyguard=false
I/LSS-II: (  739): proc wait in:com.sec.android.app.controlpanel,adj=9LRU num=80,i=67
I/LSS-II: (  739): proc wait in:com.google.android.apps.maps:LocationFriendService,adj=11LRU num=80,i=52
D/qdmemalloc(  212): ion: unmap_buffer base:0x0 size:8355840 offset:0 fd:77
D/qdmemalloc(  212): ion: unmap_buffer base:0x0 size:4096 offset:0 fd:80
D/dalvikvm( 1462): GC_FOR_ALLOC freed 2004K, 19% free 25865K/31616K, paused 19ms, total 19ms
D/qdmemalloc(  212): ion: unmap_buffer base:0x0 size:8355840 offset:0 fd:74
D/qdmemalloc(  212): ion: unmap_buffer base:0x0 size:4096 offset:0 fd:92
D/Mms/UIEventReceiver( 1842): ui event
V/WindowManager(  739): Window{42bcb700 u0 Keyguard}mOrientationRequetedFromKeyguard=false
D/accuweather( 1462): [Accuweather J]>>> SM:926 [0:0] updateCityAniType : mCityList.size():1 mCityIndex : 0
D/qdoverlay(  212): Set pipe=VG1 dpy=0; 
I/LSS-II: (  739): proc out:com.sec.android.SimpleWidget,adj=0,i=78
I/LSS-II: (  739): proc wait in:com.android.defcontainer,adj=11LRU num=80,i=51
D/qdoverlay(  212): Unset pipe=VG0 dpy=0; Unset pipe=VG1 dpy=0; Unset pipe=RGB1 dpy=0; 
D/qdmemalloc(  212): ion: Mapped buffer base:0x46ac3000 size:8355840 fd:50
D/qdmemalloc(  212): ion: Mapped buffer base:0x404ae000 size:4096 fd:53
D/qdoverlay(  212): Set pipe=RGB1 dpy=0; Set pipe=VG0 dpy=0; Set pipe=VG1 dpy=0; 
E/MP-Decision( 1780): num online cores: 4 reqd : 2 available : 4 rq_depth:0.000000 hotplug_avg_load_dw: 72
E/MP-Decision( 1780): DOWN cpu:3 core_idx:3 Ns:3.100000 Ts:240 total_time_down:246.000000
E/MP-Decision( 1780): DOWN cpu:2 core_idx:2 Ns:2.100000 Ts:240 total_time_down:246.000000
E/MP-Decision( 1780): num online cores: 2 reqd : 1 available : 4 rq_depth:0.000000 hotplug_avg_load_dw: 21
E/MP-Decision( 1780): DOWN cpu:1 core_idx:1 Ns:1.100000 Ts:190 total_time_down:241.000000
I/power   (  739): *** release_dvfs_lock : lockType : 1 
D/CustomFrequencyManagerService(  739): releaseDVFSLockLocked : Getting Lock type frm List : DVFS_MIN_LIMIT  frequency : 1350000  uid : 1000  pid : 739  tag : ACTIVITY_RESUME_BOOSTER@5
W/ActivityManager(  739): mDVFSHelper.release()
I/SurfaceFlinger(  212): id=296 Removed NainActivit (4/6)
I/SurfaceFlinger(  212): id=296 Removed NainActivit (-2/6)
D/qdmemalloc(  212): ion: unmap_buffer base:0x0 size:8355840 offset:0 fd:38
D/qdmemalloc(  212): ion: unmap_buffer base:0x0 size:4096 offset:0 fd:59
W/InputDispatcher(  739): Permission denied: injecting event from pid 22524 uid 10190 to window Window{449601c0 u0 com.sec.android.app.launcher/com.android.launcher2.Launcher} owned by uid 10046
W/InputManager(  739): Input event injection from pid 22524 permission denied.
D/dalvikvm(22524): GC_EXPLICIT freed 331K, 20% free 20649K/25768K, paused 7ms+11ms, total 75ms
D/dalvikvm(22524): GC_EXPLICIT freed 579K, 23% free 20071K/25768K, paused 2ms+3ms, total 30ms
I/TestRunner(22524): finished: testPushNotification(com.ganyo.pushtest.test.MainActivityTest)
I/TestRunner(22524): passed: testPushNotification(com.ganyo.pushtest.test.MainActivityTest)
D/AndroidRuntime(22510): Shutting down VM
D/dalvikvm(22510): GC_CONCURRENT freed 160K, 19% free 694K/856K, paused 1ms+0ms, total 4ms
D/jdwp    (22510): Got wake-up signal, bailing out of select
D/dalvikvm(22510): Debugger has detached; object registry had 1 entries
I/ActivityManager(  739): Killing proc 22524:com.ganyo.pushtest/u0a10190: force stop com.ganyo.pushtest
W/ContextImpl(  739): Calling a method in the system process without a qualified user: android.app.ContextImpl.sendBroadcast:1323 com.android.server.am.ActivityManagerService.cleanUpApplicationRecordLocked:12344 com.android.server.am.ActivityManagerService.handleAppDiedLocked:3566 com.android.server.am.ActivityManagerService.removeProcessLocked:4771 com.android.server.am.ActivityManagerService.killPackageProcessesLocked:4549 
D/STATUSBAR-NetworkController( 1021): refreshSignalCluster: data=0 bt=false
D/STATUSBAR-NetworkController( 1021): refreshSignalCluster: data=0 bt=false
E/QcrilMsgTunnelSocket(19542): IOExceptionjava.io.IOException: No such file or directoryReason: No such file or directory
D/qdoverlay(  212): Unset pipe=VG0 dpy=0; Unset pipe=VG1 dpy=0; Unset pipe=RGB1 dpy=0; 
V/AlarmManager(  739): waitForAlarm result :4
I/Monitor (  739): SIOP:: Current AP = 360, CP = 0
D/lights  (  739): button : 0 +
D/lights  (  739): button : 0 -
E/QcrilMsgTunnelSocket(19542): IOExceptionjava.io.IOException: No such file or directoryReason: No such file or directory
V/AlarmManager(  739): waitForAlarm result :8
V/AlarmManager(  739): ClockReceiver onReceive() ACTION_TIME_TICK
D/qdoverlay(  212): Set pipe=RGB1 dpy=0; Set pipe=VG0 dpy=0; Set pipe=VG1 dpy=0; 
D/accuweather( 1462): [Accuweather J]>>> SWW:566 [0:0] =============== BR act = androidintentactionTIME_TICK
D/accuweather( 1462): [Accuweather J]>>> SWW:603 [0:0] renderUpdateTime : [0] = 1
D/accuweather( 1462): [Accuweather J]>>> WR:357 [0:0] =============== updateTime = 1
D/accuweather( 1462): [Accuweather J]>>> SM:896 [0:0] updateCurrentCityTime : [1]0/1
D/accuweather( 1462): [Accuweather J]>>> SM:1620 [0:0] drw 1nd Tm dt = Mon, Oct 14
D/accuweather( 1462): [Accuweather J]>>> SM:1653 [0:0] makeTimeText[1] time :Mon, Oct 14 3:45 PM, new :Mon, Oct 14 3:46 PM
D/dalvikvm( 1462): GC_FOR_ALLOC freed 1905K, 19% free 25834K/31616K, paused 28ms, total 28ms
D/accuweather( 1462): [Accuweather J]>>> SM:926 [0:0] updateCityAniType : mCityList.size():1 mCityIndex : 0
D/qdmemalloc(  212): ion: Mapped buffer base:0x472bb000 size:8355840 fd:59
D/qdmemalloc(  212): ion: Mapped buffer base:0x4002e000 size:4096 fd:86
D/qdoverlay(  212): Unset pipe=VG0 dpy=0; Unset pipe=VG1 dpy=0; Unset pipe=RGB1 dpy=0; 
E/QcrilMsgTunnelSocket(19542): IOExceptionjava.io.IOException: No such file or directoryReason: No such file or directory
E/QcrilMsgTunnelSocket(19542): IOExceptionjava.io.IOException: No such file or directoryReason: No such file or directory
I/Monitor (  739): SIOP:: Current AP = 360, CP = 0
E/QcrilMsgTunnelSocket(19542): IOExceptionjava.io.IOException: No such file or directoryReason: No such file or directory
D/BatteryService(  739): update start
D/BatteryService(  739): level:100, scale:100, status:5, health:2, present:true, voltage: 4326, temperature: 275, technology: Li-ion, AC powered:false, USB powered:true, Wireless powered:false, icon:17303318, invalid charger:0, online:4, charge type:0, current avg:460
D/BatteryService(  739): Sending ACTION_BATTERY_CHANGED.
D/STATUSBAR-BatteryController( 1021): onReceive() - ACTION_BATTERY_CHANGED
D/STATUSBAR-BatteryController( 1021): onReceive() - BATTERY_STATUS_FULL:
D/STATUSBAR-PhoneStatusBar( 1021): NORMAL_BATTERY
D/HeadsetStateMachine( 1499): Disconnected process message: 10
E/QcrilMsgTunnelSocket(19542): IOExceptionjava.io.IOException: No such file or directoryReason: No such file or directory
W/SignalStrength(  739): Size of signalstrength parcel:172
W/SignalStrength(  739): getGsmLevel=4
W/SignalStrength(  739): getLevel=4 (SignalStrength: 18 0 -120 -160 -120 -1 -1 99 2147483647 2147483647 2147483647 2147483647 -120 gsm|lte 0x4)
W/SignalStrength( 1021): Size of signalstrength parcel:176
W/SignalStrength( 1021): getGsmLevel=4
W/SignalStrength( 1021): getLevel=4 (SignalStrength: 18 0 -120 -160 -120 -1 -1 99 2147483647 2147483647 2147483647 2147483647 -120 gsm|lte 0x4)
W/SignalStrength( 1021): getGsmLevel=4
W/SignalStrength( 1021): getLevel=4 (SignalStrength: 18 0 -120 -160 -120 -1 -1 99 2147483647 2147483647 2147483647 2147483647 -120 gsm|lte 0x4)
W/SignalStrength( 1280): Size of signalstrength parcel:176
D/STATUSBAR-NetworkController( 1021): onSignalStrengthsChanged signalStrength=SignalStrength: 18 0 -120 -160 -120 -1 -1 99 2147483647 2147483647 2147483647 2147483647 -120 gsm|lte 0x4 level=4
D/STATUSBAR-NetworkController( 1021): refreshSignalCluster: data=0 bt=false
W/SignalStrength(13533): Size of signalstrength parcel:176
W/SignalStrength(19514): Size of signalstrength parcel:176
W/SignalStrength(19900): Size of signalstrength parcel:176
D/qdoverlay(  212): Set pipe=RGB1 dpy=0; Set pipe=VG0 dpy=0; Set pipe=VG1 dpy=0; 
I/Monitor (  739): SIOP:: Current AP = 360, CP = 0
D/qdoverlay(  212): Unset pipe=VG0 dpy=0; Unset pipe=VG1 dpy=0; Unset pipe=RGB1 dpy=0; 
E/QcrilMsgTunnelSocket(19542): IOExceptionjava.io.IOException: No such file or directoryReason: No such file or directory
E/Watchdog(  739): !@Sync 467
W/SignalStrength(  739): Size of signalstrength parcel:172
W/SignalStrength(  739): getGsmLevel=5
W/SignalStrength(  739): getLevel=5 (SignalStrength: 18 0 -120 -160 -120 -1 -1 99 2147483647 2147483647 2147483647 2147483647 -120 gsm|lte 0x5)
W/SignalStrength( 1021): Size of signalstrength parcel:176
W/SignalStrength( 1021): getGsmLevel=5
W/SignalStrength( 1021): getLevel=5 (SignalStrength: 18 0 -120 -160 -120 -1 -1 99 2147483647 2147483647 2147483647 2147483647 -120 gsm|lte 0x5)
W/SignalStrength( 1021): getGsmLevel=5
W/SignalStrength( 1021): getLevel=5 (SignalStrength: 18 0 -120 -160 -120 -1 -1 99 2147483647 2147483647 2147483647 2147483647 -120 gsm|lte 0x5)
W/SignalStrength( 1280): Size of signalstrength parcel:176
W/SignalStrength(13533): Size of signalstrength parcel:176
W/SignalStrength(19514): Size of signalstrength parcel:176
W/SignalStrength(19900): Size of signalstrength parcel:176
D/STATUSBAR-NetworkController( 1021): onSignalStrengthsChanged signalStrength=SignalStrength: 18 0 -120 -160 -120 -1 -1 99 2147483647 2147483647 2147483647 2147483647 -120 gsm|lte 0x5 level=5
D/STATUSBAR-NetworkController( 1021): refreshSignalCluster: data=0 bt=false
D/qdoverlay(  212): Set pipe=RGB1 dpy=0; Set pipe=VG0 dpy=0; Set pipe=VG1 dpy=0; 
W/SignalStrength(  739): Size of signalstrength parcel:172
W/SignalStrength(  739): getGsmLevel=4
W/SignalStrength(  739): getLevel=4 (SignalStrength: 18 0 -120 -160 -120 -1 -1 99 2147483647 2147483647 2147483647 2147483647 -120 gsm|lte 0x4)
W/SignalStrength( 1021): Size of signalstrength parcel:176
W/SignalStrength( 1280): Size of signalstrength parcel:176
W/SignalStrength(13533): Size of signalstrength parcel:176
W/SignalStrength(19514): Size of signalstrength parcel:176
W/SignalStrength(19900): Size of signalstrength parcel:176
W/SignalStrength( 1021): getGsmLevel=4
W/SignalStrength( 1021): getLevel=4 (SignalStrength: 18 0 -120 -160 -120 -1 -1 99 2147483647 2147483647 2147483647 2147483647 -120 gsm|lte 0x4)
W/SignalStrength( 1021): getGsmLevel=4
W/SignalStrength( 1021): getLevel=4 (SignalStrength: 18 0 -120 -160 -120 -1 -1 99 2147483647 2147483647 2147483647 2147483647 -120 gsm|lte 0x4)
D/STATUSBAR-NetworkController( 1021): onSignalStrengthsChanged signalStrength=SignalStrength: 18 0 -120 -160 -120 -1 -1 99 2147483647 2147483647 2147483647 2147483647 -120 gsm|lte 0x4 level=4
D/STATUSBAR-NetworkController( 1021): refreshSignalCluster: data=0 bt=false
E/QcrilMsgTunnelSocket(19542): IOExceptionjava.io.IOException: No such file or directoryReason: No such file or directory
D/qdoverlay(  212): Unset pipe=VG0 dpy=0; Unset pipe=VG1 dpy=0; Unset pipe=RGB1 dpy=0; 
E/QcrilMsgTunnelSocket(19542): IOExceptionjava.io.IOException: No such file or directoryReason: No such file or directory
I/Monitor (  739): SIOP:: Current AP = 360, CP = 0
E/QcrilMsgTunnelSocket(19542): IOExceptionjava.io.IOException: No such file or directoryReason: No such file or directory
V/AlarmManager(  739): waitForAlarm result :4
V/AlarmManager(  739): trigger ELAPSED_REALTIME_WAKEUP or RTC_WAKEUP
E/SPPClientService( 3183): [b] sendPingReq
V/AlarmManager(  739):  next == Long.MAX_VALUE
E/SPPClientService( 3183): [b] __PingReply__
V/AlarmManager(  739):  next == Long.MAX_VALUE
D/STATUSBAR-NetworkController( 1021): refreshSignalCluster: data=0 bt=false
D/qdoverlay(  212): Set pipe=RGB1 dpy=0; Set pipe=VG0 dpy=0; Set pipe=VG1 dpy=0; 
D/STATUSBAR-NetworkController( 1021): refreshSignalCluster: data=0 bt=false
D/qdoverlay(  212): Unset pipe=VG0 dpy=0; Unset pipe=VG1 dpy=0; Unset pipe=RGB1 dpy=0; 
E/QcrilMsgTunnelSocket(19542): IOExceptionjava.io.IOException: No such file or directoryReason: No such file or directory
I/Monitor (  739): SIOP:: Current AP = 360, CP = 0
E/QcrilMsgTunnelSocket(19542): IOExceptionjava.io.IOException: No such file or directoryReason: No such file or directory
E/QcrilMsgTunnelSocket(19542): IOExceptionjava.io.IOException: No such file or directoryReason: No such file or directory
W/SignalStrength(  739): Size of signalstrength parcel:172
W/SignalStrength(  739): getGsmLevel=5
W/SignalStrength(  739): getLevel=5 (SignalStrength: 18 0 -120 -160 -120 -1 -1 99 2147483647 2147483647 2147483647 2147483647 -120 gsm|lte 0x5)
W/SignalStrength( 1021): Size of signalstrength parcel:176
W/SignalStrength( 1280): Size of signalstrength parcel:176
W/SignalStrength(13533): Size of signalstrength parcel:176
W/SignalStrength(19514): Size of signalstrength parcel:176
W/SignalStrength(19900): Size of signalstrength parcel:176
W/SignalStrength( 1021): getGsmLevel=5
W/SignalStrength( 1021): getLevel=5 (SignalStrength: 18 0 -120 -160 -120 -1 -1 99 2147483647 2147483647 2147483647 2147483647 -120 gsm|lte 0x5)
W/SignalStrength( 1021): getGsmLevel=5
W/SignalStrength( 1021): getLevel=5 (SignalStrength: 18 0 -120 -160 -120 -1 -1 99 2147483647 2147483647 2147483647 2147483647 -120 gsm|lte 0x5)
D/STATUSBAR-NetworkController( 1021): onSignalStrengthsChanged signalStrength=SignalStrength: 18 0 -120 -160 -120 -1 -1 99 2147483647 2147483647 2147483647 2147483647 -120 gsm|lte 0x5 level=5
D/STATUSBAR-NetworkController( 1021): refreshSignalCluster: data=0 bt=false
D/qdoverlay(  212): Set pipe=RGB1 dpy=0; Set pipe=VG0 dpy=0; Set pipe=VG1 dpy=0; 
D/qdoverlay(  212): Unset pipe=VG0 dpy=0; Unset pipe=VG1 dpy=0; Unset pipe=RGB1 dpy=0; 
E/QcrilMsgTunnelSocket(19542): IOExceptionjava.io.IOException: No such file or directoryReason: No such file or directory
I/Monitor (  739): SIOP:: Current AP = 360, CP = 0
E/Watchdog(  739): !@Sync 468
V/AlarmManager(  739): waitForAlarm result :4
V/AlarmManager(  739): trigger ELAPSED_REALTIME_WAKEUP or RTC_WAKEUP
D/BatteryService(  739): update start
D/BatteryService(  739): level:100, scale:100, status:5, health:2, present:true, voltage: 4327, temperature: 276, technology: Li-ion, AC powered:false, USB powered:true, Wireless powered:false, icon:17303318, invalid charger:0, online:4, charge type:0, current avg:460
D/BatteryService(  739): Sending ACTION_BATTERY_CHANGED.
D/HeadsetStateMachine( 1499): Disconnected process message: 10
E/QcrilMsgTunnelSocket(19542): IOExceptionjava.io.IOException: No such file or directoryReason: No such file or directory
D/STATUSBAR-BatteryController( 1021): onReceive() - ACTION_BATTERY_CHANGED
D/STATUSBAR-BatteryController( 1021): onReceive() - BATTERY_STATUS_FULL:
D/STATUSBAR-PhoneStatusBar( 1021): NORMAL_BATTERY
E/SPPClientService( 3183): [PushClientService] onStartCommand. F:false, D:false, E:false, T:false, S:false, R:false
E/QcrilMsgTunnelSocket(19542): IOExceptionjava.io.IOException: No such file or directoryReason: No such file or directory
I/Monitor (  739): SIOP:: Current AP = 360, CP = 0
E/DataRouter(  203): After the usb select 
E/DataRouter(  203): read length is zero
E/DataRouter(  203): dr_usb_deinit
E/DataRouter(  203): dr_usb_init
E/DataRouter(  203): USB Interface is open with 0xb
E/DataRouter(  203): USB interface is now configured for usb_fd = 0xb
E/DataRouter(  203): pcsyncreset
E/DataRouter(  203): read usb data[len:0]
E/DataRouter(  203): read usb data message:
E/DataRouter(  203): Before the usb select 
E/DTT     (  206): [DR->DTT]Received data notification
D/connfw  (  207): [DR->CONNFW]Received data notification
D/Kies    (  204): [DR->KIES]Received data notification
D/Kies    (  204): dr_process_kies_app(0)
D/Kies    (  204): child pid = 22703.
E/        (22322): read error [0] [Success]
W/MTPRx   (22322): notification from stack 21
E/MTPRx   (22322): Read Error Came false
D/Kies    (22703): child pid = 0.
D/Kies    (22703): execute sh.
E/MTPRx   (22322): state from USB_STATE eventDISCONNECTED
E/MTPRx   (22322): /data/data/com.android.MtpApplication/gadgetDisconnectAndConnect.txt: open failed: ENOENT (No such file or directory)
E/MTPRx   (22322): calling usbRemoved from event observer
W/MTPRx   (22322): MTP_RUNNING_STATUS = 1
E/MTPRx   (22322): In usbRemoved Status bar enabled
D/ContainerEventsRelayManager( 1161): <<< Intent action is >>> : android.intent.action.MTP_FILE_SCAN
D/ContainerEventsRelayManager( 1161): <<< Intent data is   >>> : null
W/ContextImpl(22322): Calling a method in the system process without a qualified user: android.app.ContextImpl.sendBroadcast:1323 android.content.ContextWrapper.sendBroadcast:345 android.content.ContextWrapper.sendBroadcast:345 com.android.MtpApplication.MtpReceiver.usbRemoved:940 com.android.MtpApplication.MtpReceiver.access$100:81 
V/UsbDeviceManager(  739): USB UEVENT: {USB_STATE=DISCONNECTED, SUBSYSTEM=android_usb, DEVPATH=/devices/virtual/android_usb/android0, SEQNUM=9161, ACTION=change}
D/ECS_EnterpriseContainerService(  739): getContainers   --  Called + uid1000
D/ECS_EnterpriseContainerService(  739): getContainers   --  Called passing security
D/ECS_EnterpriseContainerCacheData(  739): Container cache getContainers 
D/ECS_EnterpriseContainerCacheData(  739): Container cache getContainers not null
D/ContainerEventsRelayManager( 1161): System event android.intent.action.MTP_FILE_SCAN Added to Intent hold manager
E/MTPRx   (22322): Sending Broadcast
D/UsbDeviceManager(  739): handleMessage -> MSG_UPDATE_STATE connected = 0,configured = 0
D/UsbDeviceManager(  739): updateUsbNotification : mConnected = false, mConfigured = false, mCurrentFunctions = mtp,adb
D/MediaScannerReceiver( 1126): action: android.intent.action.MTP_FILE_SCAN
E/MtpService(22322): onDestroy.
E/MTPJNIInterface(22322): noti = 3
D/        (22322): __mtp_handler_eh_notify: USB plugged out.
D/        (22322): [__mtp_handler_eh_notify:549] is_connected = 0 and is_enumeration_finished = 1
D/        (22322):  [__mtp_handler_eh_notify:590] Enumeration is Complete and hence exiting the Mtp App 
D/        (22322): gbin_sem_mtp semphore destroy successful
D/        (22322): [__mtp_handler_eh_notify:625] sending event to event handler thread to close...
D/        (22322): [__mtp_handler_eh_notify:634] starting mtp_deinitialize() ...
D/        (22322):  cleaning MP3 properties
D/        (22322):  cleaning WMA properties
D/        (22322):  cleaning WMV properties
D/        (22322):  cleaning ALBUM properties
D/        (22322):  cleaning default properties
D/        (22322): [__mtp_handler_eh_notify:659] Checking for MMC_INSERTED and kill data threads ...
D/        (22322): [__mtp_handler_eh_notify:664] calling mtp_g_fs_mtp_init() ...
D/        (22322):  ************** In mtp_g_fs_mtp_init to kill the threads
D/        (22322): [mtp_g_fs_mtp_init] ********* gfs_mode = 0 mtp_clean_usb_driver  
D/        (22322): [mtp_g_fs_mtp_init] ************ Calling mtp_usb_mtp_finalize fn
D/        (22322): ****** [mtp_usb_mtp_finalize] Calling mtp_stop_io 
D/        (22322): mtp_stop_io going to kill source thread, th_source value = 1
W/ContextImpl(22322): Calling a method in the system process without a qualified user: android.app.ContextImpl.stopService:1649 android.content.ContextWrapper.stopService:462 android.content.ContextWrapper.stopService:462 com.android.MtpApplication.MtpReceiver.usbRemoved:950 com.android.MtpApplication.MtpReceiver.access$100:81 
D/AndroidRuntime(22706): 
D/AndroidRuntime(22706): >>>>>> AndroidRuntime START com.android.internal.os.RuntimeInit <<<<<<
D/AndroidRuntime(22706): CheckJNI is OFF
D/AndroidRuntime(22706): setted country_code = USA
D/AndroidRuntime(22706): setted countryiso_code = US
D/AndroidRuntime(22706): setted sales_code = ATT
E/MP-Decision( 1780): num online cores: 1 reqd : 3 available : 4 rq_depth:6.300000 hotplug_avg_load_dw: 50
E/MP-Decision( 1780): UP cpu:1 core_idx:1 Nw:1.900000 Tw:140 total_time_up:98.000000
E/MP-Decision( 1780): UP cpu:2 core_idx:2 Nw:2.700000 Tw:90 total_time_up:98.000000
D/qdoverlay(  212): Set pipe=RGB1 dpy=0; Set pipe=VG0 dpy=0; Set pipe=VG1 dpy=0; 
D/AndroidRuntime(22706): pLocation:automatic, pLang: , pRegn: 
D/AndroidRuntime(22706): pLocation(NoSIM):english_us, pLang: en, pRegn: US
D/AndroidRuntime(22706): readGMSProperty: start
D/AndroidRuntime(22706): readGMSProperty: already setted!!
D/AndroidRuntime(22706): readGMSProperty: end
D/AndroidRuntime(22706): addProductProperty: start
D/dalvikvm(22706): Trying to load lib libjavacore.so 0x0
I/ActivityManager(  739): Process com.android.MtpApplication (pid 22322) (adj 0) has died.
W/ContextImpl(  739): Calling a method in the system process without a qualified user: android.app.ContextImpl.sendBroadcast:1323 com.android.server.am.ActivityManagerService.cleanUpApplicationRecordLocked:12344 com.android.server.am.ActivityManagerService.handleAppDiedLocked:3566 com.android.server.am.ActivityManagerService.appDiedLocked:3670 com.android.server.am.ActivityManagerService$AppDeathRecipient.binderDied:981 
W/ContextImpl(  739): Calling a method in the system process without a qualified user: android.app.ContextImpl.sendBroadcast:1337 com.android.server.StatusBarManagerService.sendNotification:179 com.android.server.StatusBarManagerService.removeNotification:812 com.android.server.NotificationManagerService.cancelNotificationLocked:1615 com.android.server.NotificationManagerService.cancelNotification:1688 
D/STATUSBAR-StatusBarManagerService(  739): sendNotification(3) - 17040955
D/LightsService(  739): [SvcLED] turnOff:: id = 4mIsIDUsingPatternLED = true
D/LightsService(  739): [SvcLED] setSvcLedStateLocked:: id = 4, color = 0, mode = Off, set = Off
D/LightsService(  739): [SvcLED] turnOff:: id = 4mIsIDUsingPatternLED = true
D/LightsService(  739): [SvcLED] setSvcLedStateLocked:: id = 4, color = 0, mode = Off, set = Off
D/LightsService(  739): [SvcLED] ForcedSvcLEDTask is running.
D/LightsService(  739): [SvcLED] setSvcLedLightLocked : mSvcLedState : 0x0  priority : 6  mSvcLedMode : 0
D/LightsService(  739): [SvcLED] ForcedSvcLEDTask is running.
D/LightsService(  739): [SvcLED] setSvcLedLightLocked : mSvcLedState : 0x0  priority : 6  mSvcLedMode : 0
D/UsbDeviceManager(  739): updateUsbNotification : cancel id = 17040955, title = Connected as a media device
D/dalvikvm(22706): Added shared lib libjavacore.so 0x0
D/dalvikvm(22706): Trying to load lib libnativehelper.so 0x0
D/dalvikvm(22706): Added shared lib libnativehelper.so 0x0
D/UsbDeviceManager(  739): sending intent : ACTION_USB_STATE : connected = false, configured = false, functions = mtp,adb
D/SELinux (22716): selinux_knoxprecontexthook:  Calling  selinux_knoxprecontexthook for uid: 1000 isSystemServer: 0 seinfo: platform pkgname com.android.MtpApplication
E/MP-Decision( 1780): num online cores: 3 reqd : 4 available : 4 rq_depth:4.900000 hotplug_avg_load_dw: 137
E/MP-Decision( 1780): UP cpu:1 core_idx:1 Nw:1.900000 Tw:140 total_time_up:0.000000
E/MP-Decision( 1780): UP cpu:2 core_idx:2 Nw:2.700000 Tw:90 total_time_up:0.000000
E/MP-Decision( 1780): UP cpu:3 core_idx:3 Nw:3.500000 Tw:90 total_time_up:143.000000
E/MTPRx   (22716): In MtpReceiverandroid.hardware.usb.action.USB_STATE
E/MTPRx   (22716): check value of boot_completed is1
E/MTPRx   (22716): check booting is completed_sys.boot_completed
E/MTPRx   (22716): Sd-Card path/storage/extSdCard
E/MTPRx   (22716): Status for mount/Unmount :removed
E/MTPRx   (22716): SDcard is not available
E/MTPRx   (22716): The value of first_boot is  1
E/MTPRx   (22716): [ 662] The value of first_boot is  1NORMAL SEQUENCE 
W/MTPRx   (22716): value of connected isfalse
W/MTPRx   (22716): value of configured isfalse
W/MTPRx   (22716): value of mtpEnabled istrue
W/MTPRx   (22716): value of ptpEnabled isfalse
E/MTPRx   (22716): Received USB_STATE with sdCardLaunch = 0
E/MTPRx   (22716): configured is false
V/UsbDeviceManager(  739): USB UEVENT: {USB_STATE=CONNECTED, SUBSYSTEM=android_usb, DEVPATH=/devices/virtual/android_usb/android0, SEQNUM=9165, ACTION=change}
D/UsbDeviceManager(  739): handleMessage -> MSG_UPDATE_STATE connected = 1,configured = 0
D/UsbDeviceManager(  739): updateUsbNotification : mConnected = true, mConfigured = false, mCurrentFunctions = mtp,adb
W/LicenseLogService(  739): log() is called by non admin
D/ProgressBar( 1021): setProgressDrawable mProgressDrawable = null, d = android.graphics.drawable.LayerDrawable@436852f8needUpdate = false
D/ProgressBar( 1021): setProgressDrawable drawableHeight = 18
D/ProgressBar( 1021): setProgress = 0
D/ProgressBar( 1021): setProgress = 0, fromUser = false
D/ProgressBar( 1021): mProgress = 0mIndeterminate = false, mMin = 0, mMax = 100
W/ContextImpl(  739): Calling a method in the system process without a qualified user: android.app.ContextImpl.sendBroadcast:1337 com.android.server.StatusBarManagerService.sendNotification:179 com.android.server.StatusBarManagerService.addNotification:776 com.android.server.NotificationManagerService.enqueueNotificationInternal:1293 com.android.server.NotificationManagerService.enqueueNotificationWithTag:1145 
D/STATUSBAR-StatusBarManagerService(  739): sendNotification(1) - 17040955
D/UsbDeviceManager(  739): updateUsbNotification : notify id = 17040955, title = Connected as a media device
D/UsbDeviceManager(  739): sending intent : ACTION_USB_STATE : connected = true, configured = false, functions = mtp,adb
D/PhoneStatusBar( 1021): setCarrierLabelVibibility : false
D/MediaScannerService( 1126): !@start scanning volume external: [/storage/emulated/0, /storage/extSdCard, /storage/UsbDriveA, /storage/UsbDriveB, /storage/UsbDriveC, /storage/UsbDriveD, /storage/UsbDriveE, /storage/UsbDriveF]
I/LSS-II: (  739): proc in:com.google.android.apps.maps:FriendService,adj=13LRU num=79,i=38
D/DigitalLocker.MediaObserver(19662): received onChange(false) notification for EXTERNAL_VIDEO
D/MediaScanner( 1126): MediaScanner - mSkipList ()
D/MediaScanner( 1126): Constructor set externalStorageSdPath : /storage/extSdCard
D/DigitalLocker.MediaObserver(19662): received onChange(false) notification for EXTERNAL_IMAGES
D/DigitalLocker.MediaObserver(19662): received onChange(false) notification for INTERNAL_IMAGES
D/DigitalLocker.MediaObserver(19662): looking for new content for EXTERNAL_IMAGES
D/DigitalLocker.MediaObserver(19662): looking for new content for EXTERNAL_VIDEO
D/DigitalLocker.MediaObserver(19662): received onChange(false) notification for INTERNAL_VIDEO
D/DigitalLocker.MediaObserver(19662): looking for new content for INTERNAL_IMAGES
D/DigitalLocker.MediaObserver(19662): looking for new content for INTERNAL_VIDEO
D/MediaScanner( 1126): Prescan. DB items number : 33 DB_FILES_NUMBER_CACHING_LIMITATION : 7000  Caching mode : true
I/LSS-II: (  739): proc out:com.sec.android.app.tmserver,adj=0,i=77
I/LSS-II: (  739): proc wait in:com.sec.android.widgetapp.easyfavoritescontactswidget,adj=11LRU num=79,i=56
I/LSS-II: (  739): proc in:com.sec.chaton,adj=13LRU num=79,i=38
D/TMSERVER/TMNetworkReceiver(18278): TMNetworkReceiver.TMNetworkReceiver() Enter 1 main
D/TMSERVER/TMNetworkReceiver(18278): TMNetworkReceiver.StartTMHandler - enter
D/TMSERVER/TMNetworkReceiver(18278): TMNetworkReceiver.StartTMHandler - exit
D/TMSERVER/TMNetworkReceiver(18278): TMNetworkReceiver.onReceive() Enter
D/TMSERVER/TMNetworkReceiver(18278): TMNetworkReceiver.onReceive() Action android.hardware.usb.action.USB_STATE
D/TMSERVER/TMNetworkReceiver(18278): TMNetworkReceiver.onReceive() on USB - connected:false, configured :false, isUsbCableConnected = false
D/TMSERVER/TMNetworkReceiver(18278): TMNetworkReceiver.onReceive() USB NOT CONNECTED
D/TMSERVER/TMNetworkReceiver(18278): TMNetworkReceiver.onReceive() Exit 
D/DigitalLocker.MediaObserver(19662): no more pending media requests - stopping schedule thread
D/TMSERVER/TMLogRemovalReceiver(18278): TMLogRemovalReceiver.onReceive() Enter isCalled =true
D/TMSERVER/TMLogRemovalReceiver(18278): TMLogRemovalReceiver.onReceive() Exit
D/DigitalLocker.MediaObserver(19662): no more pending media requests - stopping schedule thread
E/MTPRx   (22716): In MtpReceiverandroid.hardware.usb.action.USB_STATE
E/MTPRx   (22716): check value of boot_completed is1
E/MTPRx   (22716): check booting is completed_sys.boot_completed
E/MTPRx   (22716): Sd-Card path/storage/extSdCard
E/MTPRx   (22716): Status for mount/Unmount :removed
E/MTPRx   (22716): SDcard is not available
E/MTPRx   (22716): The value of first_boot is  1
E/MTPRx   (22716): [ 662] The value of first_boot is  1NORMAL SEQUENCE 
W/MTPRx   (22716): value of connected istrue
W/MTPRx   (22716): value of configured isfalse
W/MTPRx   (22716): value of mtpEnabled istrue
W/MTPRx   (22716): value of ptpEnabled isfalse
E/MTPRx   (22716): Received USB_STATE with sdCardLaunch = 0
E/MTPRx   (22716): configured is false
V/MediaScanner( 1126): processDirectory :  /storage/emulated/0
I/LSS-II: (  739): proc wait in:com.android.MtpApplication,adj=9LRU num=79,i=67
I/LSS-II: (  739): proc wait in:com.sec.android.widgetapp.programmonitorwidget,adj=11LRU num=79,i=57
D/DigitalLocker.MediaObserver(19662): no more pending media requests - stopping schedule thread
D/TMSERVER/TMNetworkReceiver(18278): TMNetworkReceiver.TMNetworkReceiver() Enter 1 main
D/TMSERVER/TMNetworkReceiver(18278): TMNetworkReceiver.StartTMHandler - enter
D/TMSERVER/TMNetworkReceiver(18278): TMNetworkReceiver.StartTMHandler - exit
D/TMSERVER/TMNetworkReceiver(18278): TMNetworkReceiver.onReceive() Enter
D/TMSERVER/TMNetworkReceiver(18278): TMNetworkReceiver.onReceive() Action android.hardware.usb.action.USB_STATE
D/TMSERVER/TMNetworkReceiver(18278): TMNetworkReceiver.onReceive() on USB - connected:true, configured :false, isUsbCableConnected = false
D/TMSERVER/TMNetworkReceiver(18278): usbEventReceiver:onReceive(): isUsbCableConnected made to<<<= false
D/TMSERVER/TMNetworkReceiver(18278): TMNetworkReceiver.onReceive() USB CONNECTED
D/TMSERVER/TMNetworkReceiver(18278): TMNetworkReceiver.onReceive() usb file content is  major 0 minor 0 vendor 0
D/TMSERVER/TMNetworkReceiver(18278): TMNetworkReceiver.onReceive() Major Version is: 0
D/TMSERVER/TMNetworkReceiver(18278): TMNetworkReceiver.onReceive() Minor Version equal to 0
D/TMSERVER/TMNetworkReceiver(18278): TMNetworkReceiver.onReceive() Retry reading the file..Sysfs might be updated after the Connected signal. counter -0
D/DigitalLocker.MediaObserver(19662): no more pending media requests - stopping schedule thread
D/MediaScanner( 1126): Skipping:
D/MediaScanner( 1126): 7klwibgf7fvntblfd7(7Budiwrd7dblb7
D/MediaScanner( 1126): Skipping:
D/MediaScanner( 1126): 7klwibgf7fvntblfd7(75ebcf7
D/dalvikvm(22706): Note: class Landroid/app/ActivityManagerNative; has 169 unimplemented (abstract) methods
D/AndroidRuntime(22706): Calling main entry com.android.commands.am.Am
V/MediaScanner( 1126): processDirectory :  /storage/extSdCard
W/MediaScanner( 1126): Error opening directory, reason : Permission denied.
W/MediaScanner( 1126): 7klwibgf7fxlKdCbid7
V/MediaScanner( 1126): pruneDeadThumbnailFiles... android.database.sqlite.SQLiteCursor@4230f6c8
V/MediaScanner( 1126): /pruneDeadThumbnailFiles... android.database.sqlite.SQLiteCursor@4230f6c8
V/MediaScanner( 1126):  prescan time: 32ms (DB items: 33)
V/MediaScanner( 1126):     scan time: 108ms (Caching mode: true), (makeEntry time: 97ms ~89%),  (parsing time: 0ms ~0%),  (bitmapDecoding time: 0ms ~0%), (exifExtracting time : 0ms ~0%), (bulkInserter time : 0ms ~0%)
V/MediaScanner( 1126): postscan time: 5ms (bulkDeleter : 0)
V/MediaScanner( 1126):    total time: 145ms
V/MediaScanner( 1126): checked files: 6  directories : 27  (I: 0, U: 0)
D/MediaScannerService( 1126): !@done scanning volume external
E/MP-Decision( 1780): num online cores: 4 reqd : 3 available : 4 rq_depth:0.700000 hotplug_avg_load_dw: 109
E/MP-Decision( 1780): DOWN cpu:3 core_idx:3 Ns:3.100000 Ts:240 total_time_down:245.000000
D/TMSERVER/TMNetworkReceiver(18278): TMNetworkReceiver.onReceive() usb file content is  major 0 minor 0 vendor 0
D/TMSERVER/TMNetworkReceiver(18278): TMNetworkReceiver.onReceive() Major Version is: 0
D/TMSERVER/TMNetworkReceiver(18278): TMNetworkReceiver.onReceive() Minor Version equal to 0
D/TMSERVER/TMNetworkReceiver(18278): TMNetworkReceiver.onReceive() Retry reading the file..Sysfs might be updated after the Connected signal. counter -1
E/MP-Decision( 1780): num online cores: 3 reqd : 2 available : 4 rq_depth:0.200000 hotplug_avg_load_dw: 21
E/MP-Decision( 1780): DOWN cpu:2 core_idx:2 Ns:2.100000 Ts:240 total_time_down:240.000000
E/MP-Decision( 1780): num online cores: 2 reqd : 1 available : 4 rq_depth:0.400000 hotplug_avg_load_dw: 16
E/MP-Decision( 1780): DOWN cpu:1 core_idx:1 Ns:1.100000 Ts:190 total_time_down:184.000000
W/LicenseLogService(  739): log() is called by non admin
V/UsbDeviceManager(  739): USB UEVENT: {USB_STATE=CONFIGURED, SUBSYSTEM=android_usb, DEVPATH=/devices/virtual/android_usb/android0, SEQNUM=9169, ACTION=change}
D/UsbDeviceManager(  739): handleMessage -> MSG_UPDATE_STATE connected = 1,configured = 1
D/UsbDeviceManager(  739): updateUsbNotification : mConnected = true, mConfigured = true, mCurrentFunctions = mtp,adb
D/UsbDeviceManager(  739): sending intent : ACTION_USB_STATE : connected = true, configured = true, functions = mtp,adb
E/QcrilMsgTunnelSocket(19542): IOExceptionjava.io.IOException: No such file or directoryReason: No such file or directory
D/TMSERVER/TMNetworkReceiver(18278): TMNetworkReceiver.onReceive() usb file content is  major 0 minor 0 vendor 0
D/TMSERVER/TMNetworkReceiver(18278): TMNetworkReceiver.onReceive() Major Version is: 0
D/TMSERVER/TMNetworkReceiver(18278): TMNetworkReceiver.onReceive() Minor Version equal to 0
D/TMSERVER/TMNetworkReceiver(18278): TMNetworkReceiver.onReceive() Retry reading the file..Sysfs might be updated after the Connected signal. counter -2
D/TMSERVER/TMNetworkReceiver(18278): TMNetworkReceiver.onReceive() Exit 
E/MP-Decision( 1780): num online cores: 1 reqd : 2 available : 4 rq_depth:4.100000 hotplug_avg_load_dw: 32
E/MP-Decision( 1780): UP cpu:1 core_idx:1 Nw:1.900000 Tw:140 total_time_up:190.000000
D/TMSERVER/TMNetworkReceiver(18278): TMNetworkReceiver.handleMessage - enter1 main
D/TMSERVER/TMNetworkReceiver(18278): TMNetworkReceiver.handleMessage - enter action = 0
D/TMSERVER/TMNetworkReceiver(18278): TMNetworkReceiver.handleMessage - finsihed case 0 mIsSCMInstalled = false
D/TMSERVER/TMNetworkReceiver(18278): TMNetworkReceiver.handleMessage - exit
D/TMSERVER/TMLogRemovalReceiver(18278): TMLogRemovalReceiver.onReceive() Enter isCalled =true
D/TMSERVER/TMLogRemovalReceiver(18278): TMLogRemovalReceiver.onReceive() Exit
I/LSS-II: (  739): proc out:com.google.android.music:main,adj=0,i=78
E/MP-Decision( 1780): num online cores: 2 reqd : 3 available : 4 rq_depth:3.500000 hotplug_avg_load_dw: 103
E/MP-Decision( 1780): UP cpu:1 core_idx:1 Nw:1.900000 Tw:140 total_time_up:0.000000
E/MP-Decision( 1780): UP cpu:2 core_idx:2 Nw:2.700000 Tw:90 total_time_up:96.000000
E/CscReceiver( 1185): onReceive android.intent.action.MEDIA_SCANNER_FINISHED
D/CscReceiver( 1185): Media DB Scanner finished.
D/CscReceiver( 1185): start service to Set Ringtone
D/CscReceiver( 1185): start service to Set Notification
D/CscReceiver( 1185): start service to Set Alarmtone
D/CscUpdateService( 1185): onStart
E/CscUpdateService( 1185): costomer file is exists : it has been preconfiged.
D/CscUpdateService( 1185): only ringtone update
D/CscUpdateService( 1185): onStart
E/CscUpdateService( 1185): costomer file is exists : it has been preconfiged.
E/CscParser( 1185): update(): xml file exist
D/CscUpdateService( 1185): only notification update
D/CscUpdateService( 1185): onStart
E/CscUpdateService( 1185): costomer file is exists : it has been preconfiged.
D/CscUpdateService( 1185): only alarmtone update
E/CscParser( 1185): update(): xml file exist
W/CSCSettings( 1185): Setting Ringtones (type) : 2
I/LSS-II: (  739): proc out:com.sec.factory,adj=0,i=77
I/LSS-II: (  739): proc in:com.android.musicfx,adj=13LRU num=79,i=38
D/CscParser( 1185): MessageTone: null
W/CSCSettings( 1185): 1. Tag_Str: null
E/CscParser( 1185): update(): xml file exist
W/CSCSettings( 1185): Setting Ringtones (type) : 1
D/CscParser( 1185): RingTone: null
W/CSCSettings( 1185): 1. Tag_Str: null
E/MP-Decision( 1780): num online cores: 3 reqd : 4 available : 4 rq_depth:5.000000 hotplug_avg_load_dw: 128
E/MP-Decision( 1780): UP cpu:1 core_idx:1 Nw:1.900000 Tw:140 total_time_up:0.000000
E/MP-Decision( 1780): UP cpu:2 core_idx:2 Nw:2.700000 Tw:90 total_time_up:0.000000
E/MP-Decision( 1780): UP cpu:3 core_idx:3 Nw:3.500000 Tw:90 total_time_up:143.000000
D/FactoryTestApp(18133): [FactoryTestBroadcastReceiver$onReceive] onReceive action=android.intent.action.MEDIA_SCANNER_FINISHED
I/FactoryTestApp(18133): [XMLDataStorage$parsingXML] FtClient => data parsing was completed.
D/FactoryTestApp(18133): [FactoryTestBroadcastReceiver$onReceive] ACTION_MEDIA_SCANNER_FINISHED => XML data parsing was failed.
I/FactoryTestApp(18133): [ModuleCommon$setMediascanningCounter] NULL
I/FactoryTestApp(18133): [ModuleCommon$getMediaScanningCount] get : 21
D/FactoryTestApp(18133): [Support$Values.getString] id=BINARY_TYPE, value=ro.factory.factory_binary
D/FactoryTestApp(18133): [Support$Properties.get] property=ro.factory.factory_binary
D/FactoryTestApp(18133): [Support$Values.getString] id=BINARY_TYPE, value=ro.factory.factory_binary
D/FactoryTestApp(18133): [Support$Properties.get] property=ro.factory.factory_binary
I/FactoryTestApp(18133): [ModuleCommon$getMediaScanningCount] get : 22
I/FactoryTestApp(18133): [ModuleCommon$getMediaScanningCount] get : 22
W/CSCSettings( 1185): Setting Ringtones (type) : 4
I/FactoryTestApp(18133): [ModuleCommon$isFirstBoot] before : false
D/CscParser( 1185): AlarmTone: null
W/CSCSettings( 1185): 1. Tag_Str: null
D/dalvikvm( 1185): GC_CONCURRENT freed 434K, 12% free 17563K/19944K, paused 4ms+4ms, total 34ms
I/LSS-II: (  739): proc out:com.sec.android.app.music:service,adj=0,i=76
I/LSS-II: (  739): proc in:com.sec.android.app.samsungapps.una2,adj=13LRU num=79,i=38
I/LSS-II: (  739): proc out:com.sec.android.gallery3d,adj=0,i=78
I/LSS-II: (  739): proc wait in:com.sec.android.widgetapp.dualclockdigital,adj=11LRU num=79,i=56
D/GalleryCacheReady(10914): Receive action.ACTION_MEDIA_SCANNER_FINISHED
D/GalleryCacheReady(10914): GalleryCacheReady start
I/LSS-II: (  739): proc out:com.wssnps,adj=0,i=76
D/NPS_WSSNPS(18352): [] KIES_WSSERVICE_STOP
I/NPS_WSSNPS(18352): [] IsRemain_Asyncing nothing
W/ContextImpl(18352): Calling a method in the system process without a qualified user: android.app.ContextImpl.stopService:1649 android.content.ContextWrapper.stopService:462 android.content.ContextWrapper.stopService:462 com.wssnps.smlNpsReceiver.onReceive:178 android.app.ActivityThread.handleReceiver:2442 
D/ContentApp( 1126): startScan() is called.
D/facerecognition( 1126): NativeApi_createFR begin
D/facerecognition( 1126): NativeApi_createFR 1
D/facerecognition( 1126): AMCM register begin
D/facerecognition( 1126): AMCM register end
D/AndroidRuntime(22706): Shutting down VM
E/MTPRx   (22716): In MtpReceiverandroid.hardware.usb.action.USB_STATE
E/MTPRx   (22716): check value of boot_completed is1
E/MTPRx   (22716): check booting is completed_sys.boot_completed
D/dalvikvm(22706): GC_CONCURRENT freed 157K, 19% free 722K/884K, paused 1ms+0ms, total 5ms
D/jdwp    (22706): Got wake-up signal, bailing out of select
D/dalvikvm(22706): Debugger has detached; object registry had 1 entries
E/MTPRx   (22716): Sd-Card path/storage/extSdCard
E/MTPRx   (22716): Status for mount/Unmount :removed
E/MTPRx   (22716): SDcard is not available
E/MTPRx   (22716): The value of first_boot is  1
E/MTPRx   (22716): [ 662] The value of first_boot is  1NORMAL SEQUENCE 
I/LSS-II: (  739): proc cancel wait in:com.android.MtpApplication,adj=0LRU num=79,i=68
W/MTPRx   (22716): value of connected istrue
W/MTPRx   (22716): value of configured istrue
W/MTPRx   (22716): value of mtpEnabled istrue
W/MTPRx   (22716): value of ptpEnabled isfalse
E/MTPRx   (22716): Received USB_STATE with sdCardLaunch = 0
E/MTPRx   (22716): Start observing USB_STATE_MATCH 
D/GalleryCacheReady(10914): GalleryCacheReady end
D/EnterpriseDeviceManager(22716): ContainerId: 0
I/LSS-II: (  739): proc wait in:com.sec.android.SimpleWidget,adj=11LRU num=79,i=57
W/LicenseLogService(  739): log() is called by non admin
E/MTPRx   (22716): sending MTP_ICON_ENABLED to stack
W/ContextImpl(22716): Calling a method in the system process without a qualified user: android.app.ContextImpl.startService:1643 android.content.ContextWrapper.startService:457 android.content.ContextWrapper.startService:457 com.android.MtpApplication.MtpReceiver.sendNoti:797 com.android.MtpApplication.MtpReceiver.onReceive:1276 
E/MTPRx   (22716): else part ... so first time!!!
E/MTPPlaObsrvr(22716): inside setContext()
D/dalvikvm( 1126): GC_EXPLICIT freed 337K, 9% free 17265K/18916K, paused 3ms+6ms, total 46ms
E/MTPPlaObsrvr(22716): playlist count is0
E/MTPPlaObsrvr(22716): Inside registerContentObserver
D/facerecognition( 1126): NativeApi_createFR end=1825860680
D/facerecognition( 1126): NativeApi_setFaceThumbnaislSize begin
D/facerecognition( 1126): NativeApi_setFaceThumbnaislSize end
E/MtpAdbObserver(22716): inside setContext()
E/MtpAdbObserver(22716): Inside registerContentObserver
W/Settings(22716): Setting adb_enabled has moved from android.provider.Settings.System to android.provider.Settings.Global, returning read-only global URI.
W/ContentResolver( 1126): Failed to get type for: content://media/external/faces (Unknown URL : content://media/external/faces)
D/facerecognition( 1126): NativeApi_prepareUngroupedData begin
D/facerecognition( 1126): NativeApi_prepareUngroupedData 1
D/facerecognition( 1126): NativeApi_prepareUngroupedData 5
W/ContextImpl(22716): Calling a method in the system process without a qualified user: android.app.ContextImpl.startService:1643 android.content.ContextWrapper.startService:457 android.content.ContextWrapper.startService:457 com.android.MtpApplication.MtpReceiver.sendNoti:797 com.android.MtpApplication.MtpReceiver.launchMtpApp:897 
E/MtpService(22716): onCreate.
E/MtpService(22716): < MTP > Registering BroadCast receiver :::::
I/MediaStoreImporter(18328): Update: incremental Added music: 0 Updated music: 0 Deleted music: 0 Created playlists: 0 Updated playlists: 0 Deleted playlists: 0 Inserted playlist items: 0 Deleted playlist items: 0 Removed orphaned playlist items: 0
D/facerecognition( 1126): NativeApi_prepareUngroupedData 6
D/facerecognition( 1126): NativeApi_prepareUngroupedData end
E/MtpService(22716): < MTP > Registering BroadCast registerBroadCastPolicyRec :::::
W/ContentResolver( 1126): Failed to get type for: content://media/external/faces (Unknown URL : content://media/external/faces)
E/MtpService(22716): onStartCommand.
D/facerecognition( 1126): NativeApi_destroyFR begin
D/facerecognition( 1126): NativeApi_destroyFR 1
D/facerecognition( 1126): CFrManager::Destroy 1
D/facerecognition( 1126): CFrManager::Destroy 2
D/facerecognition( 1126): CFrManager::Destroy 3
D/facerecognition( 1126): CFrManager::Destroy 4
D/facerecognition( 1126): CFrManager::Destroy 5
D/facerecognition( 1126): CFrManager::Destroy 8
W/MTPRx   (22716): calling native method
E/MTPJNIInterface(22716): < MTP > Registering BroadCast receiver :::::
D/facerecognition( 1126): CFrManager::Destroy 9
D/facerecognition( 1126): CFrManager::Destroy 10
D/facerecognition( 1126): CFrManager::Destroy 11
D/facerecognition( 1126): CFrManager::Destroy 12
D/facerecognition( 1126): CFrManager::Destroy 13
D/facerecognition( 1126): NativeApi_destroyFR 2
D/facerecognition( 1126): NativeApi_destroyFR end
E/MtpService(22716): handleMessage. msg= { what=0 when=-5ms arg1=1 obj=Intent { cmp=com.android.MtpApplication/.MtpService } }
D/MtpService( 1126): addStorageLocked 65537 /storage/emulated/0
E/MTPJNIInterface(22716): noti = 10
E/EnterpriseContainerManager( 1126): ContainerPolicy Service is not yet ready!!!
D/EnterpriseDeviceManager( 1126): ContainerId: 0
W/LicenseLogService(  739): log() is called by non admin
D/MtpService( 1126): starting MTP server in MTP mode
D/MediaScanner( 1126): MediaScanner - mSkipList ()
D/MediaScanner( 1126): Constructor set externalStorageSdPath : /storage/extSdCard
E/MtpServerJNI( 1126): could not open MTP driver, errno: 2
D/MtpService( 1126): addStorageLocked 65537 /storage/emulated/0
E/MtpServerJNI( 1126): server is null in add_storage
E/MtpServerJNI( 1126): server is null in run
E/MtpServerJNI( 1126): server is null in cleanup
E/MtpService(22716): onStartCommand.
W/MTPRx   (22716): calling native method
E/MTPRx   (22716): Checking the driver time out
E/MTPJNIInterface(22716): noti = 2
D/        (22716): event handler thread is created, so set the flag
E/MTPJNIInterface(22716): Getting media scanner status0
E/MTPRx   (22716): called native method
E/MTPJNIInterface(22716): setting Media scanner status0
E/MTPJNIInterface(22716): After setting Media scanner status0
W/MTPRx   (22716): notification from stack 1
E/MtpService(22716): handleMessage. msg= { what=0 when=-3ms arg1=2 obj=Intent { cmp=com.android.MtpApplication/.MtpService } }
D/TMSERVER/TMNetworkReceiver(18278): TMNetworkReceiver.TMNetworkReceiver() Enter 1 main
D/TMSERVER/TMNetworkReceiver(18278): TMNetworkReceiver.StartTMHandler - enter
D/TMSERVER/TMNetworkReceiver(18278): TMNetworkReceiver.StartTMHandler - exit
D/TMSERVER/TMNetworkReceiver(18278): TMNetworkReceiver.onReceive() Enter
D/TMSERVER/TMNetworkReceiver(18278): TMNetworkReceiver.onReceive() Action android.hardware.usb.action.USB_STATE
D/TMSERVER/TMNetworkReceiver(18278): TMNetworkReceiver.onReceive() on USB - connected:true, configured :true, isUsbCableConnected = false
D/TMSERVER/TMNetworkReceiver(18278): usbEventReceiver:onReceive(): isUsbCableConnected made to<<<= false
D/TMSERVER/TMNetworkReceiver(18278): TMNetworkReceiver.onReceive() USB CONNECTED
D/TMSERVER/TMNetworkReceiver(18278): TMNetworkReceiver.onReceive() usb file content is  major 0 minor 0 vendor 0
D/TMSERVER/TMNetworkReceiver(18278): TMNetworkReceiver.onReceive() Major Version is: 0
D/TMSERVER/TMNetworkReceiver(18278): TMNetworkReceiver.onReceive() Minor Version equal to 0
D/TMSERVER/TMNetworkReceiver(18278): TMNetworkReceiver.onReceive() Retry reading the file..Sysfs might be updated after the Connected signal. counter -0
E/NotificationService(  739): Ignoring notification with icon==0: Notification(pri=0 contentView=null vibrate=null sound=null defaults=0x0 flags=0x62 kind=[null])
E/NotificationService(  739): Ignoring notification with icon==0: Notification(pri=0 contentView=null vibrate=null sound=null defaults=0x0 flags=0x62 kind=[null])
D/Kies    (  204): __dr_Sigchld_handler entered
D/Kies    (  204): dr_Sigchld_handler spid : 22703
D/Kies    (  204): sending intent finished.
D/Kies    (  204): KIES_WSSERVICE_STOP sending intent result = 1.
D/Kies    (  204): child pid = 22789.
D/Kies    (22789): child pid = 0.
D/Kies    (22789): execute sh.
E/MP-Decision( 1780): num online cores: 4 reqd : 2 available : 4 rq_depth:1.100000 hotplug_avg_load_dw: 33
E/MP-Decision( 1780): DOWN cpu:3 core_idx:3 Ns:3.100000 Ts:240 total_time_down:245.000000
E/MP-Decision( 1780): DOWN cpu:2 core_idx:2 Ns:2.100000 Ts:240 total_time_down:245.000000
D/TMSERVER/TMNetworkReceiver(18278): TMNetworkReceiver.onReceive() usb file content is  major 0 minor 0 vendor 0
D/TMSERVER/TMNetworkReceiver(18278): TMNetworkReceiver.onReceive() Major Version is: 0
D/TMSERVER/TMNetworkReceiver(18278): TMNetworkReceiver.onReceive() Minor Version equal to 0
D/TMSERVER/TMNetworkReceiver(18278): TMNetworkReceiver.onReceive() Retry reading the file..Sysfs might be updated after the Connected signal. counter -1
D/AndroidRuntime(22790): 
D/AndroidRuntime(22790): >>>>>> AndroidRuntime START com.android.internal.os.RuntimeInit <<<<<<
D/AndroidRuntime(22790): CheckJNI is OFF
D/AndroidRuntime(22790): setted country_code = USA
D/AndroidRuntime(22790): setted countryiso_code = US
D/AndroidRuntime(22790): setted sales_code = ATT
D/AndroidRuntime(22790): pLocation:automatic, pLang: , pRegn: 
D/AndroidRuntime(22790): pLocation(NoSIM):english_us, pLang: en, pRegn: US
D/AndroidRuntime(22790): readGMSProperty: start
D/AndroidRuntime(22790): readGMSProperty: already setted!!
D/AndroidRuntime(22790): readGMSProperty: end
D/AndroidRuntime(22790): addProductProperty: start
D/dalvikvm(22790): Trying to load lib libjavacore.so 0x0
D/dalvikvm(22790): Added shared lib libjavacore.so 0x0
D/dalvikvm(22790): Trying to load lib libnativehelper.so 0x0
D/dalvikvm(22790): Added shared lib libnativehelper.so 0x0
D/qdoverlay(  212): Unset pipe=VG0 dpy=0; Unset pipe=VG1 dpy=0; Unset pipe=RGB1 dpy=0; 
D/TMSERVER/TMNetworkReceiver(18278): TMNetworkReceiver.onReceive() usb file content is  major 0 minor 0 vendor 0
D/TMSERVER/TMNetworkReceiver(18278): TMNetworkReceiver.onReceive() Major Version is: 0
D/TMSERVER/TMNetworkReceiver(18278): TMNetworkReceiver.onReceive() Minor Version equal to 0
D/TMSERVER/TMNetworkReceiver(18278): TMNetworkReceiver.onReceive() Retry reading the file..Sysfs might be updated after the Connected signal. counter -2
D/dalvikvm(22790): Note: class Landroid/app/ActivityManagerNative; has 169 unimplemented (abstract) methods
V/AlarmManager(  739): waitForAlarm result :8
D/AndroidRuntime(22790): Calling main entry com.android.commands.am.Am
D/TMSERVER/TMNetworkReceiver(18278): TMNetworkReceiver.onReceive() Exit 
D/TMSERVER/TMNetworkReceiver(18278): TMNetworkReceiver.handleMessage - enter1 main
