I/OMXCodec(  218): Attempting to allocate OMX node 'OMX.google.vorbis.decoder'
I/OMXCodec(  218): Successfully allocated OMX node 'OMX.google.vorbis.decoder'
I/OMXCodec(  218): [OMX.google.vorbis.decoder] OMXCodec::start mState=1
I/OMXCodec(  218): [OMX.google.vorbis.decoder] allocating 4 buffers of size 8192 on input port
I/OMXCodec(  218): [OMX.google.vorbis.decoder] allocating 4 buffers of size 32768 on output port
I/OMXCodec(  218): [OMX.google.vorbis.decoder] Now Idle. Component sends idle done Event 
V/AwesomePlayer(  218): finishAsyncPrepare_l
V/AwesomePlayer(  218): notifyListner_l() msg (5-MEDIA_SET_VIDEO_SIZE), ext1 (0), ext2 (0)
V/MediaPlayerService(  218): [106] notify (0x43aa93f0, 5, 0, 0)
V/MediaPlayer(  218): message received msg=5, ext1=0, ext2=0
V/MediaPlayer(  218): New video size 0 x 0
V/AwesomePlayer(  218): notifyListner_l() msg (1-MEDIA_PREPARED), ext1 (0), ext2 (0)
V/MediaPlayerService(  218): [106] notify (0x43aa93f0, 1, 0, 0)
V/MediaPlayer(  218): message received msg=1, ext1=0, ext2=0
V/MediaPlayer(  218): prepared
V/MediaPlayer(  218): signal application thread
V/MediaPlayer(  218): prepare complete - status=0
D/SecCameraCoreManager(  218): SecCameraCoreManager created: pid=218, cameraId=3
D/SecCameraCoreManager(  218): initialize
E/SecCameraCoreManager(  218): initialize1
I/SecCameraCoreManager(  218): Opening camera 1
E/QualcommCamera(  218): int android::camera_device_open(const hw_module_t*, char const*, hw_device_t**): start : 1
I/QCameraHWI(  218): QCameraHardwareInterface: E
I/QCameraHWI(  218): Init mPreviewState = 0
E/mm-camera(  236): mctl_store_curr_target Current target is 0 
E/mm-camera(  236): camera_plugin_client_open: plugin client open exit, rc = 0
E/mm-camera-intf(  218): mm_camera_open:  opened, break out while loop
E/mm-camera-intf(  218): mm_camera_poll_thread_launch: poll_type = 0, read fd = 69, write fd = 70 timeout = 7000, obj_address = 0x43b5ec78, poll_cb = 0x43b5fe9c
E/mm-camera(  236): mctl_stats_init_ops, E, p_cfg_ctrl->ion_dev_fd: 13
E/mm-camera(  236): sensor_load_chromatix: libchromatix_s5k6b2yx_preview.so: 32
E/mm-camera(  236): camera_plugin_client_private_ioctl_to_plugin: received private ioctl
E/mm-camera(  236): camera_plugin_grant_pix_interface Support simultaneous camera 1 Sensor type 0 BAYER 0
E/mm-camera(  236): camera_plugin_grant_pix_interface Support simultaneous camera 1 Sensor type 0
E/mm-camera(  236): axi_client_init axi client 1
E/mm-camera(  236):  
E/mm-camera(  236): vfe_ops_init: E
E/mm-camera(  236): vfe_legacy_stats_buffer_init: AEC_STATS_BUFNUM
E/mm-camera(  236): vfe_legacy_stats_buffer_init: AEC_STATS_BUFNUM
E/mm-camera(  236): axi_set_params: wm0: ub_offset 0 ub_size 239
E/mm-camera(  236): axi_set_params: wm1: ub_offset 240 ub_size 119
E/mm-camera(  236): axi_set_params: wm2: ub_offset 360 ub_size 319
E/mm-camera(  236): axi_set_params: wm3: ub_offset 680 ub_size 119
E/mm-camera(  236): axi_set_params: wm4: ub_offset 800 ub_size 159
E/mm-camera(  236): axi_set_params: wm5: ub_offset 0 ub_size 0
E/mm-camera(  236): axi_set_params: wm6: ub_offset 0 ub_size 0
E/mm-camera(  236): mctl_init_stats_proc_info: snap_max_line_cnt =26784
E/mm-camera(  236): config_proc_CAMERA_GET_CAPABILITIES: prop->max_pict_width 1920  prop->max_pict_height 1080
D/QCameraHWI(  218): QCameraHardwareInterface, mIsYUVSensor - 0, ret - 0
E/mm-camera-intf(  218): mm_camera_poll_thread_launch: poll_type = 1, read fd = 71, write fd = 72 timeout = 7000, obj_address = 0x43b5ec78, poll_cb = 0x43b5eda4
I/QCameraHWI(  218): setMyMode: E
I/QCameraHWI(  218): setMyMode: Set mode to 5 (passed mode: 0)
I/QCameraHWI(  218): setMyMode: X
D/QCameraHWI_Parm(  218): initDefaultParameters: E
E/mm-camera(  236): config_proc_native_ctrl_cmd: CAMERA_SET_PARM_DIMENSION called
E/mm-camera(  236): config_validate_dimension: full_size_width 1920 qtr_size_width 1920 RDI 0: W X H: 1920 X 1080, RDI 1: W X H: 1920 X 540
E/mm-camera(  236): config_validate_dimension: RDI2: W X H: 0 X 0
D/QCameraHWI_Parm(  218): Zoom supported : 0
D/QCameraHWI_Parm(  218): supported video sizes : 1920x1080,1440x1080,1280x720,960x720,800x450,720x480,640x480,320x240,176x144
D/QCameraHWI_Parm(  218): supported preview sizes : 1920x1080,1440x1080,1280x720,1056x864,960x720,720x480,640x480,320x240,176x144
D/QCameraHWI_Parm(  218): supported fps range : (4000,30000)
D/QCameraHWI_Parm(  218): supported preview format = yuv420sp,yuv420sp-adreno,yuv420p,nv12
D/QCameraHWI_Parm(  218): supported picture sizes = 1920x1080,1440x1080,1280x720,960x720,720x480,640x480,320x240
I/QCameraHWI_Parm(  218): getZSLQueueDepth: prop = 2
I/QCameraHWI_Parm(  218): getZSLQueueDepth: prop = 2
I/QCameraHWI_Parm(  218): setParameters: E
D/QCameraHWI_Parm(  218): setNoDisplayMode: Param mNoDisplayMode = 0
E/QCameraHWI_Parm(  218): setIntelligentMode: nishu intelligent_mode=0 : E
E/mm-camera(  236): sensor_client_set_params: cmd type: 15
E/mm-camera(  236): s5k6b2yx_set_streaming_mode: regular mode settings done.
E/QCameraHWI_Parm(  218): setIntelligentMode: vision mode set to 0
D/QCameraHWI_Parm(  218): setDualRecordingHint: dualrecording-hint : -1
D/QCameraHWI_Parm(  218): setRecordingHint: RecordingHint 0
E/mm-camera(  236): config_proc_CAMERA_SET_RECORDING_HINT rc = 1, status = 1, Current usecase : Camera 
I/QCameraHWI_Parm(  218): setDISMode DIS is Disabled value = 0
E/mm-camera(  236): config_proc_CAMERA_SET_DIS_ENABLE: DIS Enabled? : No 
I/QCameraHWI_Parm(  218): setFullLiveshot Full size liveshot Disabled value = 0
D/QCameraHWI_Parm(  218): setCamMode: cameraid: 1, cam_mode: 0, old_cam_mode: 0
I/QCameraHWI_Parm(  218): setCamMode: ### FRONT CAMERA MODE ON
E/mm-camera(  236): sensor_client_set_params: cmd type: 15
E/mm-camera(  236): s5k6b2yx_set_streaming_mode: regular mode settings done.
D/QCameraHWI_Parm(  218): setDualMode: cameraid: 1, dual_mode: 0
I/QCameraHWI_Parm(  218): setCameraMode: ZSL is enabled  0
E/QCameraHWI_Parm(  218): setPowerMode: Enable Normal Power Mode
I/QCameraHWI_Parm(  218): setPowerMode Low power mode Disabled value = 0
E/mm-camera(  236): config_proc_CAMERA_SET_LOW_POWER_MODE Low power mode enabled? : No 
E/QCameraHWI_Parm(  218): setPreviewSize: requested preview size 1440 x 1080 (cameraid 1)
D/QCameraHWI_Parm(  218): setPreviewSize: preview dimensions: 1440x1080
I/QCameraHWI_Parm(  218): setVideoSize: requested record size 1920x1080
D/QCameraHWI_Parm(  218): setVideoSize: preview dimensions: 1440x1080
D/QCameraHWI_Parm(  218): setVideoSize: video dimensions: 1920x1080
E/QCameraHWI_Parm(  218): setPictureSize: requested picture size 1920 x 1080
E/QCameraHWI_Parm(  218): setJpegThumbnailSize: requested jpeg thumbnail size : 176x144
D/QCameraHWI_Parm(  218): setJpegThumbnailSize: pictureAspectRatio:7281 thumbAspectRatio: 5006
E/QCameraHWI_Parm(  218): setJpegThumbnailSize: thumbnail aspect 7281, width 512, height 288
E/QCameraHWI_Parm(  218): setJpegThumbnailSize: set jpeg thumbnail size : 512x288
D/QCameraHWI_Parm(  218): setEffect: Setting effect none
E/mm-camera-intf(  218): mm_camera_get_parm: bestshot_reconfigure: 0
E/QCameraHWI_Parm(  218): setZoom: This sensor not supported
E/QCameraHWI(  218): isZSLMode, isZSLMode = 0
D/QCameraHWI_Parm(  218): setSharpness: setting sharpness 10
D/QCameraHWI_Parm(  218): setSaturation: Setting saturation 5
D/QCameraHWI_Parm(  218): setSceneMode: Scene Mode string : auto
E/mm-camera-intf(  218): mm_camera_get_parm: bestshot_reconfigure: 0
D/QCameraHWI_Parm(  218): setContrast: Contrast : auto
E/QCameraHWI_Parm(  218): Calling Contrast set on Lower layer
E/QCameraHWI_Parm(  218): Lower layer returned 1
E/mm-camera-intf(  218): mm_camera_get_parm: bestshot_reconfigure: 0
D/QCameraHWI_Parm(  218): setPreviewFormat: preview format value: yuv420sp
I/QCameraHWI_Parm(  218): Setting preview format to 1, i = 0, num = 4, hal_format = 17
D/QCameraHWI_Parm(  218): setWaveletDenoise: Wavelet Denoise Value : denoise-on (1)
D/QCameraHWI_Parm(  218): Wavelet prop 0
D/QCameraHWI_Parm(  218): Denoise enable=1, plates=0
D/QCameraHWI_Parm(  218): setAntibanding : Antibanding Value : off / off
D/QCameraHWI_Parm(  218): setAntibanding : Antibanding Value : 0
D/QCameraHWI_Parm(  218): setRDIMode: RDI Mode = 0
D/QCameraHWI_Parm(  218): setAEBracket, mHdrMode == HDR_BRACKETING_OFF
D/QCameraHWI_Parm(  218): setAEBracket, mHdrMode == HDR_BRACKETING_OFF
E/QCameraHWI_Parm(  218): FPS: i=0 : minFps = 4000, maxFps = 30000 
D/QCameraHWI_Parm(  218): setPreviewFpsRange FPS_MODE = frame-rate-auto
E/mm-camera(  236): sensor_client_set_params: cmd type: 2
E/mm-camera(  236): sensor_client_set_params: cmd type: 2
I/QCameraHWI_Parm(  218): getNumOfSnapshots: prop enable/disable = 0
I/QCameraHWI_Parm(  218): number of snapshots = 1
D/QCameraHWI_Parm(  218): setPreviewFrameRate: requested preview frame rate  is 30
D/QCameraHWI_Parm(  218): setAutoExposure: Set metering : 1
D/QCameraHWI_Parm(  218): setExposureCompensation: EV value : 6
D/QCameraHWI_Parm(  218): setWhiteBalance: Setting white balance : auto
D/QCameraHWI_Parm(  218): setBrightness: brightness value : 1 
E/mm-camera(  236): config_proc_CAMERA_SET_PARM_BRIGHTNESS E
D/QCameraHWI_Parm(  218): setISOValue: ISO Value : auto
E/QCameraHWI_Parm(  218): setAntiShake: setAntiShake: 0
E/mm-camera-intf(  218): mm_camera_native_control : mode(11), value1(0), value2(0), value3(1)
D/QCameraHWI_Parm(  218): setVdis: requested video-stabilization : false
D/QCameraHWI_Parm(  218): setVdis: requested sw-vdis : off
D/QCameraHWI_Parm(  218): setVdis: ### mVdisOn : 0
D/QCameraHWI_Parm(  218): setVdis: ### mPrevVdisMode : 0
D/QCameraHWI_Parm(  218): setCityId : null value
E/QCameraHWI_Parm(  218): setFocusAreas: sensor is not support focus mode
D/QCameraHWI_Parm(  218): setFocusMode: Focus mode infinity
D/QCameraHWI_Parm(  218): setFocusMode: Focus mode 7
E/mm-camera-intf(  218): mm_camera_native_control : mode(16), value1(7), value2(0), value3(1)
E/QCameraHWI_Parm(  218): setFlash: LED FLASH not supported
I/QCameraHWI_Parm(  218): setZSLBurstLookBack: look_back =0
I/QCameraHWI_Parm(  218): setZSLBurstInterval: Interval =1
E/QCameraHWI_Parm(  218): setStreamFlipHint: ### mRotation: 0, flip value : 0
E/mm-camera(  236): config_proc_CAMERA_SET_FLIP_HINT rc = 1, status = 1, 
I/QCameraHWI_Parm(  218): setShotMode: setShotMode: 0
I/QCameraHWI_Parm(  218): setFdAeMode: FD AE Mode Off
E/QCameraHWI_Parm(  218): setParameters: SUCCESS
I/QCameraHWI_Parm(  218): setParameters: X
D/QCameraHWI_Parm(  218): initDefaultParameters: X
E/QCameraHWI(  218): createPreview : BEGIN
E/QCameraHWI(  218): Mymode Preview = 5
E/QCameraHWI_Preview(  218): QCameraStream_preview: E
E/QCameraHWI_Preview(  218): QCameraStream_preview: X
E/QCameraHWI(  218): createPreview : END
E/QCameraHWI(  218): Mymode Record = 5
E/QCameraHWI(  218): createSnapshot : BEGIN
E/QCameraHWI(  218): Mymode Snap = 5
E/QCameraHWI(  218): createSnapshot : before creating an instance of SnapshotMain, num buffers = 1
E/QCameraHWI_Still(  218): createInstance : E
E/QCameraHWI_Still(  218): QCameraStream_SnapshotMain: E
E/QCameraHWI_Still(  218): QCameraStream_SnapshotMain : X
E/QCameraHWI(  218): Mymode Snap = 5
E/QCameraHWI(  218): createSnapshot : END
E/mm-still-omx(  218): mm_jpeg_init : Launch jobmgr thread
I/mm-still-omx(  218): OMX_GetHandle: E
I/mm-still-omx(  218): getLibName: cnt =0 componentName=OMX.qcom.image.jpeg.encoder, libName=libimage-jpeg-enc-omx-comp.so
I/mm-still-omx(  218): getLibName: libName=libimage-jpeg-enc-omx-comp.so
I/mm-still-omx(  218): OMX_GetHandle: dlopen for libimage-jpeg-enc-omx-comp.so is successful.
I/mm-still-omx(  218): here address is 0x43f967cd 
I/mm-still-omx(  218): OMX_GetHandle: dlopen for libimage-jpeg-enc-omx-comp.so is successful.
I/mm-still-omx(  218): OMX_Init:
I/mm-still-omx(  218): initInport,1087
I/mm-still-omx(  218): initInport,1096
I/QCameraHWI(  218): dataNotifyRoutine: E
I/QCameraHWI(  218): dataProcessRoutine: E
I/QCameraHWI(  218): QCameraHardwareInterface: X
E/QCameraHWI(  218): isCameraReady mCameraState 1
E/QualcommCamera(  218): int android::camera_device_open(const hw_module_t*, char const*, hw_device_t**): succeeded to open
E/QualcommCamera(  218): int android::camera_device_open(const hw_module_t*, char const*, hw_device_t**):  end rc 0
E/SecCameraCoreManager(  218): initialize2
I/ShotCommon(  218): ShotCommon created: pid=218
V/SecCameraCoreManager(  218): getParameters(1)
E/QualcommCamera(  218): Qchar* android::get_parameters(camera_device*): E
I/QualcommCamera(  218): get_parameters: ae-bracket-hdr=Off;ae-bracket-hdr-values=Off,HDR,AE-Bracket;anti-shake=0;antibanding=off;antibanding-values=off,50hz,60hz,auto;auto-exposure-lock=false;auto-exposure-lock-supported=false;auto-whitebalance-lock=false;auto-whitebalance-lock-supported=false;cam_mode=0;camera-mode=0;camera-mode-values=0,1;capture-burst-captures-values=2;capture-burst-exposures=;capture-burst-exposures-values=-12,-11,-10,-9,-8,-7,-6,-5,-4,-3,-2,-1,0,1,2,3,4,5,6,7,8,9,10,11,12;capture-burst-interval=1;capture-burst-interval-max=10;capture-burst-interval-min=1;capture-burst-interval-supported=true;capture-burst-retroactive=0;capture-burst-retroactive-max=2;contextualtag-cityid=0;contrast=5;denoise=denoise-on;denoise-values=denoise-off,denoise-on;display_mode=landscape;dual_mode=0;dualrecording-hint=-1;effect=none;effect-values=none,mono,negative,solarize,sepia,posterize,whiteboard,blackboard,aqua,emboss,sketch,neon,vintage-warm,vintage-cold,washed;exposure-compensation=0;exposure-compensation-step=1;face-detection=o
E/QualcommCamera(  218): Qvoid android::put_parameters(camera_device*, char*): E
I/ShotCommon(  218): Preview width(1440), height(1080)
I/ShotCommon(  218): Preview color format [yuv420sp]
I/ShotCommon(  218): Picture width(1920), height(1080)
I/ShotCommon(  218): Picture color format [jpeg]
E/QualcommCamera(  218): Qint android::send_command(camera_device*, int32_t, int32_t, int32_t): E
D/QCameraHWI(  218): sendCommand: E (cmd: 1611, arg1: 0, arg2: 0)
D/QCameraHWI(  218): sendCommand: X
I/QCameraHWI(  218): enableMsgType: E, msgType =0xc0d
I/QCameraHWI(  218): enableMsgType: X, msgType =0xc0d, mMsgEnabled=0xc0d
I/ShotSingle(  218): ShotSingle created: pid=218
V/ShotSingle(  218): sendCommand(1)
E/QualcommCamera(  218): Qint android::send_command(camera_device*, int32_t, int32_t, int32_t): E
D/QCameraHWI(  218): sendCommand: E (cmd: 1515, arg1: 1, arg2: 0)
D/QCameraHWI(  218): sendCommand: X
I/QCameraHWI(  218): enableMsgType: E, msgType =0xc0d
I/QCameraHWI(  218): enableMsgType: X, msgType =0xc0d, mMsgEnabled=0xc0d
D/SecCameraCoreManager(  218): setCallbacks
V/ShotSingle(  218): setCallbacks(1)
E/QualcommCamera(  218): Qvoid android::set_CallBacks(camera_device*, camera_notify_callback, camera_data_callback, camera_data_timestamp_callback, camera_request_memory, void*): E
E/QCameraHWI(  218): setCallbacks: E
I/QCameraHWI(  218): setCallbacks: X
D/SecCameraCoreManager(  218): enableMsgType: 0xc0d
I/QCameraHWI(  218): enableMsgType: E, msgType =0xc0d
I/QCameraHWI(  218): enableMsgType: X, msgType =0xc0d, mMsgEnabled=0xc0d
E/QualcommCamera(  218): Qint android::get_camera_info(int, camera_info*): E
V/SecCamera-JNI-Cpp(  739): getParameters
V/SecCamera-JNI-Cpp(  739): get_native_camera: context=0x71da6198, camera=0x7384be58
D/SecCameraCoreManager(  218): getParameters
V/SecCameraCoreManager(  218): getParameters(1)
E/QualcommCamera(  218): Qchar* android::get_parameters(camera_device*): E
I/QualcommCamera(  218): get_parameters: ae-bracket-hdr=Off;ae-bracket-hdr-values=Off,HDR,AE-Bracket;anti-shake=0;antibanding=off;antibanding-values=off,50hz,60hz,auto;auto-exposure-lock=false;auto-exposure-lock-supported=false;auto-whitebalance-lock=false;auto-whitebalance-lock-supported=false;cam_mode=0;camera-mode=0;camera-mode-values=0,1;capture-burst-captures-values=2;capture-burst-exposures=;capture-burst-exposures-values=-12,-11,-10,-9,-8,-7,-6,-5,-4,-3,-2,-1,0,1,2,3,4,5,6,7,8,9,10,11,12;capture-burst-interval=1;capture-burst-interval-max=10;capture-burst-interval-min=1;capture-burst-interval-supported=true;capture-burst-retroactive=0;capture-burst-retroactive-max=2;contextualtag-cityid=0;contrast=5;denoise=denoise-on;denoise-values=denoise-off,denoise-on;display_mode=landscape;dual_mode=0;dualrecording-hint=-1;effect=none;effect-values=none,mono,negative,solarize,sepia,posterize,whiteboard,blackboard,aqua,emboss,sketch,neon,vintage-warm,vintage-cold,washed;exposure-compensation=0;exposure-compensation-step=1;face-detection=o
E/QualcommCamera(  218): Qvoid android::put_parameters(camera_device*, char*): E
E/CameraController(  739): open() x
E/CameraController(  739): Preview need to be rotated counter clock-wise 90 degree.
E/CameraController(  739): setCamreaParameter with mode: 1 service_type: 100
V/SecCamera-JNI-Cpp(  739): setParameters
V/SecCamera-JNI-Cpp(  739): get_native_camera: context=0x71da6198, camera=0x7384be58
D/SecCameraCoreManager(  218): setParameters
E/QualcommCamera(  218): Qint android::set_parameters(camera_device*, char const*): E
I/QualcommCamera(  218): set_parameters: ae-bracket-hdr=Off;ae-bracket-hdr-values=Off,HDR,AE-Bracket;anti-shake=0;antibanding=off;antibanding-values=off,50hz,60hz,auto;auto-exposure-lock=false;auto-exposure-lock-supported=false;auto-whitebalance-lock=false;auto-whitebalance-lock-supported=false;cam_mode=0;camera-mode=0;camera-mode-values=0,1;capture-burst-captures-values=2;capture-burst-exposures=;capture-burst-exposures-values=-12,-11,-10,-9,-8,-7,-6,-5,-4,-3,-2,-1,0,1,2,3,4,5,6,7,8,9,10,11,12;capture-burst-interval=1;capture-burst-interval-max=10;capture-burst-interval-min=1;capture-burst-interval-supported=true;capture-burst-retroactive=0;capture-burst-retroactive-max=2;contextualtag-cityid=0;contrast=5;denoise=denoise-on;denoise-values=denoise-off,denoise-on;display_mode=landscape;dual_mode=0;dualrecording-hint=-1;effect=none;effect-values=none,mono,negative,solarize,sepia,posterize,whiteboard,blackboard,aqua,emboss,sketch,neon,vintage-warm,vintage-cold,washed;exposure-compensation=0;exposure-compensation-step=1;face-detection=o
I/QCameraHWI_Parm(  218): setParameters: E
D/QCameraHWI_Parm(  218): setNoDisplayMode: Param mNoDisplayMode = 0
E/QCameraHWI_Parm(  218): setIntelligentMode: nishu intelligent_mode=1 : E
E/mm-camera(  236): sensor_client_set_params: cmd type: 15
E/mm-camera(  236): s5k6b2yx_set_streaming_mode: mode 2 settings done.
E/QCameraHWI_Parm(  218): setIntelligentMode: vision mode set to 1
D/QCameraHWI_Parm(  218): same dualrecording-hint value: -1
I/QCameraHWI_Parm(  218): setCameraMode: ZSL is enabled  0
E/QCameraHWI_Parm(  218): setPowerMode: Enable Normal Power Mode
I/QCameraHWI_Parm(  218): setPowerMode Low power mode Disabled value = 0
E/mm-camera(  236): config_proc_CAMERA_SET_LOW_POWER_MODE Low power mode enabled? : No 
E/QCameraHWI_Parm(  218): setPreviewSize: requested preview size 480 x 270 (cameraid 1)
D/QCameraHWI_Parm(  218): setPreviewSize: preview dimensions: 480x270
I/QCameraHWI_Parm(  218): setVideoSize: requested record size 1920x1080
E/QCameraHWI_Parm(  218): setPictureSize: requested picture size 1920 x 1080
E/QCameraHWI_Parm(  218): setJpegThumbnailSize: requested jpeg thumbnail size : 512x288
E/QCameraHWI_Parm(  218): setZoom: This sensor not supported
E/QCameraHWI(  218): isZSLMode, isZSLMode = 0
D/QCameraHWI_Parm(  218): setSharpness: setting sharpness 10
D/QCameraHWI_Parm(  218): setSaturation: Setting saturation 5
D/QCameraHWI_Parm(  218): setContrast: Contrast : auto
E/QCameraHWI_Parm(  218): Calling Contrast set on Lower layer
E/QCameraHWI_Parm(  218): Lower layer returned 1
E/mm-camera-intf(  218): mm_camera_get_parm: bestshot_reconfigure: 0
D/QCameraHWI_Parm(  218): setAntibanding : Antibanding Value : off / off
D/QCameraHWI_Parm(  218): setAntibanding: antibanding mode same as previous mode : off
D/QCameraHWI_Parm(  218): setRDIMode: RDI Mode = 0
D/QCameraHWI_Parm(  218): setAEBracket, mHdrMode == HDR_BRACKETING_OFF
D/QCameraHWI_Parm(  218): setAEBracket, mHdrMode == HDR_BRACKETING_OFF
E/QCameraHWI_Parm(  218): setPreviewFpsRange: error: FPS range (15, 30) not supported
I/QCameraHWI_Parm(  218): getNumOfSnapshots: prop enable/disable = 0
I/QCameraHWI_Parm(  218): number of snapshots = 1
D/QCameraHWI_Parm(  218): setPreviewFrameRate: requested preview frame rate  is 30
D/QCameraHWI_Parm(  218): setVdis: requested video-stabilization : false
D/QCameraHWI_Parm(  218): setVdis: requested sw-vdis : off
D/QCameraHWI_Parm(  218): setVdis: camera mode. return setVdis.
D/QCameraHWI_Parm(  218): setCityId : null value
E/QCameraHWI_Parm(  218): setFocusAreas: sensor is not support focus mode
E/QCameraHWI_Parm(  218): setFlash: LED FLASH not supported
I/QCameraHWI_Parm(  218): setZSLBurstLookBack: look_back =0
I/QCameraHWI_Parm(  218): setZSLBurstInterval: Interval =1
E/QCameraHWI_Parm(  218): setStreamFlipHint: ### mRotation: 0, flip value : 0
E/mm-camera(  236): config_proc_CAMERA_SET_FLIP_HINT rc = 1, status = 1, 
I/QCameraHWI_Parm(  218): setFdAeMode: FD AE Mode Off
E/QCameraHWI_Parm(  218): setParameters: SUCCESS
I/QCameraHWI_Parm(  218): setParameters: X
V/SecCamera-JNI-Cpp(  739): setHasPreviewCallback: installed:1, manualBuffer:1
V/SecCamera-JNI-Cpp(  739): get_native_camera: context=0x71da6198, camera=0x7384be58
V/SecCamera-JNI-Cpp(  739): addCallbackBuffer: 0x10
V/SecCamera-JNI-Cpp(  739): addCallbackBuffer: 0x10
V/SecCamera-JNI-Cpp(  739): Adding callback buffer to queue, 1 total
D/SecCameraCoreManager(  218): enableMsgType: 0x10
I/QCameraHWI(  218): enableMsgType: E, msgType =0x10
I/QCameraHWI(  218): enableMsgType: X, msgType =0x10, mMsgEnabled=0xc1d
V/SecCamera-JNI-Cpp(  739): startPreview
V/SecCamera-JNI-Cpp(  739): get_native_camera: context=0x71da6198, camera=0x7384be58
D/SecCameraCoreManager(  218): previewEnabled
E/QualcommCamera(  218): Qint android::preview_enabled(camera_device*): E
E/QCameraHWI(  218): previewEnabled: mPreviewState = 0
I/QCameraHWI(  218): previewEnabled: (0)
D/SecCameraCoreManager(  218): setPreviewWindow
I/QCameraHWI(  218):  setPreviewWindow: E mPreviewState = 0, mStreamDisplay = 0x43b2b008
E/QCameraHWI(  218): setPreviewWindow:Received Setting NULL preview window
E/QCameraHWI(  218): setPreviewWindow: mPreviewWindow = 0x0x0, mStreamDisplay = 0x0x43b2b008
E/QCameraHWI_Preview(  218):  setPreviewWindow: E 
W/QCameraHWI_Preview(  218):  Setting NULL preview window 
I/QCameraHWI(  218):  setPreviewWindow : X, mPreviewState = 0
D/SecCameraCoreManager(  218): startPreview
D/SecCameraCoreManager(  218): virtual android::status_t android::SecCameraCoreManager::startPreview():start IT Policy checking thread
D/ShotSingle(  218): startPreview
V/SecCameraCoreManager(  218): getParameters(1)
E/QualcommCamera(  218): Qchar* android::get_parameters(camera_device*): E
I/QualcommCamera(  218): get_parameters: ae-bracket-hdr=Off;ae-bracket-hdr-values=Off,HDR,AE-Bracket;anti-shake=0;antibanding=off;antibanding-values=off,50hz,60hz,auto;auto-exposure-lock=false;auto-exposure-lock-supported=false;auto-whitebalance-lock=false;auto-whitebalance-lock-supported=false;cam_mode=0;camera-mode=0;camera-mode-values=0,1;capture-burst-captures-values=2;capture-burst-exposures=;capture-burst-exposures-values=-12,-11,-10,-9,-8,-7,-6,-5,-4,-3,-2,-1,0,1,2,3,4,5,6,7,8,9,10,11,12;capture-burst-interval=1;capture-burst-interval-max=10;capture-burst-interval-min=1;capture-burst-interval-supported=true;capture-burst-retroactive=0;capture-burst-retroactive-max=2;contextualtag-cityid=0;contrast=5;denoise=denoise-on;denoise-values=denoise-off,denoise-on;display_mode=landscape;dual_mode=0;dualrecording-hint=-1;effect=none;effect-values=none,mono,negative,solarize,sepia,posterize,whiteboard,blackboard,aqua,emboss,sketch,neon,vintage-warm,vintage-cold,washed;exposure-compensation=0;exposure-compensation-step=1;face-detection=o
E/QualcommCamera(  218): Qvoid android::put_parameters(camera_device*, char*): E
V/ShotSingle(  218): startPreview(1)
E/QualcommCamera(  218): Qint android::start_preview(camera_device*): E
I/QCameraHWI(  218): startPreview: E : mPreviewState = 0
E/QCameraHWI(  218): startPreview:  HAL::startPreview begin
E/QCameraHWI(  218): startPreview:  start preview now
I/QCameraHWI(  218): startPreview2: E
D/QCameraHWI_Parm(  218): setDimension: mRdiWidth 358893667 mRdiHeight 645582706
E/QCameraHWI(  218): isZSLMode, isZSLMode = 0
E/mm-camera(  236): config_proc_native_ctrl_cmd: CAMERA_SET_PARM_DIMENSION called
E/mm-camera(  236): config_validate_dimension: full_size_width 1920 qtr_size_width 1920 RDI 0: W X H: 1920 X 1080, RDI 1: W X H: 1920 X 540
E/mm-camera(  236): config_validate_dimension: RDI2: W X H: 18531 X 53106
E/QCameraStream(  218): setMode: E, mActive = 0, streamid = 0, image_mode = 0
E/QCameraStream(  218): setMode: E, mActive = 0, streamid = 0, image_mode = 2
E/QCameraStream(  218): setMode: E, mActive = 0, streamid = 0, image_mode = 1
E/QCameraHWI(  218): startPreview2: myMode = 5
E/QCameraHWI(  218): startPreview2: setPreviewWindow
E/QCameraHWI_Preview(  218):  setPreviewWindow: E 
W/QCameraHWI_Preview(  218):  Setting NULL preview window 
E/QCameraHWI(  218): isZSLMode, isZSLMode = 0
E/QCameraHWI(  218): <DEBUGMODE>In NZSL mode
E/QCameraHWI(  218): Setting OP MODE to MM_CAMERA_OP_MODE_VIDEO
E/QCameraHWI(  218): OP Mode Set
I/QCameraHWI_Preview(  218):  initStream : E 
E/QCameraHWI(  218): isZSLMode, isZSLMode = 0
D/QCameraStream(  218): initStream: E, mActive = 0, mInit = 0, streamid = 0, image_mode = 0
E/QCameraStream(  218): setFormat: E, mActive = 0, streamid = 21504, image_mode = 0
D/QCameraStream(  218): setFormat, Format - 1
D/QCameraStream(  218): setFormat: mNumBuffers 12
E/CameraController(  739): Pre-Configured preview size: 480x270
E/CameraController(  739): StartPreview()
E/mm--camera_config_v2(  236): config_v2_v4l2_request: MSM_V4L2_VID_CAP_TYPE called.
E/mm--camera_config_v2(  236): config_update_stream_info: inst_idx : 1
E/mm--camera_config_v2(  236): config_update_stream_info Storing stream parameters for video inst 1 as : width = 480, height 270, format = 1 inst_handle = 81810081 cid = 0
D/QCameraStream(  218): setFormat: X
E/QCameraStream(  218): initStream: X, mActive = 0, streamid = 21504, image_mode = 0
I/QCameraHWI_Preview(  218):  initStream : X 
E/QCameraHWI(  218): startPreview2 : called initStream from Preview and ret = 0
D/QCameraStream(  218): streamOn: mActive = 0, streamid = 21504, image_mode = 0
E/QCameraStream(  218): setFormat: E, mActive = 0, streamid = 21504, image_mode = 0
D/QCameraStream(  218): setFormat, Format - 1
D/QCameraStream(  218): setFormat: mNumBuffers 12
E/mm--camera_config_v2(  236): config_v2_v4l2_request: MSM_V4L2_VID_CAP_TYPE called.
E/mm--camera_config_v2(  236): config_update_stream_info: inst_idx : 1
E/mm--camera_config_v2(  236): config_update_stream_info Storing stream parameters for video inst 1 as : width = 480, height 270, format = 1 inst_handle = 81810081 cid = 0
D/QCameraStream(  218): setFormat: X
D/QCameraStream(  218): streamOn: config_stream, rc = 0
E/QCameraHWI(  218): getBuf: len:196608, y_off:129600, cbcr:64800 num buffers: 12 planes:2 streamid:21504
E/QCameraHWI(  218): Interface requesting Preview Buffers
E/QCameraHWI(  218): Debug : getBuf : initPreviewOnlyBuffers
E/QCameraHWI_Preview(  218): initPreviewOnlyBuffers: E
I/QCameraHWI_Preview(  218): getBufferNoDisplay : E 
E/QCameraHWI(  218): isZSLMode, isZSLMode = 0
E/QCameraHWI_Preview(  218): getBufferNoDisplay: main image: rotation = 0, yoff = 0, cbcroff = 0, size = 194400, width = 480, height = 270
E/QCameraHWI(  218): Init Heap =0x43b7e030. pmem_type =4, num_of_buf=12. buf_len=194400, cbcr_off=0
E/QCameraHWI(  218): isZSLMode, isZSLMode = 0
D/QCameraHWI(  218): Use IOMMU
E/QCameraHWI(  218): heap->fd[0] =75, camera_memory=0x43bc9260
E/QCameraHWI(  218): isZSLMode, isZSLMode = 0
D/QCameraHWI(  218): Use IOMMU
E/QCameraHWI(  218): heap->fd[1] =78, camera_memory=0x43bc9340
E/QCameraHWI(  218): isZSLMode, isZSLMode = 0
D/QCameraHWI(  218): Use IOMMU
E/QCameraHWI(  218): heap->fd[2] =81, camera_memory=0x43bc9420
E/QCameraHWI(  218): isZSLMode, isZSLMode = 0
D/QCameraHWI(  218): Use IOMMU
E/QCameraHWI(  218): heap->fd[3] =84, camera_memory=0x43bc9500
E/QCameraHWI(  218): isZSLMode, isZSLMode = 0
D/QCameraHWI(  218): Use IOMMU
E/QCameraHWI(  218): heap->fd[4] =87, camera_memory=0x43bc95e0
E/QCameraHWI(  218): isZSLMode, isZSLMode = 0
D/QCameraHWI(  218): Use IOMMU
E/QCameraHWI(  218): heap->fd[5] =90, camera_memory=0x43bc96c0
E/QCameraHWI(  218): isZSLMode, isZSLMode = 0
D/QCameraHWI(  218): Use IOMMU
E/QCameraHWI(  218): heap->fd[6] =93, camera_memory=0x43bc97a0
E/QCameraHWI(  218): isZSLMode, isZSLMode = 0
D/QCameraHWI(  218): Use IOMMU
E/QCameraHWI(  218): heap->fd[7] =96, camera_memory=0x43bc9880
E/QCameraHWI(  218): isZSLMode, isZSLMode = 0
D/QCameraHWI(  218): Use IOMMU
E/QCameraHWI(  218): heap->fd[8] =99, camera_memory=0x43bc9960
E/QCameraHWI(  218): isZSLMode, isZSLMode = 0
D/QCameraHWI(  218): Use IOMMU
E/QCameraHWI(  218): heap->fd[9] =102, camera_memory=0x43bc9a40
E/QCameraHWI(  218): isZSLMode, isZSLMode = 0
D/QCameraHWI(  218): Use IOMMU
E/QCameraHWI(  218): heap->fd[10] =108, camera_memory=0x43bc9b20
E/QCameraHWI(  218): isZSLMode, isZSLMode = 0
D/QCameraHWI(  218): Use IOMMU
E/QCameraHWI(  218): heap->fd[11] =111, camera_memory=0x43bc9c00
I/QCameraHWI_Preview(  218):  getBufferNoDisplay : X 
E/QCameraHWI_Preview(  218): initPreviewOnlyBuffers: idx = 0, fd = 75, size = 0, cbcr_offset = 129600, y_offset = 0, vaddr = 0x43e7c000
E/QCameraHWI_Preview(  218): Planes: 0 length: 129600 userptr: 75 offset: 0
E/QCameraHWI_Preview(  218): Planes: 1 length: 64800 userptr: 75 offset: 129600
E/QCameraHWI_Preview(  218): initPreviewOnlyBuffers: idx = 1, fd = 78, size = 0, cbcr_offset = 129600, y_offset = 0, vaddr = 0x43ee8000
E/QCameraHWI_Preview(  218): Planes: 0 length: 129600 userptr: 78 offset: 0
E/QCameraHWI_Preview(  218): Planes: 1 length: 64800 userptr: 78 offset: 129600
E/QCameraHWI_Preview(  218): initPreviewOnlyBuffers: idx = 2, fd = 81, size = 0, cbcr_offset = 129600, y_offset = 0, vaddr = 0x440a3000
E/QCameraHWI_Preview(  218): Planes: 0 length: 129600 userptr: 81 offset: 0
E/QCameraHWI_Preview(  218): Planes: 1 length: 64800 userptr: 81 offset: 129600
E/QCameraHWI_Preview(  218): initPreviewOnlyBuffers: idx = 3, fd = 84, size = 0, cbcr_offset = 129600, y_offset = 0, vaddr = 0x444e3000
E/QCameraHWI_Preview(  218): Planes: 0 length: 129600 userptr: 84 offset: 0
E/QCameraHWI_Preview(  218): Planes: 1 length: 64800 userptr: 84 offset: 129600
E/QCameraHWI_Preview(  218): initPreviewOnlyBuffers: idx = 4, fd = 87, size = 0, cbcr_offset = 129600, y_offset = 0, vaddr = 0x44962000
E/QCameraHWI_Preview(  218): Planes: 0 length: 129600 userptr: 87 offset: 0
E/QCameraHWI_Preview(  218): Planes: 1 length: 64800 userptr: 87 offset: 129600
E/QCameraHWI_Preview(  218): initPreviewOnlyBuffers: idx = 5, fd = 90, size = 0, cbcr_offset = 129600, y_offset = 0, vaddr = 0x44dc7000
E/QCameraHWI_Preview(  218): Planes: 0 length: 129600 userptr: 90 offset: 0
E/QCameraHWI_Preview(  218): Planes: 1 length: 64800 userptr: 90 offset: 129600
E/QCameraHWI_Preview(  218): initPreviewOnlyBuffers: idx = 6, fd = 93, size = 0, cbcr_offset = 129600, y_offset = 0, vaddr = 0x45bc0000
E/QCameraHWI_Preview(  218): Planes: 0 length: 129600 userptr: 93 offset: 0
E/QCameraHWI_Preview(  218): Planes: 1 length: 64800 userptr: 93 offset: 129600
E/QCameraHWI_Preview(  218): initPreviewOnlyBuffers: idx = 7, fd = 96, size = 0, cbcr_offset = 129600, y_offset = 0, vaddr = 0x45d4d000
E/QCameraHWI_Preview(  218): Planes: 0 length: 129600 userptr: 96 offset: 0
E/QCameraHWI_Preview(  218): Planes: 1 length: 64800 userptr: 96 offset: 129600
E/QCameraHWI_Preview(  218): initPreviewOnlyBuffers: idx = 8, fd = 99, size = 0, cbcr_offset = 129600, y_offset = 0, vaddr = 0x465ca000
E/QCameraHWI_Preview(  218): Planes: 0 length: 129600 userptr: 99 offset: 0
E/QCameraHWI_Preview(  218): Planes: 1 length: 64800 userptr: 99 offset: 129600
E/QCameraHWI_Preview(  218): initPreviewOnlyBuffers: idx = 9, fd = 102, size = 0, cbcr_offset = 129600, y_offset = 0, vaddr = 0x46978000
E/QCameraHWI_Preview(  218): Planes: 0 length: 129600 userptr: 102 offset: 0
E/QCameraHWI_Preview(  218): Planes: 1 length: 64800 userptr: 102 offset: 129600
E/QCameraHWI_Preview(  218): initPreviewOnlyBuffers: idx = 10, fd = 108, size = 0, cbcr_offset = 129600, y_offset = 0, vaddr = 0x46a08000
E/QCameraHWI_Preview(  218): Planes: 0 length: 129600 userptr: 108 offset: 0
E/QCameraHWI_Preview(  218): Planes: 1 length: 64800 userptr: 108 offset: 129600
E/QCameraHWI_Preview(  218): initPreviewOnlyBuffers: idx = 11, fd = 111, size = 0, cbcr_offset = 129600, y_offset = 0, vaddr = 0x46c3f000
E/QCameraHWI_Preview(  218): Planes: 0 length: 129600 userptr: 111 offset: 0
E/QCameraHWI_Preview(  218): Planes: 1 length: 64800 userptr: 111 offset: 129600
E/QCameraHWI_Preview(  218): initPreviewOnlyBuffers: X
E/mm-camera(  236): cam_mctl_thread: Woke up Socket fd
E/mm-camera(  236): mctl_divert_socket_recvmsg: Receieved msg_type=0
E/mm-camera(  236): cam_mctl_thread: Woke up Socket fd
E/mm-camera(  236): mctl_divert_socket_recvmsg: Receieved msg_type=0
E/mm-camera(  236): cam_mctl_thread: Woke up Socket fd
E/mm-camera(  236): mctl_divert_socket_recvmsg: Receieved msg_type=0
E/mm-camera(  236): cam_mctl_thread: Woke up Socket fd
E/mm-camera(  236): mctl_divert_socket_recvmsg: Receieved msg_type=0
E/mm-camera(  236): cam_mctl_thread: Woke up Socket fd
E/mm-camera(  236): mctl_divert_socket_recvmsg: Receieved msg_type=0
E/mm-camera(  236): cam_mctl_thread: Woke up Socket fd
E/mm-camera(  236): mctl_divert_socket_recvmsg: Receieved msg_type=0
E/mm-camera(  236): cam_mctl_thread: Woke up Socket fd
E/mm-camera(  236): mctl_divert_socket_recvmsg: Receieved msg_type=0
E/mm-camera(  236): cam_mctl_thread: Woke up Socket fd
E/mm-camera(  236): mctl_divert_socket_recvmsg: Receieved msg_type=0
E/mm-camera(  236): cam_mctl_thread: Woke up Socket fd
E/mm-camera(  236): mctl_divert_socket_recvmsg: Receieved msg_type=0
E/mm-camera(  236): cam_mctl_thread: Woke up Socket fd
E/mm-camera(  236): mctl_divert_socket_recvmsg: Receieved msg_type=0
E/mm-camera(  236): cam_mctl_thread: Woke up Socket fd
E/mm-camera(  236): mctl_divert_socket_recvmsg: Receieved msg_type=0
E/mm-camera(  236): cam_mctl_thread: Woke up Socket fd
E/mm-camera(  236): mctl_divert_socket_recvmsg: Receieved msg_type=0
E/mm--camera_config_v2(  236): config_MSM_V4L2_STREAM_ON, - Inside Stream ON
E/mm-camera(  236): camera_plugin_client_isp_timing_notify_to_plugin: timing event 1
E/mm--camera_config_v2(  236): config_MSM_V4L2_STREAM_ON op_mode = VIDEO User set bundle 0, Stream on 1 for 1
E/mm-camera(  236): ispif_client_set_params, i: 0, InterfaceType: 0
E/mm-camera(  236): ispif_client_set_params: X stream_info ispif_set 1 ispif_client 1
E/mm--camera_config_v2(  236): config_v2_CAMERA_SET_CHANNEL_STREAM rc = 0, status = 1
E/mm--camera_config_v2(  236): config_decide_vfe_outputs: Ports Used 1, Op mode 64
E/mm--camera_config_v2(  236): config_decide_vfe_outputs Current mode 0 Full size streaming : Disabled
E/mm--camera_config_v2(  236): config_decide_vfe_outputs: Primary: 480x270, extra_pad: 0x0, Fmt: 1, Type: 1, Path: 1
E/mm--camera_config_v2(  236): config_decide_vfe_outputs: Secondary: 480x270, extra_pad: 0x0, Fmt: 0, Type: 0, Path: 0
E/mm--camera_config_v2(  236): config_MSM_V4L2_STREAM_ON pstreamon_bundle_mask 0
E/mm-camera(  236): camera_plugin_client_isp_timing_notify_to_plugin: timing event 3
E/mm--camera_config_v2(  236): config_update_inst_handles Updated the inst handles as 81810081, 0, 81810081, 81810081, 0 
E/mm-camera(  236): sensor_client_set_params: cmd type: 12
E/mm-camera(  236): sensor_client_set_params: cmd type: 0
E/mm--camera_config_v2(  236): config_v2_CAMERA_START_common: sensor_set.data.chromatix_type: 10
E/mm-camera(  236): sensor_client_set_params: cmd type: 3
E/mm-camera(  236): sensor_load_chromatix: libchromatix_s5k6b2yx_smartstay.so: 34
E/mm-camera(  236): camif_client_set_params: camif has associated with obj mask 0x1
E/mm-camera(  236): vfe_process: op_mode : 4
E/mm-camera(  236): vfe_config_mode: VideoCFg config 17ffffff
E/mm-camera(  236): vfe_operation_config: format 2
E/mm-camera(  236): vfe_operation_config:vfe_op_mode=4
E/mm-camera(  236): vfe_set_bestshot: Bestshot mode not changed
E/mm-camera(  236): axi_vfe_config: wm0: ub_offset 0 ub_size 239
E/mm-camera(  236): axi_vfe_config: wm1: ub_offset 240 ub_size 119
E/mm-camera(  236): axi_vfe_config: wm2: ub_offset 360 ub_size 319
E/mm-camera(  236): axi_vfe_config: wm3: ub_offset 680 ub_size 119
E/mm-camera(  236): axi_vfe_config: wm4: ub_offset 800 ub_size 159
E/mm-camera(  236): axi_vfe_config: wm5: ub_offset 0 ub_size 0
E/mm-camera(  236): axi_vfe_config: wm6: ub_offset 0 ub_size 0
E/mm-camera(  236): sensor_client_set_params: cmd type: 1
E/mm-camera(  236): sensor_client_set_params: cmd type: 11
E/mm-camera(  236): camera_plugin_client_isp_timing_notify_to_plugin: timing event 5
E/QCameraHWI(  218): processCtrlEvent: MM_CAMERA_CTRL_EVT_HDR_DONE is 5
D/QCameraStream(  218): streamOn: X, mActive = 1, mInit = 1, streamid = 21504, image_mode = 0 rc = 0
I/QCameraHWI(  218): startPreview2: X (success)
I/QCameraHWI(  218): startPreview: X (success)
E/QualcommCamera(  218): Qint android::start_preview(camera_device*): X
I/QCameraHWI(  218): processCtrlEvent: MM_CAMERA_CTRL_EVT_ZOOM_DONE
I/QCameraHWI(  218): zoomEvent: state:2 E
I/QCameraHWI(  218): handleZoomEventForPreview: E
I/QCameraHWI(  218): handleZoomEventForPreview: X
E/QCameraHWI(  218): isZSLMode, isZSLMode = 0
I/QCameraHWI(  218): zoomEvent: X
I/QCameraHWI(  218):  App_cb Notify 0x0, datacb=0x0
E/CameraController(  739): 100ms Time out!
E/CameraController(  739): StartPreview() X
E/CameraController(  739): handleMessage signal: 1
E/CameraController(  739): waitHere, 187ms
E/CameraController(  739): DONE!
D/QCameraStream(  218): start MM_CAMERA_PREVIEW Callback
E/QCameraHWI_Preview(  218): [JAY] frame_skip_count = 6
E/mm-camera(  236): sensor_client_set_params: cmd type: 1
I/com.ganyo.pushtest(22524): register response: {"dataClient":null,"type":"device","uuid":"40fdcc21-434b-3354-ac1a-998b9685dba0","deviceModel":"SAMSUNG-SGH-I337","devicePlatform":"android","hello.notifier.id":"APA91bFxgTLXLtVVvcJfe32GWqHvy9SWT-0Rh8D40Xkb6CnsPH6AOpctbPQJEv7va5onEflv_sUcKQ7MZDKcE3DFwbp764Cc8JC_u6tt0VcDzTRAkgfVZ822LLD9KnSLIk-Nv8v9sOikdglgctMY18UAxd7giJjEuw","modified":1381790672591,"google.notifier.id":"APA91bFxgTLXLtVVvcJfe32GWqHvy9SWT-0Rh8D40Xkb6CnsPH6AOpctbPQJEv7va5onEflv_sUcKQ7MZDKcE3DFwbp764Cc8JC_u6tt0VcDzTRAkgfVZ822LLD9KnSLIk-Nv8v9sOikdglgctMY18UAxd7giJjEuw","notify.notifier.id":"APA91bFxgTLXLtVVvcJfe32GWqHvy9SWT-0Rh8D40Xkb6CnsPH6AOpctbPQJEv7va5onEflv_sUcKQ7MZDKcE3DFwbp764Cc8JC_u6tt0VcDzTRAkgfVZ822LLD9KnSLIk-Nv8v9sOikdglgctMY18UAxd7giJjEuw","created":1381785578562,"deviceOSVersion":"4.2.2","metadata":{"path":"/devices/40fdcc21-434b-3354-ac1a-998b9685dba0","collections":{"receipts":"/devices/40fdcc21-434b-3354-ac1a-998b9685dba0/receipts","users":"/devices/40fdcc21-434b-3354-ac1a-998b9685dba0/users"}},"refreshed":1381790671819}
I/com.ganyo.pushtest(22524): Device registered as: APA91bFxgTLXLtVVvcJfe32GWqHvy9SWT-0Rh8D40Xkb6CnsPH6AOpctbPQJEv7va5onEflv_sUcKQ7MZDKcE3DFwbp764Cc8JC_u6tt0VcDzTRAkgfVZ822LLD9KnSLIk-Nv8v9sOikdglgctMY18UAxd7giJjEuw
E/QCameraHWI_Preview(  218): [JAY] frame_skip_count = 5
D/PowerManagerService(  739): [api] acquire WakeLock flags=0x30000006 tag=WakeLock uid=10190 pid=22524
E/mm-camera(  236): sensor_client_set_params: cmd type: 1
E/QCameraHWI_Preview(  218): [JAY] frame_skip_count = 4
E/mm-camera(  236): sensor_client_set_params: cmd type: 1
E/QCameraHWI_Preview(  218): [JAY] frame_skip_count = 3
E/mm-camera(  236): sensor_client_set_params: cmd type: 1
D/dalvikvm(22524): GC_CONCURRENT freed 4181K, 22% free 20352K/25768K, paused 2ms+4ms, total 39ms
D/dalvikvm(22524): WAIT_FOR_CONCURRENT_GC blocked 36ms
D/PointerIcon(  739): setHoveringSpenIconStyle1 pointerType: 10001iconType:1 flag:0
D/PointerIcon(  739): setHoveringSpenCustomIcon IconType is same.1
V/WindowManager(  739): Window{42bcb700 u0 Keyguard}mOrientationRequetedFromKeyguard=false
E/QCameraHWI_Preview(  218): [JAY] frame_skip_count = 2
E/mm-camera(  236): sensor_client_set_params: cmd type: 1
D/PowerManagerService(  739): [api] release WakeLock flags=0x30000006 tag=WakeLock uid=10190 pid=22524 (0x0)
W/PowerManagerService(  739): [smart stay] updateUserActivitySummaryLocked : don't have time to smart stay
D/qdmemalloc(  212): ion: Mapped buffer base:0x46ac3000 size:8355840 fd:77
D/qdmemalloc(  212): ion: Mapped buffer base:0x404ae000 size:4096 fd:80
E/QCameraHWI_Preview(  218): [JAY] frame_skip_count = 1
E/mm-camera(  236): sensor_client_set_params: cmd type: 1
I/SurfaceFlinger(  212): id=297(2) createSurf 0x40044714 (1x1),1 flag=4, Nessage
V/SecCameraCoreManager(  218): __data_cb
E/mm-camera(  236): sensor_client_set_params: cmd type: 1
V/WindowManager(  739): Window{42bcb700 u0 Keyguard}mOrientationRequetedFromKeyguard=false
V/SecCamera-JNI-Cpp(  739): dataCallback(16, 0x713cbd48)
V/SecCamera-JNI-Cpp(  739): copyAndPost: off=0, size=194400
V/SecCamera-JNI-Cpp(  739): Using callback buffer from queue of length 1
V/SecCamera-JNI-Cpp(  739): Out of buffers, clearing callback!
D/SecCameraCoreManager(  218): disableMsgType: 0x10
E/QualcommCamera(  218): Qvoid android::disable_msg_type(camera_device*, int32_t): E
I/QCameraHWI(  218): disableMsgType: E
I/QCameraHWI(  218): disableMsgType: X, msgType =0x10, mMsgEnabled=0xc0d
D/SecCamera-JNI-Java(  739): handleMessage: 16
V/SecCamera-JNI-Cpp(  739): addCallbackBuffer: 0x10
V/SecCamera-JNI-Cpp(  739): addCallbackBuffer: 0x10
V/SecCamera-JNI-Cpp(  739): Adding callback buffer to queue, 1 total
E/SmartScreen_JNI(  739): processImage start : prev time [ -1858479077 ]
D/SmartScreen_JNI(  739): tmpfile : /data/smart_stay.dmc
D/DMCFaceEngine(  739): caSmartDP_SmartStay : img width 480, height 270 previous angle 0
D/DMCFaceEngine(  739): caSmartDP_SmartStay : loop Start with dir 1, width 270 and heighe 480
D/DMCFaceEngine(  739): caIF_RunFaceDetection_SmartStayRotation : FaceDetection Start with width 270, heighe 480
D/DMCFaceEngine(  739): fd_find_run : pyramid number 19
D/SecCameraCoreManager(  218): enableMsgType: 0x10
I/QCameraHWI(  218): enableMsgType: E, msgType =0x10
I/QCameraHWI(  218): enableMsgType: X, msgType =0x10, mMsgEnabled=0xc1d
E/SmartFaceService(  739): Orientation: 0
E/SmartFaceService(  739): Calling onPreviewFrame: Thread[Scroll/Pause Worker,5,main]/13921171
E/SmartFaceService(  739): Calling onPreviewFrame: Thread[Stay/Rotation Worker,5,main]/13921173
D/Stay/Rotation Worker(  739): handleMessage: 1
V/SecCameraCoreManager(  218): __data_cb
V/SecCamera-JNI-Cpp(  739): dataCallback(16, 0x713cbd48)
V/SecCamera-JNI-Cpp(  739): copyAndPost: off=0, size=194400
E/mm-camera(  236): sensor_client_set_params: cmd type: 1
V/SecCamera-JNI-Cpp(  739): Using callback buffer from queue of length 1
V/SecCamera-JNI-Cpp(  739): Out of buffers, clearing callback!
D/SecCameraCoreManager(  218): disableMsgType: 0x10
E/QualcommCamera(  218): Qvoid android::disable_msg_type(camera_device*, int32_t): E
I/QCameraHWI(  218): disableMsgType: E
I/QCameraHWI(  218): disableMsgType: X, msgType =0x10, mMsgEnabled=0xc0d
D/SecCamera-JNI-Java(  739): handleMessage: 16
V/SecCamera-JNI-Cpp(  739): addCallbackBuffer: 0x10
V/SecCamera-JNI-Cpp(  739): addCallbackBuffer: 0x10
V/SecCamera-JNI-Cpp(  739): Adding callback buffer to queue, 1 total
D/SecCameraCoreManager(  218): enableMsgType: 0x10
I/QCameraHWI(  218): enableMsgType: E, msgType =0x10
I/QCameraHWI(  218): enableMsgType: X, msgType =0x10, mMsgEnabled=0xc1d
E/SmartFaceService(  739): Orientation: 0
E/SmartFaceService(  739): Calling onPreviewFrame: Thread[Scroll/Pause Worker,5,main]/13921205
E/SmartFaceService(  739): Calling onPreviewFrame: Thread[Stay/Rotation Worker,5,main]/13921205
V/WindowManager(  739): Window{42bcb700 u0 Keyguard}mOrientationRequetedFromKeyguard=false
D/DMCFaceEngine(  739): fd_find_run : core number 4
D/DMCFaceEngine(  739): caIF_RunFaceDetection_SmartStayRotation : Detected No Face
D/DMCFaceEngine(  739): caSmartDP_SmartStay : caIF_RunFaceDetection_SmartStayRotation time 45837
D/DMCFaceEngine(  739): caSmartDP_SmartStay : loop End dir 1
D/DMCFaceEngine(  739): caSmartDP_SmartStay : loop Start with dir 0, width 480 and heighe 270
D/DMCFaceEngine(  739): caIF_RunFaceDetection_SmartStayRotation : FaceDetection Start with width 480, heighe 270
D/DMCFaceEngine(  739): fd_find_run : pyramid number 19
E/MP-Decision( 1780): num online cores: 2 reqd : 3 available : 4 rq_depth:4.500000 hotplug_avg_load_dw: 81
E/MP-Decision( 1780): UP cpu:1 core_idx:1 Nw:1.900000 Tw:140 total_time_up:0.000000
E/MP-Decision( 1780): UP cpu:2 core_idx:2 Nw:2.700000 Tw:90 total_time_up:98.000000
V/SecCameraCoreManager(  218): __data_cb
V/SecCamera-JNI-Cpp(  739): dataCallback(16, 0x6eb735c8)
V/SecCamera-JNI-Cpp(  739): copyAndPost: off=0, size=194400
V/SecCamera-JNI-Cpp(  739): Using callback buffer from queue of length 1
V/SecCamera-JNI-Cpp(  739): Out of buffers, clearing callback!
D/SecCameraCoreManager(  218): disableMsgType: 0x10
E/QualcommCamera(  218): Qvoid android::disable_msg_type(camera_device*, int32_t): E
I/QCameraHWI(  218): disableMsgType: E
I/QCameraHWI(  218): disableMsgType: X, msgType =0x10, mMsgEnabled=0xc0d
E/mm-camera(  236): sensor_client_set_params: cmd type: 1
D/SecCamera-JNI-Java(  739): handleMessage: 16
V/SecCamera-JNI-Cpp(  739): addCallbackBuffer: 0x10
V/SecCamera-JNI-Cpp(  739): addCallbackBuffer: 0x10
V/SecCamera-JNI-Cpp(  739): Adding callback buffer to queue, 1 total
D/SecCameraCoreManager(  218): enableMsgType: 0x10
I/QCameraHWI(  218): enableMsgType: E, msgType =0x10
I/QCameraHWI(  218): enableMsgType: X, msgType =0x10, mMsgEnabled=0xc1d
E/SmartFaceService(  739): Orientation: 0
E/SmartFaceService(  739): Calling onPreviewFrame: Thread[Scroll/Pause Worker,5,main]/13921238
E/SmartFaceService(  739): Calling onPreviewFrame: Thread[Stay/Rotation Worker,5,main]/13921238
D/DMCFaceEngine(  739): fd_find_run : core number 4
D/DMCFaceEngine(  739): caIF_RunFaceDetection_SmartStayRotation : Detected No Face
D/DMCFaceEngine(  739): caSmartDP_SmartStay : caIF_RunFaceDetection_SmartStayRotation time 36133
D/DMCFaceEngine(  739): caSmartDP_SmartStay : loop End dir 0
D/DMCFaceEngine(  739): caSmartDP_SmartStay : loop Start with dir 2, width 270 and heighe 480
D/DMCFaceEngine(  739): caIF_RunFaceDetection_SmartStayRotation : FaceDetection Start with width 270, heighe 480
D/DMCFaceEngine(  739): fd_find_run : pyramid number 19
V/SecCameraCoreManager(  218): __data_cb
V/SecCamera-JNI-Cpp(  739): dataCallback(16, 0x6eb735c8)
V/SecCamera-JNI-Cpp(  739): copyAndPost: off=0, size=194400
V/SecCamera-JNI-Cpp(  739): Using callback buffer from queue of length 1
V/SecCamera-JNI-Cpp(  739): Out of buffers, clearing callback!
D/SecCameraCoreManager(  218): disableMsgType: 0x10
E/QualcommCamera(  218): Qvoid android::disable_msg_type(camera_device*, int32_t): E
I/QCameraHWI(  218): disableMsgType: E
I/QCameraHWI(  218): disableMsgType: X, msgType =0x10, mMsgEnabled=0xc0d
E/mm-camera(  236): sensor_client_set_params: cmd type: 1
D/SecCamera-JNI-Java(  739): handleMessage: 16
V/SecCamera-JNI-Cpp(  739): addCallbackBuffer: 0x10
V/SecCamera-JNI-Cpp(  739): addCallbackBuffer: 0x10
V/SecCamera-JNI-Cpp(  739): Adding callback buffer to queue, 1 total
D/SecCameraCoreManager(  218): enableMsgType: 0x10
I/QCameraHWI(  218): enableMsgType: E, msgType =0x10
I/QCameraHWI(  218): enableMsgType: X, msgType =0x10, mMsgEnabled=0xc1d
E/SmartFaceService(  739): Orientation: 0
E/SmartFaceService(  739): Calling onPreviewFrame: Thread[Scroll/Pause Worker,5,main]/13921271
E/SmartFaceService(  739): Calling onPreviewFrame: Thread[Stay/Rotation Worker,5,main]/13921271
E/MP-Decision( 1780): num online cores: 3 reqd : 4 available : 4 rq_depth:4.900000 hotplug_avg_load_dw: 191
E/MP-Decision( 1780): UP cpu:1 core_idx:1 Nw:1.900000 Tw:140 total_time_up:0.000000
E/MP-Decision( 1780): UP cpu:2 core_idx:2 Nw:2.700000 Tw:90 total_time_up:0.000000
E/MP-Decision( 1780): UP cpu:3 core_idx:3 Nw:3.500000 Tw:90 total_time_up:96.000000
D/qdmemalloc(  212): ion: Mapped buffer base:0x47ab3000 size:4595712 fd:72
D/qdmemalloc(  212): ion: Mapped buffer base:0x404b1000 size:4096 fd:84
D/DMCFaceEngine(  739): fd_find_run : core number 4
D/DMCFaceEngine(  739): caIF_RunFaceDetection_SmartStayRotation : Detected No Face
D/DMCFaceEngine(  739): caSmartDP_SmartStay : caIF_RunFaceDetection_SmartStayRotation time 30822
D/DMCFaceEngine(  739): caSmartDP_SmartStay : loop End dir 2
D/DMCFaceEngine(  739): caSmartDP_SmartStay : loop Start with dir 3, width 480 and heighe 270
D/DMCFaceEngine(  739): caIF_RunFaceDetection_SmartStayRotation : FaceDetection Start with width 480, heighe 270
D/DMCFaceEngine(  739): fd_find_run : pyramid number 19
I/SurfaceFlinger(  212): id=298(3) createSurf 0x407765cc (1x1),1 flag=4, Uoast
V/WindowManager(  739): Window{42bcb700 u0 Keyguard}mOrientationRequetedFromKeyguard=false
V/SecCameraCoreManager(  218): __data_cb
V/SecCamera-JNI-Cpp(  739): dataCallback(16, 0x71a37290)
E/mm-camera(  236): sensor_client_set_params: cmd type: 1
V/SecCamera-JNI-Cpp(  739): copyAndPost: off=0, size=194400
V/SecCamera-JNI-Cpp(  739): Using callback buffer from queue of length 1
V/SecCamera-JNI-Cpp(  739): Out of buffers, clearing callback!
D/SecCameraCoreManager(  218): disableMsgType: 0x10
E/QualcommCamera(  218): Qvoid android::disable_msg_type(camera_device*, int32_t): E
I/QCameraHWI(  218): disableMsgType: E
I/QCameraHWI(  218): disableMsgType: X, msgType =0x10, mMsgEnabled=0xc0d
D/SecCamera-JNI-Java(  739): handleMessage: 16
V/SecCamera-JNI-Cpp(  739): addCallbackBuffer: 0x10
V/SecCamera-JNI-Cpp(  739): addCallbackBuffer: 0x10
V/SecCamera-JNI-Cpp(  739): Adding callback buffer to queue, 1 total
D/SecCameraCoreManager(  218): enableMsgType: 0x10
