* daemon not running. starting it now on port 5037 *
* daemon started successfully *
--------- beginning of /dev/log/main
E/QcrilMsgTunnelSocket(19542): IOExceptionjava.io.IOException: No such file or directoryReason: No such file or directory
I/Monitor (  739): SIOP:: Current AP = 360, CP = 0
E/QcrilMsgTunnelSocket(19542): IOExceptionjava.io.IOException: No such file or directoryReason: No such file or directory
--------- beginning of /dev/log/system
E/Watchdog(  739): !@Sync 463
V/AlarmManager(  739): waitForAlarm result :1
V/AlarmManager(  739): trigger ELAPSED_REALTIME_WAKEUP or RTC_WAKEUP
I/LSS-II: (  739): proc out:com.google.android.apps.plus,adj=0,i=68
I/LSS-II: (  739): proc in:com.sec.knox.containeragent,adj=9LRU num=79,i=38
I/LSS-II: (  739): proc wait in:com.sec.android.app.music:service,adj=11LRU num=79,i=60
E/QcrilMsgTunnelSocket(19542): IOExceptionjava.io.IOException: No such file or directoryReason: No such file or directory
D/AndroidRuntime(22437): 
D/AndroidRuntime(22437): >>>>>> AndroidRuntime START com.android.internal.os.RuntimeInit <<<<<<
D/AndroidRuntime(22437): CheckJNI is OFF
D/AndroidRuntime(22437): setted country_code = USA
D/AndroidRuntime(22437): setted countryiso_code = US
D/AndroidRuntime(22437): setted sales_code = ATT
D/AndroidRuntime(22437): pLocation:automatic, pLang: , pRegn: 
D/AndroidRuntime(22437): pLocation(NoSIM):english_us, pLang: en, pRegn: US
D/AndroidRuntime(22437): readGMSProperty: start
D/AndroidRuntime(22437): readGMSProperty: already setted!!
D/AndroidRuntime(22437): readGMSProperty: end
D/AndroidRuntime(22437): addProductProperty: start
D/dalvikvm(22437): Trying to load lib libjavacore.so 0x0
D/dalvikvm(22437): Added shared lib libjavacore.so 0x0
D/dalvikvm(22437): Trying to load lib libnativehelper.so 0x0
D/dalvikvm(22437): Added shared lib libnativehelper.so 0x0
E/MP-Decision( 1780): num online cores: 1 reqd : 2 available : 4 rq_depth:1.000000 hotplug_avg_load_dw: 65
E/MP-Decision( 1780): UP cpu:1 core_idx:1 Nw:1.900000 Tw:140 total_time_up:0.000000
D/dalvikvm(22437): Note: class Landroid/app/ActivityManagerNative; has 169 unimplemented (abstract) methods
D/AndroidRuntime(22437): Calling main entry com.android.commands.pm.Pm
W/LicenseLogService(  739): log() is called by non admin
I/LSS-II: (  739): proc cancel wait in:com.android.defcontainer,adj=1LRU num=79,i=68
E/MP-Decision( 1780): num online cores: 2 reqd : 3 available : 4 rq_depth:3.900000 hotplug_avg_load_dw: 69
E/MP-Decision( 1780): UP cpu:1 core_idx:1 Nw:1.900000 Tw:140 total_time_up:0.000000
E/MP-Decision( 1780): UP cpu:2 core_idx:2 Nw:2.700000 Tw:90 total_time_up:98.000000
I/HarmonyEASService(  739): Updating for all 1
I/PackageManager(  739): Copying native libraries to /data/app-lib/vmdl1084893929
W/LicenseLogService(  739): log() is called by non admin
I/PackageManager(  739): Removing non-system package:com.ganyo.pushtest.test
W/PackageManager(  739): verifying app can be installed or not
E/installd(  220): ECS_ECS: * do_linklib  pkg [com.ganyo.pushtest.test]
E/installd(  220): ECS_ECS: do_linklib Normal package
E/installd(  220): ECS_ECS: Restting the data Path to -data-  ret [0]
E/installd(  220): ECS_ECS: * do_dexopt  pkg [/data/app/com.ganyo.pushtest.test-2.apk]
E/installd(  220): ECS_ECS: do_dexopt Normal package
W/PackageManager(  739): SELinuxMMAC.assignSeinfoValue
I/PackageManager(  739): Package com.ganyo.pushtest.test codePath changed from /data/app/com.ganyo.pushtest.test-1.apk to /data/app/com.ganyo.pushtest.test-2.apk; Retaining data and using new
I/HarmonyEASService(  739): Updating for all 1
E/MP-Decision( 1780): num online cores: 3 reqd : 2 available : 4 rq_depth:1.300000 hotplug_avg_load_dw: 77
E/MP-Decision( 1780): DOWN cpu:2 core_idx:2 Ns:2.100000 Ts:240 total_time_down:243.000000
D/dalvikvm(22457): DexOpt: load 30ms, verify+opt 92ms, 674356 bytes
E/installd(  220): ECS_ECS: Restting the data Path to -data-  ret [0]
W/PackageManager(  739): Code path for pkg : com.ganyo.pushtest.test changing from /data/app/com.ganyo.pushtest.test-1.apk to /data/app/com.ganyo.pushtest.test-2.apk
W/PackageManager(  739): Resource path for pkg : com.ganyo.pushtest.test changing from /data/app/com.ganyo.pushtest.test-1.apk to /data/app/com.ganyo.pushtest.test-2.apk
E/installd(  220): ECS_ECS: * do_move_dex  pkg [/data/app/com.ganyo.pushtest.test-2.apk]
E/installd(  220): ECS_ECS: do_move_dex Normal package
E/installd(  220): ECS_ECS: Restting the data Path to -data-  ret [0]
D/ContainerEventsRelayManager( 1161): <<< Intent action is >>> : android.intent.action.PACKAGE_REMOVED
D/ContainerEventsRelayManager( 1161): <<< Intent data is   >>> : package:com.ganyo.pushtest.test
I/LSS-II: (  739): proc in:com.osp.app.signin,adj=13LRU num=79,i=38
I/InputReader(  739): Reconfiguring input devices.  changes=0x00000010
I/elm     (12206): MainReceiver.onReceive() : android.intent.action.PACKAGE_REMOVED
I/HarmonyEASService(  739): onReceive : android.intent.action.PACKAGE_REMOVED for 0
E/MP-Decision( 1780): num online cores: 2 reqd : 3 available : 4 rq_depth:5.700000 hotplug_avg_load_dw: 76
E/MP-Decision( 1780): UP cpu:1 core_idx:1 Nw:1.900000 Tw:140 total_time_up:0.000000
E/MP-Decision( 1780): UP cpu:2 core_idx:2 Nw:2.700000 Tw:90 total_time_up:98.000000
D/ContainerEventsRelayManager( 1161): <<< Intent action is >>> : android.intent.action.PACKAGE_ADDED
D/ContainerEventsRelayManager( 1161): <<< Intent data is   >>> : package:com.ganyo.pushtest.test
D/elm     (12206): MainReceiver.listeningToPackageRemoved()
D/elm     (12206): MainReceiver.listeningToPackageRemoved(). PACKAGE getAction:android.intent.action.PACKAGE_REMOVED, getData:package:com.ganyo.pushtest.test, getSchemeSpecificPart:com.ganyo.pushtest.test
D/elm     (12206): MDMBridge.getInstance()
D/elm     (12206): MDMBridge.getAllLicenseInfoFromSDK()
I/InputReader(  739): Reconfiguring input devices.  changes=0x00000010
I/elm     (12206): MainReceiver.onReceive() END - - - - - : android.intent.action.PACKAGE_REMOVED
D/elm     (12206): ElmAgentService : onStartCommand()
D/elm     (12206): ElmAgentService : onStartCommand() : intent is not null
W/InputMethodManagerService(  739): Found no subtypes in a system IME: com.sec.android.inputmethod
E/MP-Decision( 1780): num online cores: 3 reqd : 4 available : 4 rq_depth:5.300000 hotplug_avg_load_dw: 177
E/MP-Decision( 1780): UP cpu:1 core_idx:1 Nw:1.900000 Tw:140 total_time_up:0.000000
E/MP-Decision( 1780): UP cpu:2 core_idx:2 Nw:2.700000 Tw:90 total_time_up:0.000000
E/MP-Decision( 1780): UP cpu:3 core_idx:3 Nw:3.500000 Tw:90 total_time_up:145.000000
D/ContainerEventsRelayManager( 1161): <<< Intent action is >>> : android.intent.action.PACKAGE_REPLACED
D/ContainerEventsRelayManager( 1161): <<< Intent data is   >>> : package:com.ganyo.pushtest.test
I/LSS-II: (  739): proc in:com.google.android.googlequicksearchbox,adj=13LRU num=79,i=38
D/dalvikvm( 1548): GC_CONCURRENT freed 401K, 12% free 17324K/19644K, paused 1ms+1ms, total 16ms
I/LSS-II: (  739): proc out:com.sec.android.service.cm,adj=0,i=77
I/LSS-II: (  739): proc wait in:com.google.android.music:main,adj=11LRU num=79,i=57
I/LSS-II: (  739): proc in:com.google.android.apps.maps:LocationFriendService,adj=13LRU num=79,i=38
D/CapabilityManagerService(13715): Receiver Broadcast:android.intent.action.PACKAGE_REMOVED
D/CapabilityManagerService(13715): The package(com.ganyo.pushtest.test) updated
I/LSS-II: (  739): proc out:com.sec.chaton,adj=0,i=78
I/LSS-II: (  739): proc wait in:com.sec.android.gallery3d,adj=11LRU num=79,i=57
D/dalvikvm( 1548): GC_CONCURRENT freed 397K, 12% free 17321K/19644K, paused 2ms+1ms, total 17ms
W/ContextImpl(13727): Calling a method in the system process without a qualified user: android.app.ContextImpl.startService:1643 android.content.ContextWrapper.startService:457 android.content.ContextWrapper.startService:457 com.samsung.android.app.filterinstaller.PackageIntentReceiver.onReceive:41 android.app.ActivityThread.handleReceiver:2442 
I/LSS-II: (  739): proc out:com.google.android.gms,adj=0,i=78
I/LSS-II: (  739): proc cancel wait in:com.sec.android.app.controlpanel,adj=0LRU num=79,i=75
I/LSS-II: (  739): proc wait in:com.sec.android.app.tmserver,adj=11LRU num=79,i=55
I/LSS-II: (  739): proc out:com.android.keychain,adj=0,i=75
I/LSS-II: (  739): proc wait in:com.sec.android.Kies,adj=11LRU num=79,i=55
D/ECS_EnterpriseContainerService(  739): <<< Intent action is >>> : android.intent.action.PACKAGE_ADDED
D/ECS_EnterpriseContainerService(  739): <<< Intent data is   >>> : package:com.ganyo.pushtest.test
I/ECS_EnterpriseContainerService(  739): Inside package added listener
D/ECS_EnterpriseContainerService(  739): <<< Intent action is >>> : android.intent.action.PACKAGE_REPLACED
D/ECS_EnterpriseContainerService(  739): <<< Intent data is   >>> : package:com.ganyo.pushtest.test
I/ECS_EnterpriseContainerService(  739): Inside package added listener
W/ContextImpl(13756): Calling a method in the system process without a qualified user: android.app.ContextImpl.startService:1643 android.content.ContextWrapper.startService:457 android.content.ContextWrapper.startService:457 com.android.keychain.KeyChainBroadcastReceiver.onReceive:12 android.app.ActivityThread.handleReceiver:2442 
I/LSS-II: (  739): proc out:com.android.musicfx,adj=0,i=75
W/LicenseLogService(  739): log() is called by non admin
I/LSS-II: (  739): proc in:com.sec.android.widgetapp.easyfavoritescontactswidget,adj=13LRU num=79,i=38
W/LicenseLogService(  739): log() is called by non admin
I/LSS-II: (  739): proc wait in:com.google.android.apps.plus,adj=11LRU num=79,i=54
I/LSS-II: (  739): proc cancel wait in:com.google.android.apps.plus,adj=0LRU num=79,i=67
I/LSS-II: (  739): proc wait in:com.sec.android.service.cm,adj=11LRU num=79,i=57
I/LSS-II: (  739): proc out:com.sec.android.app.samsungapps.una2,adj=0,i=78
I/LSS-II: (  739): proc in:com.sec.android.widgetapp.programmonitorwidget,adj=15LRU num=79,i=38
I/LSS-II: (  739): proc wait in:com.sec.chaton,adj=11LRU num=79,i=57
I/LSS-II: (  739): proc in:com.sec.android.widgetapp.dualclockdigital,adj=15LRU num=79,i=38
I/LSS-II: (  739): proc cancel wait in:com.sec.android.gallery3d,adj=0LRU num=79,i=78
D/dalvikvm(  739): GC_EXPLICIT freed 6007K, 14% free 64725K/74972K, paused 6ms+21ms, total 224ms
I/LSS-II: (  739): proc wait in:com.android.keychain,adj=11LRU num=79,i=57
D/AndroidRuntime(22437): Shutting down VM
D/dalvikvm(22437): GC_CONCURRENT freed 156K, 19% free 686K/844K, paused 1ms+0ms, total 5ms
I/LSS-II: (  739): proc cancel wait in:com.sec.android.SimpleWidget,adj=0LRU num=79,i=77
I/LSS-II: (  739): proc wait in:com.android.musicfx,adj=11LRU num=79,i=57
D/jdwp    (22437): Got wake-up signal, bailing out of select
D/dalvikvm(22437): Debugger has detached; object registry had 1 entries
I/LSS-II: (  739): proc out:com.nuance.swype.input,adj=0,i=77
I/LSS-II: (  739): proc wait in:com.google.android.gms,adj=11LRU num=79,i=58
I/LSS-II: (  739): proc out:com.google.android.googlequicksearchbox,adj=0,i=67
I/CrashAnrDetector(  739): onPackageUpdateFinished : com.ganyo.pushtest.test
I/SA      (12354): [SUR] onReceive log=[SA =  V = 17 HWD = 0X0 0.0 dpi = 0  SIZE = 0 LOCALE =  CSC = ATT MCC = 0 MNC 0 T = user DEVICE = jflteatt P = jflteuc I = JDQ39 M = SAMSUNG-SGH-I337 OKLEFT true DIS JDQ39.I337UCUAMDL  ]
I/SA      (12354): [SUR] onReceive Intent=[ action_PACKAGE_REPLACED package ]
I/HomeSyncInstallReceiver( 1548): Package Added : Intent { act=android.intent.action.PACKAGE_ADDED dat=package:com.ganyo.pushtest.test flg=0x8000010 cmp=com.android.nfc/.HomeSyncInstallReceiver (has extras) }
I/HomeSyncInstallReceiver( 1548): Package Added : com.ganyo.pushtest.test
I/LSS-II: (  739): proc wait in:com.sec.android.app.samsungapps.una2,adj=11LRU num=79,i=57
I/LSS-II: (  739): proc wait in:com.google.android.apps.plus,adj=11LRU num=79,i=55
I/LSS-II: (  739): proc in:com.sec.factory,adj=15LRU num=79,i=36
I/LSS-II: (  739): proc in:com.wssnps,adj=15LRU num=79,i=35
I/LSS-II: (  739): proc out:com.sec.android.app.FileShareServer,adj=0,i=77
I/LSS-II: (  739): proc wait in:com.sec.android.gallery3d,adj=11LRU num=79,i=56
D/[FileShare][Server](13867): ServerBroadcastReceiver : onReceive: android.intent.action.PACKAGE_ADDED // package:com.ganyo.pushtest.test
D/CapabilityManagerService(13715): Receiver Broadcast:android.intent.action.PACKAGE_ADDED
I/LSS-II: (  739): proc cancel wait in:com.sec.android.service.cm,adj=0LRU num=79,i=77
I/LSS-II: (  739): proc cancel wait in:com.sec.chaton,adj=0LRU num=79,i=78
I/LSS-II: (  739): proc wait in:com.sec.android.SimpleWidget,adj=11LRU num=79,i=56
E/MP-Decision( 1780): num online cores: 4 reqd : 3 available : 4 rq_depth:0.100000 hotplug_avg_load_dw: 123
E/MP-Decision( 1780): DOWN cpu:3 core_idx:3 Ns:3.100000 Ts:240 total_time_down:240.000000
E/MP-Decision( 1780): num online cores: 3 reqd : 1 available : 4 rq_depth:0.000000 hotplug_avg_load_dw: 7
E/MP-Decision( 1780): DOWN cpu:2 core_idx:2 Ns:2.100000 Ts:240 total_time_down:143.000000
E/MP-Decision( 1780): DOWN cpu:1 core_idx:1 Ns:1.100000 Ts:190 total_time_down:143.000000
I/LSS-II: (  739): proc wait in:com.nuance.swype.input,adj=11LRU num=79,i=56
W/ContextImpl(13727): Calling a method in the system process without a qualified user: android.app.ContextImpl.startService:1643 android.content.ContextWrapper.startService:457 android.content.ContextWrapper.startService:457 com.samsung.android.app.filterinstaller.PackageIntentReceiver.onReceive:41 android.app.ActivityThread.handleReceiver:2442 
I/LSS-II: (  739): proc out:com.google.android.partnersetup,adj=0,i=78
E/MP-Decision( 1780): num online cores: 1 reqd : 2 available : 4 rq_depth:1.100000 hotplug_avg_load_dw: 60
E/MP-Decision( 1780): UP cpu:1 core_idx:1 Nw:1.900000 Tw:140 total_time_up:0.000000
D/dalvikvm( 1344): GC_CONCURRENT freed 407K, 11% free 17272K/19336K, paused 1ms+2ms, total 24ms
I/LSS-II: (  739): proc wait in:com.google.android.googlequicksearchbox,adj=11LRU num=79,i=54
I/LSS-II: (  739): proc cancel wait in:com.android.musicfx,adj=0LRU num=79,i=77
W/LicenseLogService(  739): log() is called by non admin
E/MP-Decision( 1780): num online cores: 2 reqd : 4 available : 4 rq_depth:4.500000 hotplug_avg_load_dw: 136
E/MP-Decision( 1780): UP cpu:1 core_idx:1 Nw:1.900000 Tw:140 total_time_up:0.000000
E/MP-Decision( 1780): UP cpu:2 core_idx:2 Nw:2.700000 Tw:90 total_time_up:98.000000
E/MP-Decision( 1780): UP cpu:3 core_idx:3 Nw:3.500000 Tw:90 total_time_up:98.000000
W/LicenseLogService(  739): log() is called by non admin
I/LSS-II: (  739): proc cancel wait in:com.google.android.apps.plus,adj=0LRU num=79,i=67
I/LSS-II: (  739): proc wait in:com.sec.android.app.FileShareServer,adj=11LRU num=79,i=58
W/ContextImpl(13727): Calling a method in the system process without a qualified user: android.app.ContextImpl.sendBroadcast:1323 android.content.ContextWrapper.sendBroadcast:345 com.samsung.android.app.filterinstaller.FilterPackageService$ServiceHandler.handleMessage:95 android.os.Handler.dispatchMessage:99 android.os.Looper.loop:137 
I/LSS-II: (  739): proc wait in:com.sec.android.service.cm,adj=11LRU num=79,i=58
I/LSS-II: (  739): proc cancel wait in:com.sec.android.gallery3d,adj=0LRU num=79,i=78
I/LSS-II: (  739): proc cancel wait in:com.nuance.swype.input,adj=0LRU num=79,i=75
I/LSS-II: (  739): proc wait in:com.sec.chaton,adj=11LRU num=79,i=57
E/QcrilMsgTunnelSocket(19542): IOExceptionjava.io.IOException: No such file or directoryReason: No such file or directory
I/LSS-II: (  739): proc cancel wait in:com.google.android.googlequicksearchbox,adj=0LRU num=79,i=67
I/LSS-II: (  739): proc wait in:com.google.android.partnersetup,adj=11LRU num=79,i=58
I/LSS-II: (  739): proc out:com.sec.knox.containeragent,adj=1,i=78
I/SA      (12354): [SUR] onReceive log=[SA =  V = 17 HWD = 0X0 0.0 dpi = 0  SIZE = 0 LOCALE =  CSC = ATT MCC = 0 MNC 0 T = user DEVICE = jflteatt P = jflteuc I = JDQ39 M = SAMSUNG-SGH-I337 OKLEFT true DIS JDQ39.I337UCUAMDL  ]
I/SA      (12354): [SUR] onReceive Intent=[ android.intent.action.PACKAGE_ADDED package ]
I/LSS-II: (  739): proc out:com.osp.app.signin,adj=0,i=78
I/LSS-II: (  739): proc wait in:com.sec.knox.containeragent,adj=9LRU num=79,i=77
I/LSS-II: (  739): proc wait in:com.android.musicfx,adj=11LRU num=79,i=57
I/LSS-II: (  739): proc wait in:com.google.android.apps.plus,adj=11LRU num=79,i=57
I/LSS-II: (  739): proc wait in:com.sec.android.gallery3d,adj=11LRU num=79,i=59
I/LSS-II: (  739): proc wait in:com.nuance.swype.input,adj=11LRU num=79,i=57
W/ContextImpl(13727): Calling a method in the system process without a qualified user: android.app.ContextImpl.startService:1643 android.content.ContextWrapper.startService:457 android.content.ContextWrapper.startService:457 com.samsung.android.app.filterinstaller.PackageIntentReceiver.onReceive:41 android.app.ActivityThread.handleReceiver:2442 
D/dalvikvm(13898): GC_CONCURRENT freed 412K, 15% free 16995K/19908K, paused 12ms+3ms, total 42ms
I/LSS-II: (  739): proc out:com.google.android.apps.maps:FriendService,adj=0,i=66
W/LicenseLogService(  739): log() is called by non admin
I/LSS-II: (  739): proc wait in:com.google.android.googlequicksearchbox,adj=11LRU num=79,i=58
I/LSS-II: (  739): proc cancel wait in:com.android.musicfx,adj=0LRU num=79,i=77
W/LicenseLogService(  739): log() is called by non admin
I/LSS-II: (  739): proc cancel wait in:com.sec.android.app.samsungapps.una2,adj=0LRU num=79,i=78
W/LicenseLogService(  739): log() is called by non admin
I/LSS-II: (  739): proc cancel wait in:com.google.android.googlequicksearchbox,adj=0LRU num=79,i=67
I/LSS-II: (  739): proc wait in:com.osp.app.signin,adj=11LRU num=79,i=55
I/LSS-II: (  739): proc cancel wait in:com.sec.knox.containeragent,adj=1LRU num=79,i=78
I/SA      (12354): [SUR] onReceive log=[SA =  V = 17 HWD = 0X0 0.0 dpi = 0  SIZE = 0 LOCALE =  CSC = ATT MCC = 0 MNC 0 T = user DEVICE = jflteatt P = jflteuc I = JDQ39 M = SAMSUNG-SGH-I337 OKLEFT true DIS JDQ39.I337UCUAMDL  ]
I/SA      (12354): [SUR] onReceive Intent=[ action_PACKAGE_REPLACED package ]
I/LSS-II: (  739): proc cancel wait in:com.osp.app.signin,adj=0LRU num=79,i=78
I/LSS-II: (  739): proc wait in:com.sec.knox.containeragent,adj=9LRU num=79,i=77
I/LSS-II: (  739): proc wait in:com.google.android.apps.maps:FriendService,adj=11LRU num=79,i=56
I/LSS-II: (  739): proc out:com.google.android.apps.maps:LocationFriendService,adj=0,i=67
I/LSS-II: (  739): proc wait in:com.android.musicfx,adj=11LRU num=79,i=59
E/MP-Decision( 1780): num online cores: 4 reqd : 2 available : 4 rq_depth:0.000000 hotplug_avg_load_dw: 55
E/MP-Decision( 1780): DOWN cpu:3 core_idx:3 Ns:3.100000 Ts:240 total_time_down:241.000000
E/MP-Decision( 1780): DOWN cpu:2 core_idx:2 Ns:2.100000 Ts:240 total_time_down:241.000000
E/MP-Decision( 1780): num online cores: 2 reqd : 1 available : 4 rq_depth:0.300000 hotplug_avg_load_dw: 13
E/MP-Decision( 1780): DOWN cpu:1 core_idx:1 Ns:1.100000 Ts:190 total_time_down:137.000000
I/Monitor (  739): SIOP:: Current AP = 360, CP = 0
D/STATUSBAR-NetworkController( 1021): refreshSignalCluster: data=0 bt=false
D/qdoverlay(  212): Set pipe=RGB1 dpy=0; Set pipe=VG0 dpy=0; Set pipe=VG1 dpy=0; 
D/STATUSBAR-NetworkController( 1021): refreshSignalCluster: data=0 bt=false
D/qdoverlay(  212): Unset pipe=VG0 dpy=0; Unset pipe=VG1 dpy=0; Unset pipe=RGB1 dpy=0; 
E/QcrilMsgTunnelSocket(19542): IOExceptionjava.io.IOException: No such file or directoryReason: No such file or directory
D/AndroidRuntime(22510): 
D/AndroidRuntime(22510): >>>>>> AndroidRuntime START com.android.internal.os.RuntimeInit <<<<<<
D/AndroidRuntime(22510): CheckJNI is OFF
D/AndroidRuntime(22510): setted country_code = USA
D/AndroidRuntime(22510): setted countryiso_code = US
D/AndroidRuntime(22510): setted sales_code = ATT
D/AndroidRuntime(22510): pLocation:automatic, pLang: , pRegn: 
D/AndroidRuntime(22510): pLocation(NoSIM):english_us, pLang: en, pRegn: US
D/AndroidRuntime(22510): readGMSProperty: start
D/AndroidRuntime(22510): readGMSProperty: already setted!!
D/AndroidRuntime(22510): readGMSProperty: end
D/AndroidRuntime(22510): addProductProperty: start
D/dalvikvm(22510): Trying to load lib libjavacore.so 0x0
D/dalvikvm(22510): Added shared lib libjavacore.so 0x0
D/dalvikvm(22510): Trying to load lib libnativehelper.so 0x0
D/dalvikvm(22510): Added shared lib libnativehelper.so 0x0
E/MP-Decision( 1780): num online cores: 1 reqd : 2 available : 4 rq_depth:1.000000 hotplug_avg_load_dw: 65
E/MP-Decision( 1780): UP cpu:1 core_idx:1 Nw:1.900000 Tw:140 total_time_up:0.000000
D/dalvikvm(22510): Note: class Landroid/app/ActivityManagerNative; has 169 unimplemented (abstract) methods
D/AndroidRuntime(22510): Calling main entry com.android.commands.am.Am
D/dalvikvm(  213): WAIT_FOR_CONCURRENT_GC blocked 1ms
D/SELinux (22524): selinux_knoxprecontexthook:  Calling  selinux_knoxprecontexthook for uid: 10190 isSystemServer: 0 seinfo: default pkgname com.ganyo.pushtest
D/dalvikvm(22524): Late-enabling CheckJNI
I/LSS-II: (  739): proc in:com.sec.android.app.music:service,adj=15LRU num=80,i=31
E/MP-Decision( 1780): num online cores: 2 reqd : 3 available : 4 rq_depth:3.000000 hotplug_avg_load_dw: 118
E/MP-Decision( 1780): UP cpu:1 core_idx:1 Nw:1.900000 Tw:140 total_time_up:0.000000
E/MP-Decision( 1780): UP cpu:2 core_idx:2 Nw:2.700000 Tw:90 total_time_up:98.000000
E/jdwp    (22524): Failed sending reply to debugger: Broken pipe
D/dalvikvm(22524): Debugger has detached; object registry had 1 entries
D/dalvikvm(  213): GC_EXPLICIT freed 42K, 8% free 16738K/18016K, paused 1ms+3ms, total 40ms
D/dalvikvm(  213): GC_EXPLICIT freed <1K, 8% free 16738K/18016K, paused 2ms+3ms, total 23ms
W/dalvikvm(22524): method Landroid/test/InstrumentationTestRunner$StringResultPrinter;.print incorrectly overrides package-private method with same name in Ljunit/textui/ResultPrinter;
I/TestRunner(22524): started: testPushNotification(com.ganyo.pushtest.test.MainActivityTest)
I/CustomFrequencyManager(  739): newFrequencyRequest  - mFrequency = 1350000, mTimeoutMs = -1, mPkgName = ACTIVITY_RESUME_BOOSTER@5
I/CustomFrequencyManager(  739): Boost Request from package = ACTIVITY_RESUME_BOOSTER@5 frequency : 1350000type = 6
I/CustomFrequencyManager(  739): !! pkgName = ACTIVITY_RESUME_BOOSTER@5
I/CustomFrequencyManager(  739): Request from package name pkgName = ACTIVITY_RESUME_BOOSTER@5
I/CustomFrequencyManager(  739): mContext is Not Null  mContext.pkgName = android
I/CustomFrequencyManager(  739): 2 Old token will be reused!
I/CustomFrequencyManager(  739): CPUDVFSControlRequest : doFrequencyRequest::  = 1350000 Timeout : -1
I/power   (  739): *** acquire_dvfs_lock : lockType : 1  freq : 1350000 
D/CustomFrequencyManagerService(  739): acquireDVFSLockLocked : type : DVFS_MIN_LIMIT  frequency : 1350000  uid : 1000  pid : 739  pkgName : ACTIVITY_RESUME_BOOSTER@5
W/ActivityManager(  739): mDVFSHelper.acquire()
W/ContextImpl(  739): Calling a method in the system process without a qualified user: android.app.ContextImpl.sendBroadcast:1337 com.android.server.am.ActivityStack.startActivityUncheckedLocked:4460 com.android.server.am.ActivityStack.startActivityLocked:3944 com.android.server.am.ActivityStack.startActivityMayWait:4624 com.android.server.am.ActivityManagerService.startActivityAsUser:2985 
W/ContextImpl(  739): Calling a method in the system process without a qualified user: android.app.ContextImpl.sendBroadcast:1337 com.android.server.am.ActivityStack.startPausingLocked:1315 com.android.server.am.ActivityStack.resumeTopActivityLocked:2383 com.android.server.am.ActivityStack.resumeTopActivityLocked:2169 com.android.server.am.ActivityStack.resumeTopActivityLocked:2155 
D/Launcher( 1208): onPause, Launcher: 1111016112
D/Launcher.HomeView( 1208): onPause
D/Launcher.Workspace( 1208): exitWidgetResizeMode State: NORMAL, newDragStarted: false
D/dalvikvm(  213): GC_EXPLICIT freed <1K, 8% free 16738K/18016K, paused 2ms+2ms, total 20ms
V/SmartFaceService - 3rd party pause(  739): onReceive [android.intent.action.ACTIVITY_STATE/com.ganyo.pushtest/create]
V/SmartFaceService - 3rd party pause(  739): onReceive [android.intent.action.ACTIVITY_STATE/com.sec.android.app.launcher/pause]
V/WindowOrientationListener(  739): mSContextAutoRotationListener.getProposedRotation, mbResultFaceDectection: false
V/WindowOrientationListener(  739): mSContextAutoRotationListener.getProposedRotation, Rotation: -1
V/WindowOrientationListener(  739): mSContextAutoRotationListener.getProposedRotation, mbResultFaceDectection: false
V/WindowOrientationListener(  739): mSContextAutoRotationListener.getProposedRotation, Rotation: -1
V/TaskCloserActivity(13290): TaskCloserActivity onReceive() - com.sec.android.intent.action.HOME_PAUSE
E/MoreInfoHPW_ViewGroup(  739): Parent view is not a TextView
D/ActivityManager(  739): Trying to launch com.ganyo.pushtest/.MainActivity
V/WindowManager(  739): rotationForOrientationLw(orient=-1, last=0); user=0  sensorRotation=-1 isCoverOpen=true mLidState=-1 mDockMode=0 mHdmiPlugged=false mAccelerometerDefault=false
V/WindowManager(  739): Application requested orientation -1, got rotation 0 which has compatible metrics
D/WindowManager(  739): computeScreenConfigurationLocked() set config.orientation=1 dw=1080 dh=1920 Callers=com.android.server.wm.WindowManagerService.updateOrientationFromAppTokensLocked:5124 com.android.server.wm.WindowManagerService.updateOrientationFromAppTokens:5093 com.android.server.am.ActivityStack.realStartActivityLocked:902 
D/PowerManagerService(  739): setKeyboardVisibility: false
W/ContextImpl(  739): Calling a method in the system process without a qualified user: android.app.ContextImpl.sendBroadcast:1323 com.android.server.am.ActivityManagerService.computeOomAdjLocked:14854 com.android.server.am.ActivityManagerService.updateOomAdjLocked:15145 com.android.server.am.ActivityManagerService.updateOomAdjLocked:15337 com.android.server.am.ActivityManagerService.updateLruProcessLocked:2213 
W/ContextImpl(  739): Calling a method in the system process without a qualified user: android.app.ContextImpl.sendBroadcast:1323 com.android.server.am.ActivityManagerService.computeOomAdjLocked:14860 com.android.server.am.ActivityManagerService.updateOomAdjLocked:15145 com.android.server.am.ActivityManagerService.updateOomAdjLocked:15337 com.android.server.am.ActivityManagerService.updateLruProcessLocked:2213 
D/SurfaceWidgetClient( 1462): [123490] SurfaceWidgetClient onTrimMemory level: 20
D/SurfaceWidgetClient( 1475): [123490] SurfaceWidgetClient onTrimMemory level: 20
D/dalvikvm(  739): GC_FOR_ALLOC freed 1400K, 14% free 64984K/74972K, paused 102ms, total 102ms
I/dalvikvm-heap(  739): Grow heap (frag case) to 66.919MB for 2359312-byte allocation
D/dalvikvm(  739): GC_FOR_ALLOC freed 26K, 13% free 67262K/77280K, paused 106ms, total 106ms
D/PointerIcon(  739): setHoveringSpenIconStyle1 pointerType: 10001iconType:1 flag:0
D/PointerIcon(  739): setHoveringSpenCustomIcon IconType is same.1
D/Launcher( 1208): onTrimMemory. Level: 20
I/LSS-II: (  739): proc wait in:com.sec.android.app.samsungapps.una2,adj=11LRU num=80,i=58
I/SurfaceFlinger(  212): id=295(66) createSurf 0x423e637c (1x1),1 flag=404, qushtest
D/qdoverlay(  212): Set pipe=RGB1 dpy=0; Set pipe=VG0 dpy=0; Set pipe=VG1 dpy=0; 
E/MoreInfoHPW_ViewGroup(22524): Parent view is not a TextView
D/qdmemalloc(  212): ion: Mapped buffer base:0x47ab3000 size:8355840 fd:77
D/qdmemalloc(  212): ion: Mapped buffer base:0x4005a000 size:4096 fd:92
D/dalvikvm(22524): GC_FOR_ALLOC freed 171K, 8% free 17241K/18648K, paused 16ms, total 16ms
I/dalvikvm-heap(22524): Grow heap (frag case) to 20.290MB for 2359312-byte allocation
V/WindowManager(  739): Window{42bcb700 u0 Keyguard}mOrientationRequetedFromKeyguard=false
D/dalvikvm(22524): GC_FOR_ALLOC freed <1K, 7% free 19544K/20956K, paused 17ms, total 17ms
D/dalvikvm(22524): GC_CONCURRENT freed 2K, 7% free 19544K/20956K, paused 2ms+2ms, total 22ms
D/qdmemalloc(  212): ion: unmap_buffer base:0x0 size:8355840 offset:0 fd:86
D/qdmemalloc(  212): ion: unmap_buffer base:0x0 size:4096 offset:0 fd:90
D/qdmemalloc(  212): ion: unmap_buffer base:0x0 size:8355840 offset:0 fd:83
D/qdmemalloc(  212): ion: unmap_buffer base:0x0 size:4096 offset:0 fd:84
D/qdoverlay(  212): Unset pipe=VG0 dpy=0; Unset pipe=VG1 dpy=0; Unset pipe=RGB1 dpy=0; 
V/GCMRegistrar(22524): Is registered on server: false
I/com.ganyo.pushtest(22524): registering device: APA91bFxgTLXLtVVvcJfe32GWqHvy9SWT-0Rh8D40Xkb6CnsPH6AOpctbPQJEv7va5onEflv_sUcKQ7MZDKcE3DFwbp764Cc8JC_u6tt0VcDzTRAkgfVZ822LLD9KnSLIk-Nv8v9sOikdglgctMY18UAxd7giJjEuw
D/APIGEE_CLIENT(22524): dataClient created
D/APIGEE_CLIENT(22524): monitoring not enabled
V/WindowManager(  739): Window{42bcb700 u0 Keyguard}mOrientationRequetedFromKeyguard=false
I/SurfaceFlinger(  212): id=296(1) createSurf 0x40745034 (1x1),1 flag=404, NainActivit
V/WindowManager(  739): Window{42bcb700 u0 Keyguard}mOrientationRequetedFromKeyguard=false
D/STATUSBAR-StatusBarManagerService(  739): manageDisableList what=0x0 pkg=WindowManager.LayoutParams
D/PointerIcon(  739): setHoveringSpenIconStyle1 pointerType: 10001iconType:1 flag:0
D/PointerIcon(  739): setHoveringSpenCustomIcon IconType is same.1
D/libEGL  (22524): loaded /system/lib/egl/libEGL_adreno200.so
D/libEGL  (22524): loaded /system/lib/egl/libGLESv1_CM_adreno200.so
D/libEGL  (22524): loaded /system/lib/egl/libGLESv2_adreno200.so
I/Adreno200-EGL(22524): <qeglDrvAPI_eglInitialize:265>: EGL 1.4 QUALCOMM build:  (CL3544079)
I/Adreno200-EGL(22524): Build Date: 03/28/13 Thu
I/Adreno200-EGL(22524): Local Branch: adreno_20130328
I/Adreno200-EGL(22524): Remote Branch: 
I/Adreno200-EGL(22524): Local Patches: 
I/Adreno200-EGL(22524): Reconstruct Branch: 
D/OpenGLRenderer(22524): Enabling debug mode 0
W/ContextImpl(  739): Calling a method in the system process without a qualified user: android.app.ContextImpl.sendBroadcast:1323 com.android.server.InputMethodManagerService$5.run:2252 java.lang.Thread.run:856 <bottom of call stack> <bottom of call stack> 
D/qdmemalloc(  212): ion: Mapped buffer base:0x472bb000 size:8355840 fd:38
D/qdmemalloc(  212): ion: Mapped buffer base:0x40363000 size:4096 fd:59
D/Launcher( 1208): onStop, Launcher: 1111016112
D/Launcher.HomeView( 1208): onStop
D/SurfaceWidgetClient$ISurfaceWidgetStub( 1462): [123490] Surface widget pause on instance = 1
D/accuweather( 1462): [Accuweather J]>>> SWW:196 [0:0] [SWW] onPause : rI = 1
D/SurfaceWidgetClient$ISurfaceWidgetStub( 1462): [123490] Surface widget visibility changed visibility = false on instance = 1
D/SurfaceWidgetClient$ISurfaceWidgetStub( 1475): [123490] Surface widget visibility changed visibility = false on instance = 1
D/accuweather( 1462): [Accuweather J]>>> SWW:202 [0:0] [SWW] onPause : size = 0
D/accuweather( 1462): [Accuweather J]>>> SWW:577 [0:0]  unRegisterTTReceiver !! 
D/accuweather( 1462): [Accuweather J]>>> WCD:1196 [0:0] cARH()
D/accuweather( 1462): [Accuweather J]>>> WCD:495 [0:0]  onPause 
D/accuweather( 1462): [Accuweather J]>>> WR:376 [0:0] onPause : 1
D/accuweather( 1462): [Accuweather J]>>> SWW:493 [0:0] =================== , pause :1
E/dalvikvm(22524): Could not find class 'android.support.v4.app.FragmentActivity', referenced from method com.jayway.android.robotium.solo.Waiter.getSupportFragment
W/dalvikvm(22524): VFY: unable to resolve check-cast 44 (Landroid/support/v4/app/FragmentActivity;) in Lcom/jayway/android/robotium/solo/Waiter;
D/dalvikvm(22524): VFY: replacing opcode 0x1f at 0x0009
I/dalvikvm(22524): Could not find method android.support.v4.app.FragmentActivity.getSupportFragmentManager, referenced from method com.jayway.android.robotium.solo.Waiter.getSupportFragment
W/dalvikvm(22524): VFY: unable to resolve virtual method 83: Landroid/support/v4/app/FragmentActivity;.getSupportFragmentManager ()Landroid/support/v4/app/FragmentManager;
D/dalvikvm(22524): VFY: replacing opcode 0x6e at 0x0010
I/dalvikvm(22524): Could not find method android.support.v4.app.FragmentActivity.getSupportFragmentManager, referenced from method com.jayway.android.robotium.solo.Waiter.getSupportFragment
W/dalvikvm(22524): VFY: unable to resolve virtual method 83: Landroid/support/v4/app/FragmentActivity;.getSupportFragmentManager ()Landroid/support/v4/app/FragmentManager;
D/dalvikvm(22524): VFY: replacing opcode 0x6e at 0x0019
W/dalvikvm(22524): VFY: unable to find class referenced in signature (Landroid/support/v4/app/Fragment;)
W/dalvikvm(22524): VFY: unable to find class referenced in signature (Landroid/support/v4/app/Fragment;)
D/ExtSolo (22524): Current locale: en_US
D/ExtSolo (22524): Log info in LogCat, tag: "automation debug", msg: "Start push notification test at mobile side"
I/automation debug(22524): Start push notification test at mobile side
D/ExtSolo (22524): Set orientation "portrait"
W/ActivityManager(  739): Unable to start service Intent { act=com.bitbar.testdroid.monitor.ScreenshotService } U=0: not found
W/ActivityManager(  739): Unable to start service Intent { act=com.bitbar.testdroid.monitor.MetadataService } U=0: not found
I/LSS-II: (  739): proc wait in:com.sec.android.widgetapp.ap.hero.accuweather,adj=9LRU num=80,i=20
D/SurfaceWidget.Renderer( 1462): [123490] SurfaceWidgetRenderer waiting: 1 (Thread[Thread-70,5,main])
I/power   (  739): *** release_dvfs_lock : lockType : 1 
I/SurfaceFlinger(  212): id=294 Removed Mauncher (1/7)
I/SurfaceFlinger(  212): id=294 Removed Mauncher (-2/7)
D/CustomFrequencyManagerService(  739): releaseDVFSLockLocked : Getting Lock type frm List : DVFS_MIN_LIMIT  frequency : 1350000  uid : 1000  pid : 739  tag : ACTIVITY_RESUME_BOOSTER@5
W/ActivityManager(  739): mDVFSHelper.release()
D/qdmemalloc(  212): ion: unmap_buffer base:0x0 size:8355840 offset:0 fd:35
D/qdmemalloc(  212): ion: unmap_buffer base:0x0 size:4096 offset:0 fd:52
D/qdoverlay(  212): Set pipe=RGB1 dpy=0; Set pipe=VG0 dpy=0; 
I/SurfaceFlinger(  212): id=295 Removed qushtest (3/6)
I/SurfaceFlinger(  212): id=295 Removed qushtest (-2/6)
D/qdmemalloc(  212): ion: unmap_buffer base:0x0 size:8355840 offset:0 fd:77
D/qdmemalloc(  212): ion: unmap_buffer base:0x0 size:4096 offset:0 fd:92
E/MP-Decision( 1780): num online cores: 3 reqd : 2 available : 4 rq_depth:0.500000 hotplug_avg_load_dw: 36
E/MP-Decision( 1780): DOWN cpu:2 core_idx:2 Ns:2.100000 Ts:240 total_time_down:245.000000
D/STATUSBAR-NetworkController( 1021): refreshSignalCluster: data=0 bt=false
E/MP-Decision( 1780): num online cores: 2 reqd : 1 available : 4 rq_depth:1.000000 hotplug_avg_load_dw: 10
E/MP-Decision( 1780): DOWN cpu:1 core_idx:1 Ns:1.100000 Ts:190 total_time_down:141.000000
V/WindowOrientationListener(  739): mSContextAutoRotationListener.getProposedRotation, mbResultFaceDectection: false
V/WindowOrientationListener(  739): mSContextAutoRotationListener.getProposedRotation, Rotation: -1
V/WindowOrientationListener(  739): mSContextAutoRotationListener.getProposedRotation, mbResultFaceDectection: false
V/WindowOrientationListener(  739): mSContextAutoRotationListener.getProposedRotation, Rotation: -1
V/WindowManager(  739): Window{42bcb700 u0 Keyguard}mOrientationRequetedFromKeyguard=false
V/WindowManager(  739): rotationForOrientationLw(orient=1, last=0); user=0  sensorRotation=-1 isCoverOpen=true mLidState=-1 mDockMode=0 mHdmiPlugged=false mAccelerometerDefault=false
V/WindowManager(  739): Application requested orientation 1, got rotation 0 which has compatible metrics
D/ExtSolo (22524): Sleep: 2000
D/WindowManager(  739): computeScreenConfigurationLocked() set config.orientation=1 dw=1080 dh=1920 Callers=com.android.server.wm.WindowManagerService.updateOrientationFromAppTokensLocked:5124 com.android.server.wm.WindowManagerService.updateOrientationFromAppTokens:5093 com.android.server.am.ActivityManagerService.setRequestedOrientation:3283 
D/PowerManagerService(  739): setKeyboardVisibility: false
E/MP-Decision( 1780): num online cores: 1 reqd : 2 available : 4 rq_depth:1.200000 hotplug_avg_load_dw: 65
E/MP-Decision( 1780): UP cpu:1 core_idx:1 Nw:1.900000 Tw:140 total_time_up:0.000000
E/SmartFaceManager(  739): checkForSmartStay S
D/SmartFaceManager(  739): Sending smart-stay-framecount-reset: to service
E/SecCamera-JNI-Java(  739): SecCamera.open()
E/SecCamera-JNI-Java(  739): SecCamera()
E/CameraService(  218): system_server
W/LicenseLogService(  739): log() is called by non admin
W/EDMNativeHelper(  218): EDMNativeHelperService is published
I/EDMNativeHelperService(  739): isCameraEnabled
D/PowerManagerService(  739): [smart stay] handleSmartStay
E/SmartFaceService(  739): setValue, key: smart-stay-framecount-reset value: 
E/SmartFaceService(  739): register:13920761
E/SmartFaceService.Client(  739): New SmartFaceService.Client, service type: 100 pid: 739
D/SmartFaceService(  739): mLightIntensityEnough: true mLux: 0.0
D/Stay/Rotation Worker(  739): client added
D/Scroll/Pause Worker(  739): updateClientsDone.
D/Stay/Rotation Worker(  739): updateClientsDone. def. do nothing.
D/SmartFaceService(  739): Service Type to Worker: 100
D/SmartFaceService(  739): Last Active clients:0 Current Active clients: 1
D/SmartFaceService(  739): Last Smart Pause clients: 0 Current Smart Pause clients: 0
D/SmartFaceService(  739): We have active clients. open camera
D/SmartFaceService(  739): mWakeLock.acquire() in FD
D/SmartFaceIndicator(  739): normal icon
E/CameraController(  739): Wait for 1
E/CameraController(  739): handleMessage: { what=1 when=-1ms arg1=4 }
D/CameraController(  739): isCameraAllowed: true
E/CameraController(  739): open() as 100
E/CameraService(  218): CameraService::connect before lock (pid 739, org id 11)
E/CameraService(  218): orgID: 3 checkingID: 0 seems GOOD
E/CameraService(  218): orgID: 3 checkingID: 1 seems GOOD
E/CameraService(  218): orgID: 3 checkingID: 2 seems GOOD
E/CameraService(  218): orgID: 3 checkingID: 3 seems GOOD
E/CameraService(  218): orgID: 3 checkingID: 4 seems GOOD
E/QualcommCamera(  218): Qint android::get_camera_info(int, camera_info*): E
V/MediaPlayer(  218): constructor
V/MediaPlayerService(  218): Client(104) constructor
V/MediaPlayerService(  218): Create new client(104) from pid 218, uid 1000, 
I/MediaPlayerFactory(  218): Can`t play mp3 and ogg file on NuPlayer , create Awesomeplayer.
V/MediaPlayerService(  218): player type = 3
V/AwesomePlayer(  218): setDefault
V/AwesomePlayer(  218): constructor
V/AwesomePlayer(  218): setDefault
V/AwesomePlayer(  218): reset_l()
V/AwesomePlayer(  218): reset_l() while (mFlags & PREPARING) condition check
V/AwesomePlayer(  218): cancelPlayerEvents (keepNotifications=0)
V/AwesomePlayer(  218): mAudioTrackVector clear
V/AwesomePlayer(  218): reset_l() mAudioPlayer successfully deleted
V/AwesomePlayer(  218): mSecMediaClock clear
V/StagefrightPlayer(  218): StagefrightPlayer
V/AwesomePlayer(  218): setListener
V/StagefrightPlayer(  218): initCheck
V/AwesomePlayer(  218): AwesomePlayer running on behalf of uid 1000
V/AudioSink(  218): AudioOutput(277)
V/AwesomePlayer(  218): setAudioSink
V/AwesomePlayer(  218): reset_l()
V/AwesomePlayer(  218): reset_l() while (mFlags & PREPARING) condition check
V/AwesomePlayer(  218): cancelPlayerEvents (keepNotifications=0)
V/AwesomePlayer(  218): mAudioTrackVector clear
V/AwesomePlayer(  218): reset_l() mAudioPlayer successfully deleted
V/AwesomePlayer(  218): mSecMediaClock clear
I/AwesomePlayer(  218): setDataSource_l(URL suppressed)
V/MediaPlayerService(  218):  setDataSource
V/MediaPlayerService(  218): [104] setParameter(1604)
V/StagefrightPlayer(  218): setParameter(key=1604)
V/AwesomePlayer(  218): setParameter key (1604)
V/AwesomePlayer(  218): Current Contet PID : 218
V/MediaPlayerService(  218): [104] getParameter(1700)
V/MediaPlayer(  218): MediaPlayer::setAudioStreamType
V/MediaPlayer(  218): prepare
V/MediaPlayerService(  218): [104] setAudioStreamType(7)
V/MediaPlayerService(  218): [104] prepareAsync
V/AwesomePlayer(  218): prepareAsync
V/AwesomePlayer(  218): onPrepareAsyncEvent
I/SecMediaClock(  218): SecMediaClock constructor
I/SecMediaClock(  218): reset
V/AwesomePlayer(  218): finishSetDataSource_l
V/MediaExtractor(  218): Autodetected media content as 'application/ogg' with confidence 0.20
V/AwesomePlayer(  218): track of type 'audio/vorbis' does not publish bitrate
V/AwesomePlayer(  218): mBitrate = -1 bits/sec
W/AwesomePlayer(  218): couldn't get userdata - Weather
W/AwesomePlayer(  218): couldn't get userdata - Authorization 
W/AwesomePlayer(  218): couldn't get userdata - SnapShot 
W/AwesomePlayer(  218): couldn't get userdata - SMRD
V/AwesomePlayer(  218): current audio track index (0) is added to vector
V/AwesomePlayer(  218): setDataSource_l: Audio(1), Video(0)
I/AwesomePlayer(  218): AwesomePlayer::setDataSource_l():: This is not a DRM content
V/AwesomePlayer(  218): initAudioDecoder
D/AwesomePlayer(  218): Tunnel Mime Type: audio/vorbis, object alive = 0, mTunnelAliveAP = 0
V/AudioPolicyManagerBase(  218): getNewDevice() selected device 0
I/AudioPolicyManagerBase(  218): ### curdevice : 2
D/AwesomePlayer(  218): initAudioDecoder() curDev : 2, channelCount : 1
D/AwesomePlayer(  218): Normal Audio Playback
I/OMXCodec(  218): OMXCodec::Create mime (audio/vorbis), flags (0), matchComponentName ((null)), createEncoder (0)
I/OMXCodec(  218): Attempting to allocate OMX node 'OMX.google.vorbis.decoder'
I/OMXCodec(  218): Successfully allocated OMX node 'OMX.google.vorbis.decoder'
I/OMXCodec(  218): [OMX.google.vorbis.decoder] OMXCodec::start mState=1
I/OMXCodec(  218): [OMX.google.vorbis.decoder] allocating 4 buffers of size 8192 on input port
I/OMXCodec(  218): [OMX.google.vorbis.decoder] allocating 4 buffers of size 32768 on output port
I/OMXCodec(  218): [OMX.google.vorbis.decoder] Now Idle. Component sends idle done Event 
V/AwesomePlayer(  218): finishAsyncPrepare_l
V/AwesomePlayer(  218): notifyListner_l() msg (5-MEDIA_SET_VIDEO_SIZE), ext1 (0), ext2 (0)
V/MediaPlayerService(  218): [104] notify (0x43f3f3e8, 5, 0, 0)
V/MediaPlayer(  218): message received msg=5, ext1=0, ext2=0
V/MediaPlayer(  218): New video size 0 x 0
V/AwesomePlayer(  218): notifyListner_l() msg (1-MEDIA_PREPARED), ext1 (0), ext2 (0)
V/MediaPlayerService(  218): [104] notify (0x43f3f3e8, 1, 0, 0)
V/MediaPlayer(  218): message received msg=1, ext1=0, ext2=0
V/MediaPlayer(  218): prepared
V/MediaPlayer(  218): signal application thread
V/MediaPlayer(  218): prepare complete - status=0
V/MediaPlayer(  218): constructor
V/MediaPlayerService(  218): Client(105) constructor
V/MediaPlayerService(  218): Create new client(105) from pid 218, uid 1000, 
I/MediaPlayerFactory(  218): Can`t play mp3 and ogg file on NuPlayer , create Awesomeplayer.
V/MediaPlayerService(  218): player type = 3
V/AwesomePlayer(  218): setDefault
V/AwesomePlayer(  218): constructor
V/AwesomePlayer(  218): setDefault
V/AwesomePlayer(  218): reset_l()
V/AwesomePlayer(  218): reset_l() while (mFlags & PREPARING) condition check
V/AwesomePlayer(  218): cancelPlayerEvents (keepNotifications=0)
V/AwesomePlayer(  218): mAudioTrackVector clear
V/AwesomePlayer(  218): reset_l() mAudioPlayer successfully deleted
V/AwesomePlayer(  218): mSecMediaClock clear
V/StagefrightPlayer(  218): StagefrightPlayer
V/AwesomePlayer(  218): setListener
V/StagefrightPlayer(  218): initCheck
V/AwesomePlayer(  218): AwesomePlayer running on behalf of uid 1000
V/AudioSink(  218): AudioOutput(278)
V/AwesomePlayer(  218): setAudioSink
V/AwesomePlayer(  218): reset_l()
V/AwesomePlayer(  218): reset_l() while (mFlags & PREPARING) condition check
V/AwesomePlayer(  218): cancelPlayerEvents (keepNotifications=0)
V/AwesomePlayer(  218): mAudioTrackVector clear
V/AwesomePlayer(  218): reset_l() mAudioPlayer successfully deleted
V/AwesomePlayer(  218): mSecMediaClock clear
I/AwesomePlayer(  218): setDataSource_l(URL suppressed)
V/MediaPlayerService(  218):  setDataSource
V/MediaPlayerService(  218): [105] setParameter(1604)
V/StagefrightPlayer(  218): setParameter(key=1604)
V/AwesomePlayer(  218): setParameter key (1604)
V/AwesomePlayer(  218): Current Contet PID : 218
V/MediaPlayerService(  218): [105] getParameter(1700)
V/MediaPlayer(  218): MediaPlayer::setAudioStreamType
V/MediaPlayer(  218): prepare
V/MediaPlayerService(  218): [105] setAudioStreamType(7)
V/MediaPlayerService(  218): [105] prepareAsync
V/AwesomePlayer(  218): prepareAsync
V/AwesomePlayer(  218): onPrepareAsyncEvent
I/SecMediaClock(  218): SecMediaClock constructor
I/SecMediaClock(  218): reset
V/AwesomePlayer(  218): finishSetDataSource_l
V/MediaExtractor(  218): Autodetected media content as 'application/ogg' with confidence 0.20
V/AwesomePlayer(  218): track of type 'audio/vorbis' does not publish bitrate
V/AwesomePlayer(  218): mBitrate = -1 bits/sec
W/AwesomePlayer(  218): couldn't get userdata - Weather
W/AwesomePlayer(  218): couldn't get userdata - Authorization 
W/AwesomePlayer(  218): couldn't get userdata - SnapShot 
W/AwesomePlayer(  218): couldn't get userdata - SMRD
V/AwesomePlayer(  218): current audio track index (0) is added to vector
V/AwesomePlayer(  218): setDataSource_l: Audio(1), Video(0)
I/AwesomePlayer(  218): AwesomePlayer::setDataSource_l():: This is not a DRM content
V/AwesomePlayer(  218): initAudioDecoder
D/AwesomePlayer(  218): Tunnel Mime Type: audio/vorbis, object alive = 0, mTunnelAliveAP = 0
V/AudioPolicyManagerBase(  218): getNewDevice() selected device 0
I/AudioPolicyManagerBase(  218): ### curdevice : 2
D/AwesomePlayer(  218): initAudioDecoder() curDev : 2, channelCount : 1
D/AwesomePlayer(  218): Normal Audio Playback
I/OMXCodec(  218): OMXCodec::Create mime (audio/vorbis), flags (0), matchComponentName ((null)), createEncoder (0)
I/OMXCodec(  218): Attempting to allocate OMX node 'OMX.google.vorbis.decoder'
I/OMXCodec(  218): Successfully allocated OMX node 'OMX.google.vorbis.decoder'
I/OMXCodec(  218): [OMX.google.vorbis.decoder] OMXCodec::start mState=1
I/OMXCodec(  218): [OMX.google.vorbis.decoder] allocating 4 buffers of size 8192 on input port
I/OMXCodec(  218): [OMX.google.vorbis.decoder] allocating 4 buffers of size 32768 on output port
I/OMXCodec(  218): [OMX.google.vorbis.decoder] Now Idle. Component sends idle done Event 
V/AwesomePlayer(  218): finishAsyncPrepare_l
V/AwesomePlayer(  218): notifyListner_l() msg (5-MEDIA_SET_VIDEO_SIZE), ext1 (0), ext2 (0)
V/MediaPlayerService(  218): [105] notify (0x40c57cf8, 5, 0, 0)
V/MediaPlayer(  218): message received msg=5, ext1=0, ext2=0
V/MediaPlayer(  218): New video size 0 x 0
V/AwesomePlayer(  218): notifyListner_l() msg (1-MEDIA_PREPARED), ext1 (0), ext2 (0)
V/MediaPlayerService(  218): [105] notify (0x40c57cf8, 1, 0, 0)
V/MediaPlayer(  218): message received msg=1, ext1=0, ext2=0
V/MediaPlayer(  218): prepared
V/MediaPlayer(  218): signal application thread
V/MediaPlayer(  218): prepare complete - status=0
V/MediaPlayer(  218): constructor
V/MediaPlayerService(  218): Client(106) constructor
V/MediaPlayerService(  218): Create new client(106) from pid 218, uid 1000, 
I/MediaPlayerFactory(  218): Can`t play mp3 and ogg file on NuPlayer , create Awesomeplayer.
V/MediaPlayerService(  218): player type = 3
V/AwesomePlayer(  218): setDefault
V/AwesomePlayer(  218): constructor
V/AwesomePlayer(  218): setDefault
V/AwesomePlayer(  218): reset_l()
V/AwesomePlayer(  218): reset_l() while (mFlags & PREPARING) condition check
V/AwesomePlayer(  218): cancelPlayerEvents (keepNotifications=0)
V/AwesomePlayer(  218): mAudioTrackVector clear
V/AwesomePlayer(  218): reset_l() mAudioPlayer successfully deleted
V/AwesomePlayer(  218): mSecMediaClock clear
V/StagefrightPlayer(  218): StagefrightPlayer
V/AwesomePlayer(  218): setListener
V/StagefrightPlayer(  218): initCheck
V/AwesomePlayer(  218): AwesomePlayer running on behalf of uid 1000
V/AudioSink(  218): AudioOutput(279)
V/AwesomePlayer(  218): setAudioSink
V/AwesomePlayer(  218): reset_l()
V/AwesomePlayer(  218): reset_l() while (mFlags & PREPARING) condition check
V/AwesomePlayer(  218): cancelPlayerEvents (keepNotifications=0)
V/AwesomePlayer(  218): mAudioTrackVector clear
V/AwesomePlayer(  218): reset_l() mAudioPlayer successfully deleted
V/AwesomePlayer(  218): mSecMediaClock clear
I/AwesomePlayer(  218): setDataSource_l(URL suppressed)
V/MediaPlayerService(  218):  setDataSource
V/MediaPlayerService(  218): [106] setParameter(1604)
V/StagefrightPlayer(  218): setParameter(key=1604)
V/AwesomePlayer(  218): setParameter key (1604)
V/AwesomePlayer(  218): Current Contet PID : 218
V/MediaPlayerService(  218): [106] getParameter(1700)
V/MediaPlayer(  218): MediaPlayer::setAudioStreamType
V/MediaPlayer(  218): prepare
V/MediaPlayerService(  218): [106] setAudioStreamType(7)
V/MediaPlayerService(  218): [106] prepareAsync
V/AwesomePlayer(  218): prepareAsync
V/AwesomePlayer(  218): onPrepareAsyncEvent
I/SecMediaClock(  218): SecMediaClock constructor
I/SecMediaClock(  218): reset
V/AwesomePlayer(  218): finishSetDataSource_l
V/MediaExtractor(  218): Autodetected media content as 'application/ogg' with confidence 0.20
V/AwesomePlayer(  218): track of type 'audio/vorbis' does not publish bitrate
V/AwesomePlayer(  218): mBitrate = -1 bits/sec
W/AwesomePlayer(  218): couldn't get userdata - Weather
W/AwesomePlayer(  218): couldn't get userdata - Authorization 
W/AwesomePlayer(  218): couldn't get userdata - SnapShot 
W/AwesomePlayer(  218): couldn't get userdata - SMRD
V/AwesomePlayer(  218): current audio track index (0) is added to vector
V/AwesomePlayer(  218): setDataSource_l: Audio(1), Video(0)
I/AwesomePlayer(  218): AwesomePlayer::setDataSource_l():: This is not a DRM content
V/AwesomePlayer(  218): initAudioDecoder
D/AwesomePlayer(  218): Tunnel Mime Type: audio/vorbis, object alive = 0, mTunnelAliveAP = 0
V/AudioPolicyManagerBase(  218): getNewDevice() selected device 0
I/AudioPolicyManagerBase(  218): ### curdevice : 2
D/AwesomePlayer(  218): initAudioDecoder() curDev : 2, channelCount : 1
D/AwesomePlayer(  218): Normal Audio Playback
I/OMXCodec(  218): OMXCodec::Create mime (audio/vorbis), flags (0), matchComponentName ((null)), createEncoder (0)
